TimeQuest Timing Analyzer report for g08_lab3
Thu Nov 02 23:51:16 2017
Quartus II 64-Bit Version 13.0.0 Build 156 04/24/2013 SJ Web Edition


---------------------
; Table of Contents ;
---------------------
  1. Legal Notice
  2. TimeQuest Timing Analyzer Summary
  3. Parallel Compilation
  4. Clocks
  5. Slow Model Fmax Summary
  6. Slow Model Setup Summary
  7. Slow Model Hold Summary
  8. Slow Model Recovery Summary
  9. Slow Model Removal Summary
 10. Slow Model Minimum Pulse Width Summary
 11. Slow Model Minimum Pulse Width: 'altera_reserved_tck'
 12. Propagation Delay
 13. Minimum Propagation Delay
 14. Fast Model Setup Summary
 15. Fast Model Hold Summary
 16. Fast Model Recovery Summary
 17. Fast Model Removal Summary
 18. Fast Model Minimum Pulse Width Summary
 19. Fast Model Minimum Pulse Width: 'altera_reserved_tck'
 20. Propagation Delay
 21. Minimum Propagation Delay
 22. Multicorner Timing Analysis Summary
 23. Progagation Delay
 24. Minimum Progagation Delay
 25. Clock Transfers
 26. Report TCCS
 27. Report RSKM
 28. Unconstrained Paths
 29. TimeQuest Timing Analyzer Messages



----------------
; Legal Notice ;
----------------
Copyright (C) 1991-2013 Altera Corporation
Your use of Altera Corporation's design tools, logic functions 
and other software and tools, and its AMPP partner logic 
functions, and any output files from any of the foregoing 
(including device programming or simulation files), and any 
associated documentation or information are expressly subject 
to the terms and conditions of the Altera Program License 
Subscription Agreement, Altera MegaCore Function License 
Agreement, or other applicable license agreement, including, 
without limitation, that your use is for the sole purpose of 
programming logic devices manufactured by Altera and sold by 
Altera or its authorized distributors.  Please refer to the 
applicable agreement for further details.



+-------------------------------------------------------------------------+
; TimeQuest Timing Analyzer Summary                                       ;
+--------------------+----------------------------------------------------+
; Quartus II Version ; Version 13.0.0 Build 156 04/24/2013 SJ Web Edition ;
; Revision Name      ; g08_lab3                                           ;
; Device Family      ; Cyclone II                                         ;
; Device Name        ; EP2C20F484C7                                       ;
; Timing Models      ; Final                                              ;
; Delay Model        ; Combined                                           ;
; Rise/Fall Delays   ; Unavailable                                        ;
+--------------------+----------------------------------------------------+


+------------------------------------------+
; Parallel Compilation                     ;
+----------------------------+-------------+
; Processors                 ; Number      ;
+----------------------------+-------------+
; Number detected on machine ; 4           ;
; Maximum allowed            ; 2           ;
;                            ;             ;
; Average used               ; 1.00        ;
; Maximum used               ; 1           ;
;                            ;             ;
; Usage by Processor         ; % Time Used ;
;     Processor 1            ; 100.0%      ;
;     Processors 2-4         ;   0.0%      ;
+----------------------------+-------------+


+-----------------------------------------------------------------------------------------------------------------------------------------------------------------------------------------------------------+
; Clocks                                                                                                                                                                                                    ;
+---------------------+------+---------+-----------+-------+--------+------------+-----------+-------------+-------+--------+-----------+------------+----------+--------+--------+-------------------------+
; Clock Name          ; Type ; Period  ; Frequency ; Rise  ; Fall   ; Duty Cycle ; Divide by ; Multiply by ; Phase ; Offset ; Edge List ; Edge Shift ; Inverted ; Master ; Source ; Targets                 ;
+---------------------+------+---------+-----------+-------+--------+------------+-----------+-------------+-------+--------+-----------+------------+----------+--------+--------+-------------------------+
; altera_reserved_tck ; Base ; 100.000 ; 10.0 MHz  ; 0.000 ; 50.000 ;            ;           ;             ;       ;        ;           ;            ;          ;        ;        ; { altera_reserved_tck } ;
+---------------------+------+---------+-----------+-------+--------+------------+-----------+-------------+-------+--------+-----------+------------+----------+--------+--------+-------------------------+


---------------------------
; Slow Model Fmax Summary ;
---------------------------
No paths to report.


----------------------------
; Slow Model Setup Summary ;
----------------------------
No paths to report.


---------------------------
; Slow Model Hold Summary ;
---------------------------
No paths to report.


-------------------------------
; Slow Model Recovery Summary ;
-------------------------------
No paths to report.


------------------------------
; Slow Model Removal Summary ;
------------------------------
No paths to report.


+----------------------------------------------+
; Slow Model Minimum Pulse Width Summary       ;
+---------------------+--------+---------------+
; Clock               ; Slack  ; End Point TNS ;
+---------------------+--------+---------------+
; altera_reserved_tck ; 97.531 ; 0.000         ;
+---------------------+--------+---------------+


+-------------------------------------------------------------------------------------------------------------+
; Slow Model Minimum Pulse Width: 'altera_reserved_tck'                                                       ;
+--------+--------------+----------------+-----------+---------------------+------------+---------------------+
; Slack  ; Actual Width ; Required Width ; Type      ; Clock               ; Clock Edge ; Target              ;
+--------+--------------+----------------+-----------+---------------------+------------+---------------------+
; 97.531 ; 100.000      ; 2.469          ; Port Rate ; altera_reserved_tck ; Rise       ; altera_reserved_tck ;
+--------+--------------+----------------+-----------+---------------------+------------+---------------------+


+--------------------------------------------------------------+
; Propagation Delay                                            ;
+------------+-------------+--------+--------+--------+--------+
; Input Port ; Output Port ; RR     ; RF     ; FR     ; FF     ;
+------------+-------------+--------+--------+--------+--------+
; ADDR[0]    ; ADDR_L0     ; 5.395  ;        ;        ; 5.395  ;
; ADDR[0]    ; SEG_1[0]    ; 18.629 ; 18.629 ; 18.629 ; 18.629 ;
; ADDR[0]    ; SEG_1[1]    ; 18.244 ; 18.244 ; 18.244 ; 18.244 ;
; ADDR[0]    ; SEG_1[2]    ; 18.246 ; 18.246 ; 18.246 ; 18.246 ;
; ADDR[0]    ; SEG_1[3]    ; 18.260 ; 18.260 ; 18.260 ; 18.260 ;
; ADDR[0]    ; SEG_1[4]    ; 18.257 ; 18.257 ; 18.257 ; 18.257 ;
; ADDR[0]    ; SEG_1[5]    ; 18.629 ; 18.629 ; 18.629 ; 18.629 ;
; ADDR[0]    ; SEG_1[6]    ; 18.492 ; 18.492 ; 18.492 ; 18.492 ;
; ADDR[0]    ; SEG_2[0]    ; 21.815 ; 21.815 ; 21.815 ; 21.815 ;
; ADDR[0]    ; SEG_2[1]    ; 21.740 ; 21.740 ; 21.740 ; 21.740 ;
; ADDR[0]    ; SEG_2[2]    ; 21.688 ; 21.688 ; 21.688 ; 21.688 ;
; ADDR[0]    ; SEG_2[3]    ; 22.831 ; 22.831 ; 22.831 ; 22.831 ;
; ADDR[0]    ; SEG_2[4]    ; 21.470 ; 21.470 ; 21.470 ; 21.470 ;
; ADDR[0]    ; SEG_2[5]    ; 21.482 ; 21.482 ; 21.482 ; 21.482 ;
; ADDR[0]    ; SEG_2[6]    ; 21.434 ; 21.434 ; 21.434 ; 21.434 ;
; ADDR[0]    ; VALUE[0]    ; 12.438 ; 12.438 ; 12.438 ; 12.438 ;
; ADDR[0]    ; VALUE[1]    ; 12.196 ; 12.196 ; 12.196 ; 12.196 ;
; ADDR[0]    ; VALUE[2]    ; 12.970 ; 12.970 ; 12.970 ; 12.970 ;
; ADDR[0]    ; VALUE[3]    ; 13.469 ; 12.776 ; 12.776 ; 13.469 ;
; ADDR[0]    ; VALUE[4]    ; 14.397 ; 14.397 ; 14.397 ; 14.397 ;
; ADDR[0]    ; VALUE[5]    ; 14.673 ; 14.673 ; 14.673 ; 14.673 ;
; ADDR[1]    ; ADDR_L1     ; 5.817  ;        ;        ; 5.817  ;
; ADDR[1]    ; SEG_1[0]    ; 19.998 ; 19.998 ; 19.998 ; 19.998 ;
; ADDR[1]    ; SEG_1[1]    ; 19.613 ; 19.613 ; 19.613 ; 19.613 ;
; ADDR[1]    ; SEG_1[2]    ; 19.615 ; 19.615 ; 19.615 ; 19.615 ;
; ADDR[1]    ; SEG_1[3]    ; 19.629 ; 19.629 ; 19.629 ; 19.629 ;
; ADDR[1]    ; SEG_1[4]    ; 19.626 ; 19.626 ; 19.626 ; 19.626 ;
; ADDR[1]    ; SEG_1[5]    ; 19.998 ; 19.998 ; 19.998 ; 19.998 ;
; ADDR[1]    ; SEG_1[6]    ; 19.861 ; 19.861 ; 19.861 ; 19.861 ;
; ADDR[1]    ; SEG_2[0]    ; 23.184 ; 23.184 ; 23.184 ; 23.184 ;
; ADDR[1]    ; SEG_2[1]    ; 23.109 ; 23.109 ; 23.109 ; 23.109 ;
; ADDR[1]    ; SEG_2[2]    ; 23.057 ; 23.057 ; 23.057 ; 23.057 ;
; ADDR[1]    ; SEG_2[3]    ; 24.200 ; 24.200 ; 24.200 ; 24.200 ;
; ADDR[1]    ; SEG_2[4]    ; 22.839 ; 22.839 ; 22.839 ; 22.839 ;
; ADDR[1]    ; SEG_2[5]    ; 22.851 ; 22.851 ; 22.851 ; 22.851 ;
; ADDR[1]    ; SEG_2[6]    ; 22.803 ; 22.803 ; 22.803 ; 22.803 ;
; ADDR[1]    ; VALUE[0]    ; 13.089 ; 13.089 ; 13.089 ; 13.089 ;
; ADDR[1]    ; VALUE[1]    ; 14.304 ; 14.304 ; 14.304 ; 14.304 ;
; ADDR[1]    ; VALUE[2]    ; 14.092 ; 14.092 ; 14.092 ; 14.092 ;
; ADDR[1]    ; VALUE[3]    ; 14.100 ; 14.100 ; 14.100 ; 14.100 ;
; ADDR[1]    ; VALUE[4]    ; 15.444 ; 15.444 ; 15.444 ; 15.444 ;
; ADDR[1]    ; VALUE[5]    ; 15.518 ; 15.518 ; 15.518 ; 15.518 ;
; ADDR[2]    ; ADDR_L2     ; 5.305  ;        ;        ; 5.305  ;
; ADDR[2]    ; SEG_1[0]    ; 19.058 ; 19.058 ; 19.058 ; 19.058 ;
; ADDR[2]    ; SEG_1[1]    ; 18.673 ; 18.673 ; 18.673 ; 18.673 ;
; ADDR[2]    ; SEG_1[2]    ; 18.675 ; 18.675 ; 18.675 ; 18.675 ;
; ADDR[2]    ; SEG_1[3]    ; 18.689 ; 18.689 ; 18.689 ; 18.689 ;
; ADDR[2]    ; SEG_1[4]    ; 18.686 ; 18.686 ; 18.686 ; 18.686 ;
; ADDR[2]    ; SEG_1[5]    ; 19.058 ; 19.058 ; 19.058 ; 19.058 ;
; ADDR[2]    ; SEG_1[6]    ; 18.921 ; 18.921 ; 18.921 ; 18.921 ;
; ADDR[2]    ; SEG_2[0]    ; 22.244 ; 22.244 ; 22.244 ; 22.244 ;
; ADDR[2]    ; SEG_2[1]    ; 22.169 ; 22.169 ; 22.169 ; 22.169 ;
; ADDR[2]    ; SEG_2[2]    ; 22.117 ; 22.117 ; 22.117 ; 22.117 ;
; ADDR[2]    ; SEG_2[3]    ; 23.260 ; 23.260 ; 23.260 ; 23.260 ;
; ADDR[2]    ; SEG_2[4]    ; 21.899 ; 21.899 ; 21.899 ; 21.899 ;
; ADDR[2]    ; SEG_2[5]    ; 21.911 ; 21.911 ; 21.911 ; 21.911 ;
; ADDR[2]    ; SEG_2[6]    ; 21.863 ; 21.863 ; 21.863 ; 21.863 ;
; ADDR[2]    ; VALUE[0]    ; 12.118 ; 12.036 ; 12.036 ; 12.118 ;
; ADDR[2]    ; VALUE[1]    ; 12.162 ; 11.442 ; 11.442 ; 12.162 ;
; ADDR[2]    ; VALUE[2]    ; 13.597 ; 13.435 ; 13.435 ; 13.597 ;
; ADDR[2]    ; VALUE[3]    ; 13.799 ; 12.900 ; 12.900 ; 13.799 ;
; ADDR[2]    ; VALUE[4]    ; 14.826 ; 14.826 ; 14.826 ; 14.826 ;
; ADDR[2]    ; VALUE[5]    ; 14.426 ; 13.952 ; 13.952 ; 14.426 ;
; ADDR[3]    ; ADDR_L3     ; 5.161  ;        ;        ; 5.161  ;
; ADDR[3]    ; SEG_1[0]    ; 19.024 ; 19.024 ; 19.024 ; 19.024 ;
; ADDR[3]    ; SEG_1[1]    ; 18.639 ; 18.639 ; 18.639 ; 18.639 ;
; ADDR[3]    ; SEG_1[2]    ; 18.641 ; 18.641 ; 18.641 ; 18.641 ;
; ADDR[3]    ; SEG_1[3]    ; 18.655 ; 18.655 ; 18.655 ; 18.655 ;
; ADDR[3]    ; SEG_1[4]    ; 18.652 ; 18.652 ; 18.652 ; 18.652 ;
; ADDR[3]    ; SEG_1[5]    ; 19.024 ; 19.024 ; 19.024 ; 19.024 ;
; ADDR[3]    ; SEG_1[6]    ; 18.887 ; 18.887 ; 18.887 ; 18.887 ;
; ADDR[3]    ; SEG_2[0]    ; 22.210 ; 22.210 ; 22.210 ; 22.210 ;
; ADDR[3]    ; SEG_2[1]    ; 22.135 ; 22.135 ; 22.135 ; 22.135 ;
; ADDR[3]    ; SEG_2[2]    ; 22.083 ; 22.083 ; 22.083 ; 22.083 ;
; ADDR[3]    ; SEG_2[3]    ; 23.226 ; 23.226 ; 23.226 ; 23.226 ;
; ADDR[3]    ; SEG_2[4]    ; 21.865 ; 21.865 ; 21.865 ; 21.865 ;
; ADDR[3]    ; SEG_2[5]    ; 21.877 ; 21.877 ; 21.877 ; 21.877 ;
; ADDR[3]    ; SEG_2[6]    ; 21.829 ; 21.829 ; 21.829 ; 21.829 ;
; ADDR[3]    ; VALUE[0]    ; 11.743 ; 11.743 ; 11.743 ; 11.743 ;
; ADDR[3]    ; VALUE[1]    ; 11.408 ; 11.408 ; 11.408 ; 11.408 ;
; ADDR[3]    ; VALUE[2]    ; 12.379 ; 12.379 ; 12.379 ; 12.379 ;
; ADDR[3]    ; VALUE[3]    ; 12.837 ; 12.837 ; 12.837 ; 12.837 ;
; ADDR[3]    ; VALUE[4]    ; 14.792 ; 14.792 ; 14.792 ; 14.792 ;
; ADDR[3]    ; VALUE[5]    ; 13.138 ; 13.171 ; 13.171 ; 13.138 ;
; ADDR[4]    ; ADDR_L4     ; 6.465  ;        ;        ; 6.465  ;
; ADDR[4]    ; SEG_1[0]    ; 17.385 ; 17.385 ; 17.385 ; 17.385 ;
; ADDR[4]    ; SEG_1[1]    ; 17.000 ; 17.000 ; 17.000 ; 17.000 ;
; ADDR[4]    ; SEG_1[2]    ; 17.002 ; 17.002 ; 17.002 ; 17.002 ;
; ADDR[4]    ; SEG_1[3]    ; 17.016 ; 17.016 ; 17.016 ; 17.016 ;
; ADDR[4]    ; SEG_1[4]    ; 17.013 ; 17.013 ; 17.013 ; 17.013 ;
; ADDR[4]    ; SEG_1[5]    ; 17.385 ; 17.385 ; 17.385 ; 17.385 ;
; ADDR[4]    ; SEG_1[6]    ; 17.248 ; 17.248 ; 17.248 ; 17.248 ;
; ADDR[4]    ; SEG_2[0]    ; 20.571 ; 20.571 ; 20.571 ; 20.571 ;
; ADDR[4]    ; SEG_2[1]    ; 20.496 ; 20.496 ; 20.496 ; 20.496 ;
; ADDR[4]    ; SEG_2[2]    ; 20.444 ; 20.444 ; 20.444 ; 20.444 ;
; ADDR[4]    ; SEG_2[3]    ; 21.587 ; 21.587 ; 21.587 ; 21.587 ;
; ADDR[4]    ; SEG_2[4]    ; 20.226 ; 20.226 ; 20.226 ; 20.226 ;
; ADDR[4]    ; SEG_2[5]    ; 20.238 ; 20.238 ; 20.238 ; 20.238 ;
; ADDR[4]    ; SEG_2[6]    ; 20.190 ; 20.190 ; 20.190 ; 20.190 ;
; ADDR[4]    ; VALUE[0]    ; 10.148 ; 10.148 ; 10.148 ; 10.148 ;
; ADDR[4]    ; VALUE[1]    ; 9.766  ; 9.766  ; 9.766  ; 9.766  ;
; ADDR[4]    ; VALUE[2]    ; 10.946 ; 11.521 ; 11.521 ; 10.946 ;
; ADDR[4]    ; VALUE[3]    ; 11.199 ; 11.469 ; 11.469 ; 11.199 ;
; ADDR[4]    ; VALUE[4]    ; 13.153 ; 13.153 ; 13.153 ; 13.153 ;
; ADDR[4]    ; VALUE[5]    ; 12.021 ; 13.112 ; 13.112 ; 12.021 ;
; ADDR[5]    ; ADDR_L5     ; 6.687  ;        ;        ; 6.687  ;
; ADDR[5]    ; SEG_1[0]    ; 17.892 ; 17.892 ; 17.892 ; 17.892 ;
; ADDR[5]    ; SEG_1[1]    ; 17.507 ; 17.507 ; 17.507 ; 17.507 ;
; ADDR[5]    ; SEG_1[2]    ; 17.509 ; 17.509 ; 17.509 ; 17.509 ;
; ADDR[5]    ; SEG_1[3]    ; 17.523 ; 17.523 ; 17.523 ; 17.523 ;
; ADDR[5]    ; SEG_1[4]    ; 17.520 ; 17.520 ; 17.520 ; 17.520 ;
; ADDR[5]    ; SEG_1[5]    ; 17.892 ; 17.892 ; 17.892 ; 17.892 ;
; ADDR[5]    ; SEG_1[6]    ; 17.755 ; 17.755 ; 17.755 ; 17.755 ;
; ADDR[5]    ; SEG_2[0]    ; 21.078 ; 21.078 ; 21.078 ; 21.078 ;
; ADDR[5]    ; SEG_2[1]    ; 21.003 ; 21.003 ; 21.003 ; 21.003 ;
; ADDR[5]    ; SEG_2[2]    ; 20.951 ; 20.951 ; 20.951 ; 20.951 ;
; ADDR[5]    ; SEG_2[3]    ; 22.094 ; 22.094 ; 22.094 ; 22.094 ;
; ADDR[5]    ; SEG_2[4]    ; 20.733 ; 20.733 ; 20.733 ; 20.733 ;
; ADDR[5]    ; SEG_2[5]    ; 20.745 ; 20.745 ; 20.745 ; 20.745 ;
; ADDR[5]    ; SEG_2[6]    ; 20.697 ; 20.697 ; 20.697 ; 20.697 ;
; ADDR[5]    ; VALUE[0]    ; 11.658 ; 11.658 ; 11.658 ; 11.658 ;
; ADDR[5]    ; VALUE[1]    ; 10.382 ; 10.382 ; 10.382 ; 10.382 ;
; ADDR[5]    ; VALUE[2]    ; 12.233 ; 12.233 ; 12.233 ; 12.233 ;
; ADDR[5]    ; VALUE[3]    ; 12.203 ; 12.203 ; 12.203 ; 12.203 ;
; ADDR[5]    ; VALUE[4]    ; 13.660 ; 13.660 ; 13.660 ; 13.660 ;
; ADDR[5]    ; VALUE[5]    ; 11.870 ; 13.021 ; 13.021 ; 11.870 ;
; MODE[0]    ; MODE_L0     ; 4.635  ;        ;        ; 4.635  ;
; MODE[1]    ; MODE_L1     ; 4.978  ;        ;        ; 4.978  ;
; NUMMODE    ; NUMMODE_L   ; 6.359  ;        ;        ; 6.359  ;
; NUMMODE    ; SEG_1[0]    ; 6.568  ; 6.568  ; 6.568  ; 6.568  ;
; NUMMODE    ; SEG_1[1]    ; 6.151  ;        ;        ; 6.151  ;
; NUMMODE    ; SEG_1[2]    ; 6.185  ; 6.185  ; 6.185  ; 6.185  ;
; NUMMODE    ; SEG_1[3]    ; 6.199  ; 6.199  ; 6.199  ; 6.199  ;
; NUMMODE    ; SEG_1[4]    ; 6.198  ; 6.198  ; 6.198  ; 6.198  ;
; NUMMODE    ; SEG_1[5]    ;        ; 6.569  ; 6.569  ;        ;
; NUMMODE    ; SEG_1[6]    ;        ; 6.352  ; 6.352  ;        ;
; NUMMODE    ; SEG_2[0]    ; 7.333  ; 7.333  ; 7.333  ; 7.333  ;
; NUMMODE    ; SEG_2[1]    ; 7.183  ; 7.183  ; 7.183  ; 7.183  ;
; NUMMODE    ; SEG_2[2]    ; 7.210  ; 7.210  ; 7.210  ; 7.210  ;
; NUMMODE    ; SEG_2[3]    ; 6.971  ; 6.971  ; 6.971  ; 6.971  ;
; NUMMODE    ; SEG_2[4]    ; 7.005  ; 7.005  ; 7.005  ; 7.005  ;
; NUMMODE    ; SEG_2[5]    ; 7.003  ; 7.003  ; 7.003  ; 7.003  ;
; NUMMODE    ; SEG_2[6]    ; 6.979  ; 6.979  ; 6.979  ; 6.979  ;
+------------+-------------+--------+--------+--------+--------+


+--------------------------------------------------------------+
; Minimum Propagation Delay                                    ;
+------------+-------------+--------+--------+--------+--------+
; Input Port ; Output Port ; RR     ; RF     ; FR     ; FF     ;
+------------+-------------+--------+--------+--------+--------+
; ADDR[0]    ; ADDR_L0     ; 5.395  ;        ;        ; 5.395  ;
; ADDR[0]    ; SEG_1[0]    ; 12.619 ; 12.619 ; 12.619 ; 12.619 ;
; ADDR[0]    ; SEG_1[1]    ; 12.394 ; 12.234 ; 12.234 ; 12.394 ;
; ADDR[0]    ; SEG_1[2]    ; 12.236 ; 12.236 ; 12.236 ; 12.236 ;
; ADDR[0]    ; SEG_1[3]    ; 12.250 ; 12.250 ; 12.250 ; 12.250 ;
; ADDR[0]    ; SEG_1[4]    ; 12.247 ; 12.247 ; 12.247 ; 12.247 ;
; ADDR[0]    ; SEG_1[5]    ; 12.619 ; 12.619 ; 12.619 ; 12.619 ;
; ADDR[0]    ; SEG_1[6]    ; 12.482 ; 12.652 ; 12.652 ; 12.482 ;
; ADDR[0]    ; SEG_2[0]    ; 12.714 ; 12.714 ; 12.714 ; 12.714 ;
; ADDR[0]    ; SEG_2[1]    ; 12.353 ; 12.353 ; 12.353 ; 12.353 ;
; ADDR[0]    ; SEG_2[2]    ; 12.875 ; 12.875 ; 12.875 ; 12.875 ;
; ADDR[0]    ; SEG_2[3]    ; 12.998 ; 12.998 ; 12.998 ; 12.998 ;
; ADDR[0]    ; SEG_2[4]    ; 12.390 ; 12.390 ; 12.390 ; 12.390 ;
; ADDR[0]    ; SEG_2[5]    ; 12.665 ; 12.665 ; 12.665 ; 12.665 ;
; ADDR[0]    ; SEG_2[6]    ; 12.398 ; 12.398 ; 12.398 ; 12.398 ;
; ADDR[0]    ; VALUE[0]    ; 10.427 ; 10.212 ; 10.212 ; 10.427 ;
; ADDR[0]    ; VALUE[1]    ; 9.648  ; 9.648  ; 9.648  ; 9.648  ;
; ADDR[0]    ; VALUE[2]    ; 10.711 ; 10.711 ; 10.711 ; 10.711 ;
; ADDR[0]    ; VALUE[3]    ; 11.056 ; 10.652 ; 10.652 ; 11.056 ;
; ADDR[0]    ; VALUE[4]    ; 10.568 ; 10.568 ; 10.568 ; 10.568 ;
; ADDR[0]    ; VALUE[5]    ; 12.457 ; 12.457 ; 12.457 ; 12.457 ;
; ADDR[1]    ; ADDR_L1     ; 5.817  ;        ;        ; 5.817  ;
; ADDR[1]    ; SEG_1[0]    ; 13.393 ; 13.393 ; 13.393 ; 13.393 ;
; ADDR[1]    ; SEG_1[1]    ; 13.008 ; 13.008 ; 13.008 ; 13.008 ;
; ADDR[1]    ; SEG_1[2]    ; 13.010 ; 13.010 ; 13.010 ; 13.010 ;
; ADDR[1]    ; SEG_1[3]    ; 13.024 ; 13.024 ; 13.024 ; 13.024 ;
; ADDR[1]    ; SEG_1[4]    ; 13.021 ; 13.021 ; 13.021 ; 13.021 ;
; ADDR[1]    ; SEG_1[5]    ; 13.393 ; 13.393 ; 13.393 ; 13.393 ;
; ADDR[1]    ; SEG_1[6]    ; 13.256 ; 13.256 ; 13.256 ; 13.256 ;
; ADDR[1]    ; SEG_2[0]    ; 13.485 ; 13.485 ; 13.485 ; 13.485 ;
; ADDR[1]    ; SEG_2[1]    ; 13.124 ; 13.124 ; 13.124 ; 13.124 ;
; ADDR[1]    ; SEG_2[2]    ; 13.634 ; 13.634 ; 13.634 ; 13.634 ;
; ADDR[1]    ; SEG_2[3]    ; 13.750 ; 13.750 ; 13.750 ; 13.750 ;
; ADDR[1]    ; SEG_2[4]    ; 13.161 ; 13.161 ; 13.161 ; 13.161 ;
; ADDR[1]    ; SEG_2[5]    ; 13.436 ; 13.436 ; 13.436 ; 13.436 ;
; ADDR[1]    ; SEG_2[6]    ; 13.169 ; 13.169 ; 13.169 ; 13.169 ;
; ADDR[1]    ; VALUE[0]    ; 10.681 ; 10.681 ; 10.681 ; 10.681 ;
; ADDR[1]    ; VALUE[1]    ; 10.798 ; 10.741 ; 10.741 ; 10.798 ;
; ADDR[1]    ; VALUE[2]    ; 11.463 ; 11.463 ; 11.463 ; 11.463 ;
; ADDR[1]    ; VALUE[3]    ; 11.423 ; 11.423 ; 11.423 ; 11.423 ;
; ADDR[1]    ; VALUE[4]    ; 11.695 ; 11.695 ; 11.695 ; 11.695 ;
; ADDR[1]    ; VALUE[5]    ; 13.278 ; 13.272 ; 13.272 ; 13.278 ;
; ADDR[2]    ; ADDR_L2     ; 5.305  ;        ;        ; 5.305  ;
; ADDR[2]    ; SEG_1[0]    ; 12.493 ; 12.493 ; 12.493 ; 12.493 ;
; ADDR[2]    ; SEG_1[1]    ; 12.736 ; 12.108 ; 12.108 ; 12.736 ;
; ADDR[2]    ; SEG_1[2]    ; 12.110 ; 12.110 ; 12.110 ; 12.110 ;
; ADDR[2]    ; SEG_1[3]    ; 12.124 ; 12.124 ; 12.124 ; 12.124 ;
; ADDR[2]    ; SEG_1[4]    ; 12.121 ; 12.121 ; 12.121 ; 12.121 ;
; ADDR[2]    ; SEG_1[5]    ; 12.493 ; 12.493 ; 12.493 ; 12.493 ;
; ADDR[2]    ; SEG_1[6]    ; 12.356 ; 12.994 ; 12.994 ; 12.356 ;
; ADDR[2]    ; SEG_2[0]    ; 12.585 ; 12.585 ; 12.585 ; 12.585 ;
; ADDR[2]    ; SEG_2[1]    ; 12.224 ; 12.224 ; 12.224 ; 12.224 ;
; ADDR[2]    ; SEG_2[2]    ; 12.737 ; 12.737 ; 12.737 ; 12.737 ;
; ADDR[2]    ; SEG_2[3]    ; 12.853 ; 12.853 ; 12.853 ; 12.853 ;
; ADDR[2]    ; SEG_2[4]    ; 12.261 ; 12.261 ; 12.261 ; 12.261 ;
; ADDR[2]    ; SEG_2[5]    ; 12.536 ; 12.536 ; 12.536 ; 12.536 ;
; ADDR[2]    ; SEG_2[6]    ; 12.269 ; 12.269 ; 12.269 ; 12.269 ;
; ADDR[2]    ; VALUE[0]    ; 10.815 ; 9.808  ; 9.808  ; 10.815 ;
; ADDR[2]    ; VALUE[1]    ; 9.958  ; 9.522  ; 9.522  ; 9.958  ;
; ADDR[2]    ; VALUE[2]    ; 11.365 ; 10.566 ; 10.566 ; 11.365 ;
; ADDR[2]    ; VALUE[3]    ; 11.670 ; 10.523 ; 10.523 ; 11.670 ;
; ADDR[2]    ; VALUE[4]    ; 10.910 ; 10.474 ; 10.474 ; 10.910 ;
; ADDR[2]    ; VALUE[5]    ; 13.195 ; 12.587 ; 12.587 ; 13.195 ;
; ADDR[3]    ; ADDR_L3     ; 5.161  ;        ;        ; 5.161  ;
; ADDR[3]    ; SEG_1[0]    ; 12.895 ; 12.895 ; 12.895 ; 12.895 ;
; ADDR[3]    ; SEG_1[1]    ; 12.510 ; 12.963 ; 12.963 ; 12.510 ;
; ADDR[3]    ; SEG_1[2]    ; 12.512 ; 12.512 ; 12.512 ; 12.512 ;
; ADDR[3]    ; SEG_1[3]    ; 12.526 ; 12.526 ; 12.526 ; 12.526 ;
; ADDR[3]    ; SEG_1[4]    ; 12.524 ; 12.524 ; 12.524 ; 12.524 ;
; ADDR[3]    ; SEG_1[5]    ; 12.895 ; 12.895 ; 12.895 ; 12.895 ;
; ADDR[3]    ; SEG_1[6]    ; 13.164 ; 12.768 ; 12.768 ; 13.164 ;
; ADDR[3]    ; SEG_2[0]    ; 13.272 ; 13.272 ; 13.272 ; 13.272 ;
; ADDR[3]    ; SEG_2[1]    ; 12.810 ; 12.810 ; 12.810 ; 12.810 ;
; ADDR[3]    ; SEG_2[2]    ; 13.242 ; 13.242 ; 13.242 ; 13.242 ;
; ADDR[3]    ; SEG_2[3]    ; 13.358 ; 13.358 ; 13.358 ; 13.358 ;
; ADDR[3]    ; SEG_2[4]    ; 12.948 ; 12.948 ; 12.948 ; 12.948 ;
; ADDR[3]    ; SEG_2[5]    ; 13.223 ; 13.223 ; 13.223 ; 13.223 ;
; ADDR[3]    ; SEG_2[6]    ; 12.956 ; 12.956 ; 12.956 ; 12.956 ;
; ADDR[3]    ; VALUE[0]    ; 9.990  ; 9.994  ; 9.994  ; 9.990  ;
; ADDR[3]    ; VALUE[1]    ; 9.492  ; 9.699  ; 9.699  ; 9.492  ;
; ADDR[3]    ; VALUE[2]    ; 11.071 ; 11.372 ; 11.372 ; 11.071 ;
; ADDR[3]    ; VALUE[3]    ; 11.210 ; 11.584 ; 11.584 ; 11.210 ;
; ADDR[3]    ; VALUE[4]    ; 10.684 ; 11.205 ; 11.205 ; 10.684 ;
; ADDR[3]    ; VALUE[5]    ; 12.076 ; 12.167 ; 12.167 ; 12.076 ;
; ADDR[4]    ; ADDR_L4     ; 6.465  ;        ;        ; 6.465  ;
; ADDR[4]    ; SEG_1[0]    ; 11.563 ; 11.563 ; 11.563 ; 11.563 ;
; ADDR[4]    ; SEG_1[1]    ; 11.657 ; 11.178 ; 11.178 ; 11.657 ;
; ADDR[4]    ; SEG_1[2]    ; 11.180 ; 11.180 ; 11.180 ; 11.180 ;
; ADDR[4]    ; SEG_1[3]    ; 11.194 ; 11.194 ; 11.194 ; 11.194 ;
; ADDR[4]    ; SEG_1[4]    ; 11.192 ; 11.192 ; 11.192 ; 11.192 ;
; ADDR[4]    ; SEG_1[5]    ; 11.563 ; 11.563 ; 11.563 ; 11.563 ;
; ADDR[4]    ; SEG_1[6]    ; 11.436 ; 11.915 ; 11.915 ; 11.436 ;
; ADDR[4]    ; SEG_2[0]    ; 12.216 ; 12.216 ; 12.216 ; 12.216 ;
; ADDR[4]    ; SEG_2[1]    ; 11.661 ; 11.661 ; 11.661 ; 11.661 ;
; ADDR[4]    ; SEG_2[2]    ; 11.924 ; 11.924 ; 11.924 ; 11.924 ;
; ADDR[4]    ; SEG_2[3]    ; 12.040 ; 12.040 ; 12.040 ; 12.040 ;
; ADDR[4]    ; SEG_2[4]    ; 11.892 ; 11.892 ; 11.892 ; 11.892 ;
; ADDR[4]    ; SEG_2[5]    ; 12.167 ; 12.167 ; 12.167 ; 12.167 ;
; ADDR[4]    ; SEG_2[6]    ; 11.900 ; 11.900 ; 11.900 ; 11.900 ;
; ADDR[4]    ; VALUE[0]    ; 9.141  ; 8.841  ; 8.841  ; 9.141  ;
; ADDR[4]    ; VALUE[1]    ; 8.343  ; 8.547  ; 8.547  ; 8.343  ;
; ADDR[4]    ; VALUE[2]    ; 9.753  ; 10.779 ; 10.779 ; 9.753  ;
; ADDR[4]    ; VALUE[3]    ; 10.154 ; 10.737 ; 10.737 ; 10.154 ;
; ADDR[4]    ; VALUE[4]    ; 9.831  ; 9.352  ; 9.352  ; 9.831  ;
; ADDR[4]    ; VALUE[5]    ; 11.825 ; 11.480 ; 11.480 ; 11.825 ;
; ADDR[5]    ; ADDR_L5     ; 6.687  ;        ;        ; 6.687  ;
; ADDR[5]    ; SEG_1[0]    ; 12.003 ; 12.003 ; 12.003 ; 12.003 ;
; ADDR[5]    ; SEG_1[1]    ; 12.666 ; 11.618 ; 11.618 ; 12.666 ;
; ADDR[5]    ; SEG_1[2]    ; 11.620 ; 11.620 ; 11.620 ; 11.620 ;
; ADDR[5]    ; SEG_1[3]    ; 11.634 ; 11.634 ; 11.634 ; 11.634 ;
; ADDR[5]    ; SEG_1[4]    ; 11.632 ; 11.632 ; 11.632 ; 11.632 ;
; ADDR[5]    ; SEG_1[5]    ; 12.003 ; 12.003 ; 12.003 ; 12.003 ;
; ADDR[5]    ; SEG_1[6]    ; 11.876 ; 12.867 ; 12.867 ; 11.876 ;
; ADDR[5]    ; SEG_2[0]    ; 13.400 ; 13.400 ; 13.400 ; 13.400 ;
; ADDR[5]    ; SEG_2[1]    ; 12.449 ; 12.449 ; 12.449 ; 12.449 ;
; ADDR[5]    ; SEG_2[2]    ; 13.310 ; 13.310 ; 13.310 ; 13.310 ;
; ADDR[5]    ; SEG_2[3]    ; 13.223 ; 13.223 ; 13.223 ; 13.223 ;
; ADDR[5]    ; SEG_2[4]    ; 12.899 ; 12.899 ; 12.899 ; 12.899 ;
; ADDR[5]    ; SEG_2[5]    ; 12.871 ; 12.871 ; 12.871 ; 12.871 ;
; ADDR[5]    ; SEG_2[6]    ; 12.896 ; 12.896 ; 12.896 ; 12.896 ;
; ADDR[5]    ; VALUE[0]    ; 10.498 ; 9.865  ; 9.865  ; 10.498 ;
; ADDR[5]    ; VALUE[1]    ; 9.393  ; 9.393  ; 9.393  ; 9.393  ;
; ADDR[5]    ; VALUE[2]    ; 11.266 ; 11.266 ; 11.266 ; 11.266 ;
; ADDR[5]    ; VALUE[3]    ; 11.478 ; 11.378 ; 11.378 ; 11.478 ;
; ADDR[5]    ; VALUE[4]    ; 13.029 ; 9.792  ; 9.792  ; 13.029 ;
; ADDR[5]    ; VALUE[5]    ; 11.870 ; 11.870 ; 11.870 ; 11.870 ;
; MODE[0]    ; MODE_L0     ; 4.635  ;        ;        ; 4.635  ;
; MODE[1]    ; MODE_L1     ; 4.978  ;        ;        ; 4.978  ;
; NUMMODE    ; NUMMODE_L   ; 6.359  ;        ;        ; 6.359  ;
; NUMMODE    ; SEG_1[0]    ; 6.568  ; 6.568  ; 6.568  ; 6.568  ;
; NUMMODE    ; SEG_1[1]    ; 6.151  ;        ;        ; 6.151  ;
; NUMMODE    ; SEG_1[2]    ; 6.185  ; 6.185  ; 6.185  ; 6.185  ;
; NUMMODE    ; SEG_1[3]    ; 6.199  ; 6.199  ; 6.199  ; 6.199  ;
; NUMMODE    ; SEG_1[4]    ; 6.198  ; 6.198  ; 6.198  ; 6.198  ;
; NUMMODE    ; SEG_1[5]    ;        ; 6.569  ; 6.569  ;        ;
; NUMMODE    ; SEG_1[6]    ;        ; 6.352  ; 6.352  ;        ;
; NUMMODE    ; SEG_2[0]    ; 7.319  ; 7.333  ; 7.333  ; 7.319  ;
; NUMMODE    ; SEG_2[1]    ; 7.183  ; 7.183  ; 7.183  ; 7.183  ;
; NUMMODE    ; SEG_2[2]    ; 7.210  ; 7.210  ; 7.210  ; 7.210  ;
; NUMMODE    ; SEG_2[3]    ; 6.739  ; 6.739  ; 6.739  ; 6.739  ;
; NUMMODE    ; SEG_2[4]    ; 6.816  ; 6.816  ; 6.816  ; 6.816  ;
; NUMMODE    ; SEG_2[5]    ; 6.190  ; 7.003  ; 7.003  ; 6.190  ;
; NUMMODE    ; SEG_2[6]    ; 6.805  ; 6.805  ; 6.805  ; 6.805  ;
+------------+-------------+--------+--------+--------+--------+


----------------------------
; Fast Model Setup Summary ;
----------------------------
No paths to report.


---------------------------
; Fast Model Hold Summary ;
---------------------------
No paths to report.


-------------------------------
; Fast Model Recovery Summary ;
-------------------------------
No paths to report.


------------------------------
; Fast Model Removal Summary ;
------------------------------
No paths to report.


+----------------------------------------------+
; Fast Model Minimum Pulse Width Summary       ;
+---------------------+--------+---------------+
; Clock               ; Slack  ; End Point TNS ;
+---------------------+--------+---------------+
; altera_reserved_tck ; 97.778 ; 0.000         ;
+---------------------+--------+---------------+


+-------------------------------------------------------------------------------------------------------------+
; Fast Model Minimum Pulse Width: 'altera_reserved_tck'                                                       ;
+--------+--------------+----------------+-----------+---------------------+------------+---------------------+
; Slack  ; Actual Width ; Required Width ; Type      ; Clock               ; Clock Edge ; Target              ;
+--------+--------------+----------------+-----------+---------------------+------------+---------------------+
; 97.778 ; 100.000      ; 2.222          ; Port Rate ; altera_reserved_tck ; Rise       ; altera_reserved_tck ;
+--------+--------------+----------------+-----------+---------------------+------------+---------------------+


+----------------------------------------------------------+
; Propagation Delay                                        ;
+------------+-------------+-------+-------+-------+-------+
; Input Port ; Output Port ; RR    ; RF    ; FR    ; FF    ;
+------------+-------------+-------+-------+-------+-------+
; ADDR[0]    ; ADDR_L0     ; 2.615 ;       ;       ; 2.615 ;
; ADDR[0]    ; SEG_1[0]    ; 7.595 ; 7.595 ; 7.595 ; 7.595 ;
; ADDR[0]    ; SEG_1[1]    ; 7.450 ; 7.450 ; 7.450 ; 7.450 ;
; ADDR[0]    ; SEG_1[2]    ; 7.427 ; 7.427 ; 7.427 ; 7.427 ;
; ADDR[0]    ; SEG_1[3]    ; 7.439 ; 7.439 ; 7.439 ; 7.439 ;
; ADDR[0]    ; SEG_1[4]    ; 7.439 ; 7.439 ; 7.439 ; 7.439 ;
; ADDR[0]    ; SEG_1[5]    ; 7.596 ; 7.596 ; 7.596 ; 7.596 ;
; ADDR[0]    ; SEG_1[6]    ; 7.526 ; 7.526 ; 7.526 ; 7.526 ;
; ADDR[0]    ; SEG_2[0]    ; 8.718 ; 8.718 ; 8.718 ; 8.718 ;
; ADDR[0]    ; SEG_2[1]    ; 8.670 ; 8.670 ; 8.670 ; 8.670 ;
; ADDR[0]    ; SEG_2[2]    ; 8.678 ; 8.678 ; 8.678 ; 8.678 ;
; ADDR[0]    ; SEG_2[3]    ; 9.054 ; 9.054 ; 9.054 ; 9.054 ;
; ADDR[0]    ; SEG_2[4]    ; 8.611 ; 8.611 ; 8.611 ; 8.611 ;
; ADDR[0]    ; SEG_2[5]    ; 8.615 ; 8.615 ; 8.615 ; 8.615 ;
; ADDR[0]    ; SEG_2[6]    ; 8.599 ; 8.599 ; 8.599 ; 8.599 ;
; ADDR[0]    ; VALUE[0]    ; 5.306 ; 5.306 ; 5.306 ; 5.306 ;
; ADDR[0]    ; VALUE[1]    ; 5.191 ; 5.191 ; 5.191 ; 5.191 ;
; ADDR[0]    ; VALUE[2]    ; 5.474 ; 5.474 ; 5.474 ; 5.474 ;
; ADDR[0]    ; VALUE[3]    ; 5.722 ; 5.447 ; 5.447 ; 5.722 ;
; ADDR[0]    ; VALUE[4]    ; 5.917 ; 5.917 ; 5.917 ; 5.917 ;
; ADDR[0]    ; VALUE[5]    ; 6.199 ; 6.199 ; 6.199 ; 6.199 ;
; ADDR[1]    ; ADDR_L1     ; 2.866 ;       ;       ; 2.866 ;
; ADDR[1]    ; SEG_1[0]    ; 8.248 ; 8.248 ; 8.248 ; 8.248 ;
; ADDR[1]    ; SEG_1[1]    ; 8.103 ; 8.103 ; 8.103 ; 8.103 ;
; ADDR[1]    ; SEG_1[2]    ; 8.080 ; 8.080 ; 8.080 ; 8.080 ;
; ADDR[1]    ; SEG_1[3]    ; 8.092 ; 8.092 ; 8.092 ; 8.092 ;
; ADDR[1]    ; SEG_1[4]    ; 8.092 ; 8.092 ; 8.092 ; 8.092 ;
; ADDR[1]    ; SEG_1[5]    ; 8.249 ; 8.249 ; 8.249 ; 8.249 ;
; ADDR[1]    ; SEG_1[6]    ; 8.179 ; 8.179 ; 8.179 ; 8.179 ;
; ADDR[1]    ; SEG_2[0]    ; 9.371 ; 9.371 ; 9.371 ; 9.371 ;
; ADDR[1]    ; SEG_2[1]    ; 9.323 ; 9.323 ; 9.323 ; 9.323 ;
; ADDR[1]    ; SEG_2[2]    ; 9.331 ; 9.331 ; 9.331 ; 9.331 ;
; ADDR[1]    ; SEG_2[3]    ; 9.707 ; 9.707 ; 9.707 ; 9.707 ;
; ADDR[1]    ; SEG_2[4]    ; 9.264 ; 9.264 ; 9.264 ; 9.264 ;
; ADDR[1]    ; SEG_2[5]    ; 9.268 ; 9.268 ; 9.268 ; 9.268 ;
; ADDR[1]    ; SEG_2[6]    ; 9.252 ; 9.252 ; 9.252 ; 9.252 ;
; ADDR[1]    ; VALUE[0]    ; 5.692 ; 5.692 ; 5.692 ; 5.692 ;
; ADDR[1]    ; VALUE[1]    ; 6.139 ; 6.139 ; 6.139 ; 6.139 ;
; ADDR[1]    ; VALUE[2]    ; 6.028 ; 6.028 ; 6.028 ; 6.028 ;
; ADDR[1]    ; VALUE[3]    ; 6.128 ; 6.128 ; 6.128 ; 6.128 ;
; ADDR[1]    ; VALUE[4]    ; 6.391 ; 6.391 ; 6.391 ; 6.391 ;
; ADDR[1]    ; VALUE[5]    ; 6.693 ; 6.693 ; 6.693 ; 6.693 ;
; ADDR[2]    ; ADDR_L2     ; 2.626 ;       ;       ; 2.626 ;
; ADDR[2]    ; SEG_1[0]    ; 7.881 ; 7.881 ; 7.881 ; 7.881 ;
; ADDR[2]    ; SEG_1[1]    ; 7.736 ; 7.736 ; 7.736 ; 7.736 ;
; ADDR[2]    ; SEG_1[2]    ; 7.713 ; 7.713 ; 7.713 ; 7.713 ;
; ADDR[2]    ; SEG_1[3]    ; 7.725 ; 7.725 ; 7.725 ; 7.725 ;
; ADDR[2]    ; SEG_1[4]    ; 7.725 ; 7.725 ; 7.725 ; 7.725 ;
; ADDR[2]    ; SEG_1[5]    ; 7.882 ; 7.882 ; 7.882 ; 7.882 ;
; ADDR[2]    ; SEG_1[6]    ; 7.812 ; 7.812 ; 7.812 ; 7.812 ;
; ADDR[2]    ; SEG_2[0]    ; 9.004 ; 9.004 ; 9.004 ; 9.004 ;
; ADDR[2]    ; SEG_2[1]    ; 8.956 ; 8.956 ; 8.956 ; 8.956 ;
; ADDR[2]    ; SEG_2[2]    ; 8.964 ; 8.964 ; 8.964 ; 8.964 ;
; ADDR[2]    ; SEG_2[3]    ; 9.340 ; 9.340 ; 9.340 ; 9.340 ;
; ADDR[2]    ; SEG_2[4]    ; 8.897 ; 8.897 ; 8.897 ; 8.897 ;
; ADDR[2]    ; SEG_2[5]    ; 8.901 ; 8.901 ; 8.901 ; 8.901 ;
; ADDR[2]    ; SEG_2[6]    ; 8.885 ; 8.885 ; 8.885 ; 8.885 ;
; ADDR[2]    ; VALUE[0]    ; 5.299 ; 5.234 ; 5.234 ; 5.299 ;
; ADDR[2]    ; VALUE[1]    ; 5.268 ; 5.044 ; 5.044 ; 5.268 ;
; ADDR[2]    ; VALUE[2]    ; 5.797 ; 5.666 ; 5.666 ; 5.797 ;
; ADDR[2]    ; VALUE[3]    ; 5.935 ; 5.593 ; 5.593 ; 5.935 ;
; ADDR[2]    ; VALUE[4]    ; 6.203 ; 6.203 ; 6.203 ; 6.203 ;
; ADDR[2]    ; VALUE[5]    ; 6.221 ; 6.030 ; 6.030 ; 6.221 ;
; ADDR[3]    ; ADDR_L3     ; 2.524 ;       ;       ; 2.524 ;
; ADDR[3]    ; SEG_1[0]    ; 7.821 ; 7.821 ; 7.821 ; 7.821 ;
; ADDR[3]    ; SEG_1[1]    ; 7.676 ; 7.676 ; 7.676 ; 7.676 ;
; ADDR[3]    ; SEG_1[2]    ; 7.653 ; 7.653 ; 7.653 ; 7.653 ;
; ADDR[3]    ; SEG_1[3]    ; 7.665 ; 7.665 ; 7.665 ; 7.665 ;
; ADDR[3]    ; SEG_1[4]    ; 7.665 ; 7.665 ; 7.665 ; 7.665 ;
; ADDR[3]    ; SEG_1[5]    ; 7.822 ; 7.822 ; 7.822 ; 7.822 ;
; ADDR[3]    ; SEG_1[6]    ; 7.752 ; 7.752 ; 7.752 ; 7.752 ;
; ADDR[3]    ; SEG_2[0]    ; 8.944 ; 8.944 ; 8.944 ; 8.944 ;
; ADDR[3]    ; SEG_2[1]    ; 8.896 ; 8.896 ; 8.896 ; 8.896 ;
; ADDR[3]    ; SEG_2[2]    ; 8.904 ; 8.904 ; 8.904 ; 8.904 ;
; ADDR[3]    ; SEG_2[3]    ; 9.280 ; 9.280 ; 9.280 ; 9.280 ;
; ADDR[3]    ; SEG_2[4]    ; 8.837 ; 8.837 ; 8.837 ; 8.837 ;
; ADDR[3]    ; SEG_2[5]    ; 8.841 ; 8.841 ; 8.841 ; 8.841 ;
; ADDR[3]    ; SEG_2[6]    ; 8.825 ; 8.825 ; 8.825 ; 8.825 ;
; ADDR[3]    ; VALUE[0]    ; 5.126 ; 5.126 ; 5.126 ; 5.126 ;
; ADDR[3]    ; VALUE[1]    ; 4.984 ; 4.984 ; 4.984 ; 4.984 ;
; ADDR[3]    ; VALUE[2]    ; 5.327 ; 5.327 ; 5.327 ; 5.327 ;
; ADDR[3]    ; VALUE[3]    ; 5.533 ; 5.533 ; 5.533 ; 5.533 ;
; ADDR[3]    ; VALUE[4]    ; 6.143 ; 6.143 ; 6.143 ; 6.143 ;
; ADDR[3]    ; VALUE[5]    ; 5.693 ; 5.693 ; 5.693 ; 5.693 ;
; ADDR[4]    ; ADDR_L4     ; 3.112 ;       ;       ; 3.112 ;
; ADDR[4]    ; SEG_1[0]    ; 7.200 ; 7.200 ; 7.200 ; 7.200 ;
; ADDR[4]    ; SEG_1[1]    ; 7.055 ; 7.055 ; 7.055 ; 7.055 ;
; ADDR[4]    ; SEG_1[2]    ; 7.032 ; 7.032 ; 7.032 ; 7.032 ;
; ADDR[4]    ; SEG_1[3]    ; 7.044 ; 7.044 ; 7.044 ; 7.044 ;
; ADDR[4]    ; SEG_1[4]    ; 7.044 ; 7.044 ; 7.044 ; 7.044 ;
; ADDR[4]    ; SEG_1[5]    ; 7.201 ; 7.201 ; 7.201 ; 7.201 ;
; ADDR[4]    ; SEG_1[6]    ; 7.131 ; 7.131 ; 7.131 ; 7.131 ;
; ADDR[4]    ; SEG_2[0]    ; 8.323 ; 8.323 ; 8.323 ; 8.323 ;
; ADDR[4]    ; SEG_2[1]    ; 8.275 ; 8.275 ; 8.275 ; 8.275 ;
; ADDR[4]    ; SEG_2[2]    ; 8.283 ; 8.283 ; 8.283 ; 8.283 ;
; ADDR[4]    ; SEG_2[3]    ; 8.659 ; 8.659 ; 8.659 ; 8.659 ;
; ADDR[4]    ; SEG_2[4]    ; 8.216 ; 8.216 ; 8.216 ; 8.216 ;
; ADDR[4]    ; SEG_2[5]    ; 8.220 ; 8.220 ; 8.220 ; 8.220 ;
; ADDR[4]    ; SEG_2[6]    ; 8.204 ; 8.204 ; 8.204 ; 8.204 ;
; ADDR[4]    ; VALUE[0]    ; 4.515 ; 4.515 ; 4.515 ; 4.515 ;
; ADDR[4]    ; VALUE[1]    ; 4.360 ; 4.360 ; 4.360 ; 4.360 ;
; ADDR[4]    ; VALUE[2]    ; 4.773 ; 4.981 ; 4.981 ; 4.773 ;
; ADDR[4]    ; VALUE[3]    ; 4.909 ; 5.044 ; 5.044 ; 4.909 ;
; ADDR[4]    ; VALUE[4]    ; 5.522 ; 5.522 ; 5.522 ; 5.522 ;
; ADDR[4]    ; VALUE[5]    ; 5.235 ; 5.656 ; 5.656 ; 5.235 ;
; ADDR[5]    ; ADDR_L5     ; 3.245 ;       ;       ; 3.245 ;
; ADDR[5]    ; SEG_1[0]    ; 7.430 ; 7.430 ; 7.430 ; 7.430 ;
; ADDR[5]    ; SEG_1[1]    ; 7.285 ; 7.285 ; 7.285 ; 7.285 ;
; ADDR[5]    ; SEG_1[2]    ; 7.262 ; 7.262 ; 7.262 ; 7.262 ;
; ADDR[5]    ; SEG_1[3]    ; 7.274 ; 7.274 ; 7.274 ; 7.274 ;
; ADDR[5]    ; SEG_1[4]    ; 7.274 ; 7.274 ; 7.274 ; 7.274 ;
; ADDR[5]    ; SEG_1[5]    ; 7.431 ; 7.431 ; 7.431 ; 7.431 ;
; ADDR[5]    ; SEG_1[6]    ; 7.361 ; 7.361 ; 7.361 ; 7.361 ;
; ADDR[5]    ; SEG_2[0]    ; 8.553 ; 8.553 ; 8.553 ; 8.553 ;
; ADDR[5]    ; SEG_2[1]    ; 8.505 ; 8.505 ; 8.505 ; 8.505 ;
; ADDR[5]    ; SEG_2[2]    ; 8.513 ; 8.513 ; 8.513 ; 8.513 ;
; ADDR[5]    ; SEG_2[3]    ; 8.889 ; 8.889 ; 8.889 ; 8.889 ;
; ADDR[5]    ; SEG_2[4]    ; 8.446 ; 8.446 ; 8.446 ; 8.446 ;
; ADDR[5]    ; SEG_2[5]    ; 8.450 ; 8.450 ; 8.450 ; 8.450 ;
; ADDR[5]    ; SEG_2[6]    ; 8.434 ; 8.434 ; 8.434 ; 8.434 ;
; ADDR[5]    ; VALUE[0]    ; 5.078 ; 5.078 ; 5.078 ; 5.078 ;
; ADDR[5]    ; VALUE[1]    ; 4.606 ; 4.606 ; 4.606 ; 4.606 ;
; ADDR[5]    ; VALUE[2]    ; 5.279 ; 5.279 ; 5.279 ; 5.279 ;
; ADDR[5]    ; VALUE[3]    ; 5.325 ; 5.325 ; 5.325 ; 5.325 ;
; ADDR[5]    ; VALUE[4]    ; 5.752 ; 5.752 ; 5.752 ; 5.752 ;
; ADDR[5]    ; VALUE[5]    ; 5.242 ; 5.627 ; 5.627 ; 5.242 ;
; MODE[0]    ; MODE_L0     ; 2.289 ;       ;       ; 2.289 ;
; MODE[1]    ; MODE_L1     ; 2.423 ;       ;       ; 2.423 ;
; NUMMODE    ; NUMMODE_L   ; 3.031 ;       ;       ; 3.031 ;
; NUMMODE    ; SEG_1[0]    ; 3.099 ; 3.099 ; 3.099 ; 3.099 ;
; NUMMODE    ; SEG_1[1]    ; 2.936 ;       ;       ; 2.936 ;
; NUMMODE    ; SEG_1[2]    ; 2.931 ; 2.931 ; 2.931 ; 2.931 ;
; NUMMODE    ; SEG_1[3]    ; 2.943 ; 2.943 ; 2.943 ; 2.943 ;
; NUMMODE    ; SEG_1[4]    ; 2.944 ; 2.944 ; 2.944 ; 2.944 ;
; NUMMODE    ; SEG_1[5]    ;       ; 3.100 ; 3.100 ;       ;
; NUMMODE    ; SEG_1[6]    ;       ; 3.040 ; 3.040 ;       ;
; NUMMODE    ; SEG_2[0]    ; 3.337 ; 3.337 ; 3.337 ; 3.337 ;
; NUMMODE    ; SEG_2[1]    ; 3.307 ; 3.307 ; 3.307 ; 3.307 ;
; NUMMODE    ; SEG_2[2]    ; 3.288 ; 3.288 ; 3.288 ; 3.288 ;
; NUMMODE    ; SEG_2[3]    ; 3.222 ; 3.222 ; 3.222 ; 3.222 ;
; NUMMODE    ; SEG_2[4]    ; 3.228 ; 3.228 ; 3.228 ; 3.228 ;
; NUMMODE    ; SEG_2[5]    ; 3.223 ; 3.223 ; 3.223 ; 3.223 ;
; NUMMODE    ; SEG_2[6]    ; 3.226 ; 3.226 ; 3.226 ; 3.226 ;
+------------+-------------+-------+-------+-------+-------+


+----------------------------------------------------------+
; Minimum Propagation Delay                                ;
+------------+-------------+-------+-------+-------+-------+
; Input Port ; Output Port ; RR    ; RF    ; FR    ; FF    ;
+------------+-------------+-------+-------+-------+-------+
; ADDR[0]    ; ADDR_L0     ; 2.615 ;       ;       ; 2.615 ;
; ADDR[0]    ; SEG_1[0]    ; 5.397 ; 5.397 ; 5.397 ; 5.397 ;
; ADDR[0]    ; SEG_1[1]    ; 5.251 ; 5.251 ; 5.251 ; 5.251 ;
; ADDR[0]    ; SEG_1[2]    ; 5.229 ; 5.229 ; 5.229 ; 5.229 ;
; ADDR[0]    ; SEG_1[3]    ; 5.241 ; 5.241 ; 5.241 ; 5.241 ;
; ADDR[0]    ; SEG_1[4]    ; 5.241 ; 5.241 ; 5.241 ; 5.241 ;
; ADDR[0]    ; SEG_1[5]    ; 5.398 ; 5.398 ; 5.398 ; 5.398 ;
; ADDR[0]    ; SEG_1[6]    ; 5.328 ; 5.363 ; 5.363 ; 5.328 ;
; ADDR[0]    ; SEG_2[0]    ; 5.426 ; 5.426 ; 5.426 ; 5.426 ;
; ADDR[0]    ; SEG_2[1]    ; 5.280 ; 5.280 ; 5.280 ; 5.280 ;
; ADDR[0]    ; SEG_2[2]    ; 5.452 ; 5.452 ; 5.452 ; 5.452 ;
; ADDR[0]    ; SEG_2[3]    ; 5.507 ; 5.507 ; 5.507 ; 5.507 ;
; ADDR[0]    ; SEG_2[4]    ; 5.317 ; 5.317 ; 5.317 ; 5.317 ;
; ADDR[0]    ; SEG_2[5]    ; 5.390 ; 5.390 ; 5.390 ; 5.390 ;
; ADDR[0]    ; SEG_2[6]    ; 5.325 ; 5.325 ; 5.325 ; 5.325 ;
; ADDR[0]    ; VALUE[0]    ; 4.497 ; 4.473 ; 4.473 ; 4.497 ;
; ADDR[0]    ; VALUE[1]    ; 4.246 ; 4.246 ; 4.246 ; 4.246 ;
; ADDR[0]    ; VALUE[2]    ; 4.679 ; 4.679 ; 4.679 ; 4.679 ;
; ADDR[0]    ; VALUE[3]    ; 4.779 ; 4.671 ; 4.671 ; 4.779 ;
; ADDR[0]    ; VALUE[4]    ; 4.519 ; 4.519 ; 4.519 ; 4.519 ;
; ADDR[0]    ; VALUE[5]    ; 5.372 ; 5.372 ; 5.372 ; 5.372 ;
; ADDR[1]    ; ADDR_L1     ; 2.866 ;       ;       ; 2.866 ;
; ADDR[1]    ; SEG_1[0]    ; 5.782 ; 5.782 ; 5.782 ; 5.782 ;
; ADDR[1]    ; SEG_1[1]    ; 5.637 ; 5.637 ; 5.637 ; 5.637 ;
; ADDR[1]    ; SEG_1[2]    ; 5.614 ; 5.614 ; 5.614 ; 5.614 ;
; ADDR[1]    ; SEG_1[3]    ; 5.626 ; 5.626 ; 5.626 ; 5.626 ;
; ADDR[1]    ; SEG_1[4]    ; 5.626 ; 5.626 ; 5.626 ; 5.626 ;
; ADDR[1]    ; SEG_1[5]    ; 5.783 ; 5.783 ; 5.783 ; 5.783 ;
; ADDR[1]    ; SEG_1[6]    ; 5.713 ; 5.713 ; 5.713 ; 5.713 ;
; ADDR[1]    ; SEG_2[0]    ; 5.806 ; 5.806 ; 5.806 ; 5.806 ;
; ADDR[1]    ; SEG_2[1]    ; 5.660 ; 5.660 ; 5.660 ; 5.660 ;
; ADDR[1]    ; SEG_2[2]    ; 5.802 ; 5.802 ; 5.802 ; 5.802 ;
; ADDR[1]    ; SEG_2[3]    ; 5.857 ; 5.857 ; 5.857 ; 5.857 ;
; ADDR[1]    ; SEG_2[4]    ; 5.697 ; 5.697 ; 5.697 ; 5.697 ;
; ADDR[1]    ; SEG_2[5]    ; 5.770 ; 5.770 ; 5.770 ; 5.770 ;
; ADDR[1]    ; SEG_2[6]    ; 5.705 ; 5.705 ; 5.705 ; 5.705 ;
; ADDR[1]    ; VALUE[0]    ; 4.730 ; 4.730 ; 4.730 ; 4.730 ;
; ADDR[1]    ; VALUE[1]    ; 4.800 ; 4.800 ; 4.800 ; 4.800 ;
; ADDR[1]    ; VALUE[2]    ; 5.029 ; 5.029 ; 5.029 ; 5.029 ;
; ADDR[1]    ; VALUE[3]    ; 5.051 ; 5.051 ; 5.051 ; 5.051 ;
; ADDR[1]    ; VALUE[4]    ; 5.006 ; 5.006 ; 5.006 ; 5.006 ;
; ADDR[1]    ; VALUE[5]    ; 5.827 ; 5.770 ; 5.770 ; 5.827 ;
; ADDR[2]    ; ADDR_L2     ; 2.626 ;       ;       ; 2.626 ;
; ADDR[2]    ; SEG_1[0]    ; 5.371 ; 5.371 ; 5.371 ; 5.371 ;
; ADDR[2]    ; SEG_1[1]    ; 5.404 ; 5.226 ; 5.226 ; 5.404 ;
; ADDR[2]    ; SEG_1[2]    ; 5.203 ; 5.203 ; 5.203 ; 5.203 ;
; ADDR[2]    ; SEG_1[3]    ; 5.215 ; 5.215 ; 5.215 ; 5.215 ;
; ADDR[2]    ; SEG_1[4]    ; 5.215 ; 5.215 ; 5.215 ; 5.215 ;
; ADDR[2]    ; SEG_1[5]    ; 5.372 ; 5.372 ; 5.372 ; 5.372 ;
; ADDR[2]    ; SEG_1[6]    ; 5.302 ; 5.516 ; 5.516 ; 5.302 ;
; ADDR[2]    ; SEG_2[0]    ; 5.395 ; 5.395 ; 5.395 ; 5.395 ;
; ADDR[2]    ; SEG_2[1]    ; 5.249 ; 5.249 ; 5.249 ; 5.249 ;
; ADDR[2]    ; SEG_2[2]    ; 5.393 ; 5.393 ; 5.393 ; 5.393 ;
; ADDR[2]    ; SEG_2[3]    ; 5.448 ; 5.448 ; 5.448 ; 5.448 ;
; ADDR[2]    ; SEG_2[4]    ; 5.286 ; 5.286 ; 5.286 ; 5.286 ;
; ADDR[2]    ; SEG_2[5]    ; 5.359 ; 5.359 ; 5.359 ; 5.359 ;
; ADDR[2]    ; SEG_2[6]    ; 5.294 ; 5.294 ; 5.294 ; 5.294 ;
; ADDR[2]    ; VALUE[0]    ; 4.767 ; 4.424 ; 4.424 ; 4.767 ;
; ADDR[2]    ; VALUE[1]    ; 4.387 ; 4.322 ; 4.322 ; 4.387 ;
; ADDR[2]    ; VALUE[2]    ; 4.938 ; 4.620 ; 4.620 ; 4.938 ;
; ADDR[2]    ; VALUE[3]    ; 5.153 ; 4.640 ; 4.640 ; 5.153 ;
; ADDR[2]    ; VALUE[4]    ; 4.672 ; 4.508 ; 4.508 ; 4.672 ;
; ADDR[2]    ; VALUE[5]    ; 5.747 ; 5.537 ; 5.537 ; 5.747 ;
; ADDR[3]    ; ADDR_L3     ; 2.524 ;       ;       ; 2.524 ;
; ADDR[3]    ; SEG_1[0]    ; 5.529 ; 5.529 ; 5.529 ; 5.529 ;
; ADDR[3]    ; SEG_1[1]    ; 5.358 ; 5.536 ; 5.536 ; 5.358 ;
; ADDR[3]    ; SEG_1[2]    ; 5.361 ; 5.361 ; 5.361 ; 5.361 ;
; ADDR[3]    ; SEG_1[3]    ; 5.373 ; 5.373 ; 5.373 ; 5.373 ;
; ADDR[3]    ; SEG_1[4]    ; 5.373 ; 5.373 ; 5.373 ; 5.373 ;
; ADDR[3]    ; SEG_1[5]    ; 5.530 ; 5.530 ; 5.530 ; 5.530 ;
; ADDR[3]    ; SEG_1[6]    ; 5.648 ; 5.470 ; 5.470 ; 5.648 ;
; ADDR[3]    ; SEG_2[0]    ; 5.736 ; 5.736 ; 5.736 ; 5.736 ;
; ADDR[3]    ; SEG_2[1]    ; 5.518 ; 5.518 ; 5.518 ; 5.518 ;
; ADDR[3]    ; SEG_2[2]    ; 5.618 ; 5.618 ; 5.618 ; 5.618 ;
; ADDR[3]    ; SEG_2[3]    ; 5.673 ; 5.673 ; 5.673 ; 5.673 ;
; ADDR[3]    ; SEG_2[4]    ; 5.627 ; 5.627 ; 5.627 ; 5.627 ;
; ADDR[3]    ; SEG_2[5]    ; 5.700 ; 5.700 ; 5.700 ; 5.700 ;
; ADDR[3]    ; SEG_2[6]    ; 5.635 ; 5.635 ; 5.635 ; 5.635 ;
; ADDR[3]    ; VALUE[0]    ; 4.463 ; 4.469 ; 4.469 ; 4.463 ;
; ADDR[3]    ; VALUE[1]    ; 4.281 ; 4.358 ; 4.358 ; 4.281 ;
; ADDR[3]    ; VALUE[2]    ; 4.845 ; 4.956 ; 4.956 ; 4.845 ;
; ADDR[3]    ; VALUE[3]    ; 4.981 ; 5.085 ; 5.085 ; 4.981 ;
; ADDR[3]    ; VALUE[4]    ; 4.626 ; 4.804 ; 4.804 ; 4.626 ;
; ADDR[3]    ; VALUE[5]    ; 5.329 ; 5.361 ; 5.361 ; 5.329 ;
; ADDR[4]    ; ADDR_L4     ; 3.112 ;       ;       ; 3.112 ;
; ADDR[4]    ; SEG_1[0]    ; 5.039 ; 5.039 ; 5.039 ; 5.039 ;
; ADDR[4]    ; SEG_1[1]    ; 5.035 ; 4.868 ; 4.868 ; 5.035 ;
; ADDR[4]    ; SEG_1[2]    ; 4.871 ; 4.871 ; 4.871 ; 4.871 ;
; ADDR[4]    ; SEG_1[3]    ; 4.883 ; 4.883 ; 4.883 ; 4.883 ;
; ADDR[4]    ; SEG_1[4]    ; 4.883 ; 4.883 ; 4.883 ; 4.883 ;
; ADDR[4]    ; SEG_1[5]    ; 5.040 ; 5.040 ; 5.040 ; 5.040 ;
; ADDR[4]    ; SEG_1[6]    ; 4.980 ; 5.147 ; 5.147 ; 4.980 ;
; ADDR[4]    ; SEG_2[0]    ; 5.274 ; 5.274 ; 5.274 ; 5.274 ;
; ADDR[4]    ; SEG_2[1]    ; 5.003 ; 5.003 ; 5.003 ; 5.003 ;
; ADDR[4]    ; SEG_2[2]    ; 5.100 ; 5.100 ; 5.100 ; 5.100 ;
; ADDR[4]    ; SEG_2[3]    ; 5.155 ; 5.155 ; 5.155 ; 5.155 ;
; ADDR[4]    ; SEG_2[4]    ; 5.165 ; 5.165 ; 5.165 ; 5.165 ;
; ADDR[4]    ; SEG_2[5]    ; 5.238 ; 5.238 ; 5.238 ; 5.238 ;
; ADDR[4]    ; SEG_2[6]    ; 5.173 ; 5.173 ; 5.173 ; 5.173 ;
; ADDR[4]    ; VALUE[0]    ; 4.132 ; 4.000 ; 4.000 ; 4.132 ;
; ADDR[4]    ; VALUE[1]    ; 3.838 ; 3.890 ; 3.890 ; 3.838 ;
; ADDR[4]    ; VALUE[2]    ; 4.327 ; 4.738 ; 4.738 ; 4.327 ;
; ADDR[4]    ; VALUE[3]    ; 4.519 ; 4.759 ; 4.759 ; 4.519 ;
; ADDR[4]    ; VALUE[4]    ; 4.303 ; 4.136 ; 4.136 ; 4.303 ;
; ADDR[4]    ; VALUE[5]    ; 5.177 ; 5.055 ; 5.055 ; 5.177 ;
; ADDR[5]    ; ADDR_L5     ; 3.245 ;       ;       ; 3.245 ;
; ADDR[5]    ; SEG_1[0]    ; 5.187 ; 5.187 ; 5.187 ; 5.187 ;
; ADDR[5]    ; SEG_1[1]    ; 5.547 ; 5.016 ; 5.016 ; 5.547 ;
; ADDR[5]    ; SEG_1[2]    ; 5.019 ; 5.019 ; 5.019 ; 5.019 ;
; ADDR[5]    ; SEG_1[3]    ; 5.031 ; 5.031 ; 5.031 ; 5.031 ;
; ADDR[5]    ; SEG_1[4]    ; 5.031 ; 5.031 ; 5.031 ; 5.031 ;
; ADDR[5]    ; SEG_1[5]    ; 5.188 ; 5.188 ; 5.188 ; 5.188 ;
; ADDR[5]    ; SEG_1[6]    ; 5.128 ; 5.630 ; 5.630 ; 5.128 ;
; ADDR[5]    ; SEG_2[0]    ; 5.688 ; 5.688 ; 5.688 ; 5.688 ;
; ADDR[5]    ; SEG_2[1]    ; 5.373 ; 5.373 ; 5.373 ; 5.373 ;
; ADDR[5]    ; SEG_2[2]    ; 5.660 ; 5.660 ; 5.660 ; 5.660 ;
; ADDR[5]    ; SEG_2[3]    ; 5.640 ; 5.640 ; 5.640 ; 5.640 ;
; ADDR[5]    ; SEG_2[4]    ; 5.523 ; 5.523 ; 5.523 ; 5.523 ;
; ADDR[5]    ; SEG_2[5]    ; 5.506 ; 5.506 ; 5.506 ; 5.506 ;
; ADDR[5]    ; SEG_2[6]    ; 5.526 ; 5.526 ; 5.526 ; 5.526 ;
; ADDR[5]    ; VALUE[0]    ; 4.681 ; 4.371 ; 4.371 ; 4.681 ;
; ADDR[5]    ; VALUE[1]    ; 4.198 ; 4.198 ; 4.198 ; 4.198 ;
; ADDR[5]    ; VALUE[2]    ; 4.944 ; 4.944 ; 4.944 ; 4.944 ;
; ADDR[5]    ; VALUE[3]    ; 5.074 ; 5.015 ; 5.015 ; 5.074 ;
; ADDR[5]    ; VALUE[4]    ; 5.524 ; 4.284 ; 4.284 ; 5.524 ;
; ADDR[5]    ; VALUE[5]    ; 5.242 ; 5.242 ; 5.242 ; 5.242 ;
; MODE[0]    ; MODE_L0     ; 2.289 ;       ;       ; 2.289 ;
; MODE[1]    ; MODE_L1     ; 2.423 ;       ;       ; 2.423 ;
; NUMMODE    ; NUMMODE_L   ; 3.031 ;       ;       ; 3.031 ;
; NUMMODE    ; SEG_1[0]    ; 3.099 ; 3.099 ; 3.099 ; 3.099 ;
; NUMMODE    ; SEG_1[1]    ; 2.936 ;       ;       ; 2.936 ;
; NUMMODE    ; SEG_1[2]    ; 2.931 ; 2.931 ; 2.931 ; 2.931 ;
; NUMMODE    ; SEG_1[3]    ; 2.943 ; 2.943 ; 2.943 ; 2.943 ;
; NUMMODE    ; SEG_1[4]    ; 2.944 ; 2.944 ; 2.944 ; 2.944 ;
; NUMMODE    ; SEG_1[5]    ;       ; 3.100 ; 3.100 ;       ;
; NUMMODE    ; SEG_1[6]    ;       ; 3.040 ; 3.040 ;       ;
; NUMMODE    ; SEG_2[0]    ; 3.326 ; 3.337 ; 3.337 ; 3.326 ;
; NUMMODE    ; SEG_2[1]    ; 3.307 ; 3.307 ; 3.307 ; 3.307 ;
; NUMMODE    ; SEG_2[2]    ; 3.288 ; 3.288 ; 3.288 ; 3.288 ;
; NUMMODE    ; SEG_2[3]    ; 3.140 ; 3.140 ; 3.140 ; 3.140 ;
; NUMMODE    ; SEG_2[4]    ; 3.159 ; 3.159 ; 3.159 ; 3.159 ;
; NUMMODE    ; SEG_2[5]    ; 2.942 ; 3.223 ; 3.223 ; 2.942 ;
; NUMMODE    ; SEG_2[6]    ; 3.165 ; 3.165 ; 3.165 ; 3.165 ;
+------------+-------------+-------+-------+-------+-------+


+--------------------------------------------------------------------------------+
; Multicorner Timing Analysis Summary                                            ;
+----------------------+-------+------+----------+---------+---------------------+
; Clock                ; Setup ; Hold ; Recovery ; Removal ; Minimum Pulse Width ;
+----------------------+-------+------+----------+---------+---------------------+
; Worst-case Slack     ; N/A   ; N/A  ; N/A      ; N/A     ; 97.531              ;
;  altera_reserved_tck ; N/A   ; N/A  ; N/A      ; N/A     ; 97.531              ;
; Design-wide TNS      ; 0.0   ; 0.0  ; 0.0      ; 0.0     ; 0.0                 ;
;  altera_reserved_tck ; N/A   ; N/A  ; N/A      ; N/A     ; 0.000               ;
+----------------------+-------+------+----------+---------+---------------------+


+--------------------------------------------------------------+
; Progagation Delay                                            ;
+------------+-------------+--------+--------+--------+--------+
; Input Port ; Output Port ; RR     ; RF     ; FR     ; FF     ;
+------------+-------------+--------+--------+--------+--------+
; ADDR[0]    ; ADDR_L0     ; 5.395  ;        ;        ; 5.395  ;
; ADDR[0]    ; SEG_1[0]    ; 18.629 ; 18.629 ; 18.629 ; 18.629 ;
; ADDR[0]    ; SEG_1[1]    ; 18.244 ; 18.244 ; 18.244 ; 18.244 ;
; ADDR[0]    ; SEG_1[2]    ; 18.246 ; 18.246 ; 18.246 ; 18.246 ;
; ADDR[0]    ; SEG_1[3]    ; 18.260 ; 18.260 ; 18.260 ; 18.260 ;
; ADDR[0]    ; SEG_1[4]    ; 18.257 ; 18.257 ; 18.257 ; 18.257 ;
; ADDR[0]    ; SEG_1[5]    ; 18.629 ; 18.629 ; 18.629 ; 18.629 ;
; ADDR[0]    ; SEG_1[6]    ; 18.492 ; 18.492 ; 18.492 ; 18.492 ;
; ADDR[0]    ; SEG_2[0]    ; 21.815 ; 21.815 ; 21.815 ; 21.815 ;
; ADDR[0]    ; SEG_2[1]    ; 21.740 ; 21.740 ; 21.740 ; 21.740 ;
; ADDR[0]    ; SEG_2[2]    ; 21.688 ; 21.688 ; 21.688 ; 21.688 ;
; ADDR[0]    ; SEG_2[3]    ; 22.831 ; 22.831 ; 22.831 ; 22.831 ;
; ADDR[0]    ; SEG_2[4]    ; 21.470 ; 21.470 ; 21.470 ; 21.470 ;
; ADDR[0]    ; SEG_2[5]    ; 21.482 ; 21.482 ; 21.482 ; 21.482 ;
; ADDR[0]    ; SEG_2[6]    ; 21.434 ; 21.434 ; 21.434 ; 21.434 ;
; ADDR[0]    ; VALUE[0]    ; 12.438 ; 12.438 ; 12.438 ; 12.438 ;
; ADDR[0]    ; VALUE[1]    ; 12.196 ; 12.196 ; 12.196 ; 12.196 ;
; ADDR[0]    ; VALUE[2]    ; 12.970 ; 12.970 ; 12.970 ; 12.970 ;
; ADDR[0]    ; VALUE[3]    ; 13.469 ; 12.776 ; 12.776 ; 13.469 ;
; ADDR[0]    ; VALUE[4]    ; 14.397 ; 14.397 ; 14.397 ; 14.397 ;
; ADDR[0]    ; VALUE[5]    ; 14.673 ; 14.673 ; 14.673 ; 14.673 ;
; ADDR[1]    ; ADDR_L1     ; 5.817  ;        ;        ; 5.817  ;
; ADDR[1]    ; SEG_1[0]    ; 19.998 ; 19.998 ; 19.998 ; 19.998 ;
; ADDR[1]    ; SEG_1[1]    ; 19.613 ; 19.613 ; 19.613 ; 19.613 ;
; ADDR[1]    ; SEG_1[2]    ; 19.615 ; 19.615 ; 19.615 ; 19.615 ;
; ADDR[1]    ; SEG_1[3]    ; 19.629 ; 19.629 ; 19.629 ; 19.629 ;
; ADDR[1]    ; SEG_1[4]    ; 19.626 ; 19.626 ; 19.626 ; 19.626 ;
; ADDR[1]    ; SEG_1[5]    ; 19.998 ; 19.998 ; 19.998 ; 19.998 ;
; ADDR[1]    ; SEG_1[6]    ; 19.861 ; 19.861 ; 19.861 ; 19.861 ;
; ADDR[1]    ; SEG_2[0]    ; 23.184 ; 23.184 ; 23.184 ; 23.184 ;
; ADDR[1]    ; SEG_2[1]    ; 23.109 ; 23.109 ; 23.109 ; 23.109 ;
; ADDR[1]    ; SEG_2[2]    ; 23.057 ; 23.057 ; 23.057 ; 23.057 ;
; ADDR[1]    ; SEG_2[3]    ; 24.200 ; 24.200 ; 24.200 ; 24.200 ;
; ADDR[1]    ; SEG_2[4]    ; 22.839 ; 22.839 ; 22.839 ; 22.839 ;
; ADDR[1]    ; SEG_2[5]    ; 22.851 ; 22.851 ; 22.851 ; 22.851 ;
; ADDR[1]    ; SEG_2[6]    ; 22.803 ; 22.803 ; 22.803 ; 22.803 ;
; ADDR[1]    ; VALUE[0]    ; 13.089 ; 13.089 ; 13.089 ; 13.089 ;
; ADDR[1]    ; VALUE[1]    ; 14.304 ; 14.304 ; 14.304 ; 14.304 ;
; ADDR[1]    ; VALUE[2]    ; 14.092 ; 14.092 ; 14.092 ; 14.092 ;
; ADDR[1]    ; VALUE[3]    ; 14.100 ; 14.100 ; 14.100 ; 14.100 ;
; ADDR[1]    ; VALUE[4]    ; 15.444 ; 15.444 ; 15.444 ; 15.444 ;
; ADDR[1]    ; VALUE[5]    ; 15.518 ; 15.518 ; 15.518 ; 15.518 ;
; ADDR[2]    ; ADDR_L2     ; 5.305  ;        ;        ; 5.305  ;
; ADDR[2]    ; SEG_1[0]    ; 19.058 ; 19.058 ; 19.058 ; 19.058 ;
; ADDR[2]    ; SEG_1[1]    ; 18.673 ; 18.673 ; 18.673 ; 18.673 ;
; ADDR[2]    ; SEG_1[2]    ; 18.675 ; 18.675 ; 18.675 ; 18.675 ;
; ADDR[2]    ; SEG_1[3]    ; 18.689 ; 18.689 ; 18.689 ; 18.689 ;
; ADDR[2]    ; SEG_1[4]    ; 18.686 ; 18.686 ; 18.686 ; 18.686 ;
; ADDR[2]    ; SEG_1[5]    ; 19.058 ; 19.058 ; 19.058 ; 19.058 ;
; ADDR[2]    ; SEG_1[6]    ; 18.921 ; 18.921 ; 18.921 ; 18.921 ;
; ADDR[2]    ; SEG_2[0]    ; 22.244 ; 22.244 ; 22.244 ; 22.244 ;
; ADDR[2]    ; SEG_2[1]    ; 22.169 ; 22.169 ; 22.169 ; 22.169 ;
; ADDR[2]    ; SEG_2[2]    ; 22.117 ; 22.117 ; 22.117 ; 22.117 ;
; ADDR[2]    ; SEG_2[3]    ; 23.260 ; 23.260 ; 23.260 ; 23.260 ;
; ADDR[2]    ; SEG_2[4]    ; 21.899 ; 21.899 ; 21.899 ; 21.899 ;
; ADDR[2]    ; SEG_2[5]    ; 21.911 ; 21.911 ; 21.911 ; 21.911 ;
; ADDR[2]    ; SEG_2[6]    ; 21.863 ; 21.863 ; 21.863 ; 21.863 ;
; ADDR[2]    ; VALUE[0]    ; 12.118 ; 12.036 ; 12.036 ; 12.118 ;
; ADDR[2]    ; VALUE[1]    ; 12.162 ; 11.442 ; 11.442 ; 12.162 ;
; ADDR[2]    ; VALUE[2]    ; 13.597 ; 13.435 ; 13.435 ; 13.597 ;
; ADDR[2]    ; VALUE[3]    ; 13.799 ; 12.900 ; 12.900 ; 13.799 ;
; ADDR[2]    ; VALUE[4]    ; 14.826 ; 14.826 ; 14.826 ; 14.826 ;
; ADDR[2]    ; VALUE[5]    ; 14.426 ; 13.952 ; 13.952 ; 14.426 ;
; ADDR[3]    ; ADDR_L3     ; 5.161  ;        ;        ; 5.161  ;
; ADDR[3]    ; SEG_1[0]    ; 19.024 ; 19.024 ; 19.024 ; 19.024 ;
; ADDR[3]    ; SEG_1[1]    ; 18.639 ; 18.639 ; 18.639 ; 18.639 ;
; ADDR[3]    ; SEG_1[2]    ; 18.641 ; 18.641 ; 18.641 ; 18.641 ;
; ADDR[3]    ; SEG_1[3]    ; 18.655 ; 18.655 ; 18.655 ; 18.655 ;
; ADDR[3]    ; SEG_1[4]    ; 18.652 ; 18.652 ; 18.652 ; 18.652 ;
; ADDR[3]    ; SEG_1[5]    ; 19.024 ; 19.024 ; 19.024 ; 19.024 ;
; ADDR[3]    ; SEG_1[6]    ; 18.887 ; 18.887 ; 18.887 ; 18.887 ;
; ADDR[3]    ; SEG_2[0]    ; 22.210 ; 22.210 ; 22.210 ; 22.210 ;
; ADDR[3]    ; SEG_2[1]    ; 22.135 ; 22.135 ; 22.135 ; 22.135 ;
; ADDR[3]    ; SEG_2[2]    ; 22.083 ; 22.083 ; 22.083 ; 22.083 ;
; ADDR[3]    ; SEG_2[3]    ; 23.226 ; 23.226 ; 23.226 ; 23.226 ;
; ADDR[3]    ; SEG_2[4]    ; 21.865 ; 21.865 ; 21.865 ; 21.865 ;
; ADDR[3]    ; SEG_2[5]    ; 21.877 ; 21.877 ; 21.877 ; 21.877 ;
; ADDR[3]    ; SEG_2[6]    ; 21.829 ; 21.829 ; 21.829 ; 21.829 ;
; ADDR[3]    ; VALUE[0]    ; 11.743 ; 11.743 ; 11.743 ; 11.743 ;
; ADDR[3]    ; VALUE[1]    ; 11.408 ; 11.408 ; 11.408 ; 11.408 ;
; ADDR[3]    ; VALUE[2]    ; 12.379 ; 12.379 ; 12.379 ; 12.379 ;
; ADDR[3]    ; VALUE[3]    ; 12.837 ; 12.837 ; 12.837 ; 12.837 ;
; ADDR[3]    ; VALUE[4]    ; 14.792 ; 14.792 ; 14.792 ; 14.792 ;
; ADDR[3]    ; VALUE[5]    ; 13.138 ; 13.171 ; 13.171 ; 13.138 ;
; ADDR[4]    ; ADDR_L4     ; 6.465  ;        ;        ; 6.465  ;
; ADDR[4]    ; SEG_1[0]    ; 17.385 ; 17.385 ; 17.385 ; 17.385 ;
; ADDR[4]    ; SEG_1[1]    ; 17.000 ; 17.000 ; 17.000 ; 17.000 ;
; ADDR[4]    ; SEG_1[2]    ; 17.002 ; 17.002 ; 17.002 ; 17.002 ;
; ADDR[4]    ; SEG_1[3]    ; 17.016 ; 17.016 ; 17.016 ; 17.016 ;
; ADDR[4]    ; SEG_1[4]    ; 17.013 ; 17.013 ; 17.013 ; 17.013 ;
; ADDR[4]    ; SEG_1[5]    ; 17.385 ; 17.385 ; 17.385 ; 17.385 ;
; ADDR[4]    ; SEG_1[6]    ; 17.248 ; 17.248 ; 17.248 ; 17.248 ;
; ADDR[4]    ; SEG_2[0]    ; 20.571 ; 20.571 ; 20.571 ; 20.571 ;
; ADDR[4]    ; SEG_2[1]    ; 20.496 ; 20.496 ; 20.496 ; 20.496 ;
; ADDR[4]    ; SEG_2[2]    ; 20.444 ; 20.444 ; 20.444 ; 20.444 ;
; ADDR[4]    ; SEG_2[3]    ; 21.587 ; 21.587 ; 21.587 ; 21.587 ;
; ADDR[4]    ; SEG_2[4]    ; 20.226 ; 20.226 ; 20.226 ; 20.226 ;
; ADDR[4]    ; SEG_2[5]    ; 20.238 ; 20.238 ; 20.238 ; 20.238 ;
; ADDR[4]    ; SEG_2[6]    ; 20.190 ; 20.190 ; 20.190 ; 20.190 ;
; ADDR[4]    ; VALUE[0]    ; 10.148 ; 10.148 ; 10.148 ; 10.148 ;
; ADDR[4]    ; VALUE[1]    ; 9.766  ; 9.766  ; 9.766  ; 9.766  ;
; ADDR[4]    ; VALUE[2]    ; 10.946 ; 11.521 ; 11.521 ; 10.946 ;
; ADDR[4]    ; VALUE[3]    ; 11.199 ; 11.469 ; 11.469 ; 11.199 ;
; ADDR[4]    ; VALUE[4]    ; 13.153 ; 13.153 ; 13.153 ; 13.153 ;
; ADDR[4]    ; VALUE[5]    ; 12.021 ; 13.112 ; 13.112 ; 12.021 ;
; ADDR[5]    ; ADDR_L5     ; 6.687  ;        ;        ; 6.687  ;
; ADDR[5]    ; SEG_1[0]    ; 17.892 ; 17.892 ; 17.892 ; 17.892 ;
; ADDR[5]    ; SEG_1[1]    ; 17.507 ; 17.507 ; 17.507 ; 17.507 ;
; ADDR[5]    ; SEG_1[2]    ; 17.509 ; 17.509 ; 17.509 ; 17.509 ;
; ADDR[5]    ; SEG_1[3]    ; 17.523 ; 17.523 ; 17.523 ; 17.523 ;
; ADDR[5]    ; SEG_1[4]    ; 17.520 ; 17.520 ; 17.520 ; 17.520 ;
; ADDR[5]    ; SEG_1[5]    ; 17.892 ; 17.892 ; 17.892 ; 17.892 ;
; ADDR[5]    ; SEG_1[6]    ; 17.755 ; 17.755 ; 17.755 ; 17.755 ;
; ADDR[5]    ; SEG_2[0]    ; 21.078 ; 21.078 ; 21.078 ; 21.078 ;
; ADDR[5]    ; SEG_2[1]    ; 21.003 ; 21.003 ; 21.003 ; 21.003 ;
; ADDR[5]    ; SEG_2[2]    ; 20.951 ; 20.951 ; 20.951 ; 20.951 ;
; ADDR[5]    ; SEG_2[3]    ; 22.094 ; 22.094 ; 22.094 ; 22.094 ;
; ADDR[5]    ; SEG_2[4]    ; 20.733 ; 20.733 ; 20.733 ; 20.733 ;
; ADDR[5]    ; SEG_2[5]    ; 20.745 ; 20.745 ; 20.745 ; 20.745 ;
; ADDR[5]    ; SEG_2[6]    ; 20.697 ; 20.697 ; 20.697 ; 20.697 ;
; ADDR[5]    ; VALUE[0]    ; 11.658 ; 11.658 ; 11.658 ; 11.658 ;
; ADDR[5]    ; VALUE[1]    ; 10.382 ; 10.382 ; 10.382 ; 10.382 ;
; ADDR[5]    ; VALUE[2]    ; 12.233 ; 12.233 ; 12.233 ; 12.233 ;
; ADDR[5]    ; VALUE[3]    ; 12.203 ; 12.203 ; 12.203 ; 12.203 ;
; ADDR[5]    ; VALUE[4]    ; 13.660 ; 13.660 ; 13.660 ; 13.660 ;
; ADDR[5]    ; VALUE[5]    ; 11.870 ; 13.021 ; 13.021 ; 11.870 ;
; MODE[0]    ; MODE_L0     ; 4.635  ;        ;        ; 4.635  ;
; MODE[1]    ; MODE_L1     ; 4.978  ;        ;        ; 4.978  ;
; NUMMODE    ; NUMMODE_L   ; 6.359  ;        ;        ; 6.359  ;
; NUMMODE    ; SEG_1[0]    ; 6.568  ; 6.568  ; 6.568  ; 6.568  ;
; NUMMODE    ; SEG_1[1]    ; 6.151  ;        ;        ; 6.151  ;
; NUMMODE    ; SEG_1[2]    ; 6.185  ; 6.185  ; 6.185  ; 6.185  ;
; NUMMODE    ; SEG_1[3]    ; 6.199  ; 6.199  ; 6.199  ; 6.199  ;
; NUMMODE    ; SEG_1[4]    ; 6.198  ; 6.198  ; 6.198  ; 6.198  ;
; NUMMODE    ; SEG_1[5]    ;        ; 6.569  ; 6.569  ;        ;
; NUMMODE    ; SEG_1[6]    ;        ; 6.352  ; 6.352  ;        ;
; NUMMODE    ; SEG_2[0]    ; 7.333  ; 7.333  ; 7.333  ; 7.333  ;
; NUMMODE    ; SEG_2[1]    ; 7.183  ; 7.183  ; 7.183  ; 7.183  ;
; NUMMODE    ; SEG_2[2]    ; 7.210  ; 7.210  ; 7.210  ; 7.210  ;
; NUMMODE    ; SEG_2[3]    ; 6.971  ; 6.971  ; 6.971  ; 6.971  ;
; NUMMODE    ; SEG_2[4]    ; 7.005  ; 7.005  ; 7.005  ; 7.005  ;
; NUMMODE    ; SEG_2[5]    ; 7.003  ; 7.003  ; 7.003  ; 7.003  ;
; NUMMODE    ; SEG_2[6]    ; 6.979  ; 6.979  ; 6.979  ; 6.979  ;
+------------+-------------+--------+--------+--------+--------+


+----------------------------------------------------------+
; Minimum Progagation Delay                                ;
+------------+-------------+-------+-------+-------+-------+
; Input Port ; Output Port ; RR    ; RF    ; FR    ; FF    ;
+------------+-------------+-------+-------+-------+-------+
; ADDR[0]    ; ADDR_L0     ; 2.615 ;       ;       ; 2.615 ;
; ADDR[0]    ; SEG_1[0]    ; 5.397 ; 5.397 ; 5.397 ; 5.397 ;
; ADDR[0]    ; SEG_1[1]    ; 5.251 ; 5.251 ; 5.251 ; 5.251 ;
; ADDR[0]    ; SEG_1[2]    ; 5.229 ; 5.229 ; 5.229 ; 5.229 ;
; ADDR[0]    ; SEG_1[3]    ; 5.241 ; 5.241 ; 5.241 ; 5.241 ;
; ADDR[0]    ; SEG_1[4]    ; 5.241 ; 5.241 ; 5.241 ; 5.241 ;
; ADDR[0]    ; SEG_1[5]    ; 5.398 ; 5.398 ; 5.398 ; 5.398 ;
; ADDR[0]    ; SEG_1[6]    ; 5.328 ; 5.363 ; 5.363 ; 5.328 ;
; ADDR[0]    ; SEG_2[0]    ; 5.426 ; 5.426 ; 5.426 ; 5.426 ;
; ADDR[0]    ; SEG_2[1]    ; 5.280 ; 5.280 ; 5.280 ; 5.280 ;
; ADDR[0]    ; SEG_2[2]    ; 5.452 ; 5.452 ; 5.452 ; 5.452 ;
; ADDR[0]    ; SEG_2[3]    ; 5.507 ; 5.507 ; 5.507 ; 5.507 ;
; ADDR[0]    ; SEG_2[4]    ; 5.317 ; 5.317 ; 5.317 ; 5.317 ;
; ADDR[0]    ; SEG_2[5]    ; 5.390 ; 5.390 ; 5.390 ; 5.390 ;
; ADDR[0]    ; SEG_2[6]    ; 5.325 ; 5.325 ; 5.325 ; 5.325 ;
; ADDR[0]    ; VALUE[0]    ; 4.497 ; 4.473 ; 4.473 ; 4.497 ;
; ADDR[0]    ; VALUE[1]    ; 4.246 ; 4.246 ; 4.246 ; 4.246 ;
; ADDR[0]    ; VALUE[2]    ; 4.679 ; 4.679 ; 4.679 ; 4.679 ;
; ADDR[0]    ; VALUE[3]    ; 4.779 ; 4.671 ; 4.671 ; 4.779 ;
; ADDR[0]    ; VALUE[4]    ; 4.519 ; 4.519 ; 4.519 ; 4.519 ;
; ADDR[0]    ; VALUE[5]    ; 5.372 ; 5.372 ; 5.372 ; 5.372 ;
; ADDR[1]    ; ADDR_L1     ; 2.866 ;       ;       ; 2.866 ;
; ADDR[1]    ; SEG_1[0]    ; 5.782 ; 5.782 ; 5.782 ; 5.782 ;
; ADDR[1]    ; SEG_1[1]    ; 5.637 ; 5.637 ; 5.637 ; 5.637 ;
; ADDR[1]    ; SEG_1[2]    ; 5.614 ; 5.614 ; 5.614 ; 5.614 ;
; ADDR[1]    ; SEG_1[3]    ; 5.626 ; 5.626 ; 5.626 ; 5.626 ;
; ADDR[1]    ; SEG_1[4]    ; 5.626 ; 5.626 ; 5.626 ; 5.626 ;
; ADDR[1]    ; SEG_1[5]    ; 5.783 ; 5.783 ; 5.783 ; 5.783 ;
; ADDR[1]    ; SEG_1[6]    ; 5.713 ; 5.713 ; 5.713 ; 5.713 ;
; ADDR[1]    ; SEG_2[0]    ; 5.806 ; 5.806 ; 5.806 ; 5.806 ;
; ADDR[1]    ; SEG_2[1]    ; 5.660 ; 5.660 ; 5.660 ; 5.660 ;
; ADDR[1]    ; SEG_2[2]    ; 5.802 ; 5.802 ; 5.802 ; 5.802 ;
; ADDR[1]    ; SEG_2[3]    ; 5.857 ; 5.857 ; 5.857 ; 5.857 ;
; ADDR[1]    ; SEG_2[4]    ; 5.697 ; 5.697 ; 5.697 ; 5.697 ;
; ADDR[1]    ; SEG_2[5]    ; 5.770 ; 5.770 ; 5.770 ; 5.770 ;
; ADDR[1]    ; SEG_2[6]    ; 5.705 ; 5.705 ; 5.705 ; 5.705 ;
; ADDR[1]    ; VALUE[0]    ; 4.730 ; 4.730 ; 4.730 ; 4.730 ;
; ADDR[1]    ; VALUE[1]    ; 4.800 ; 4.800 ; 4.800 ; 4.800 ;
; ADDR[1]    ; VALUE[2]    ; 5.029 ; 5.029 ; 5.029 ; 5.029 ;
; ADDR[1]    ; VALUE[3]    ; 5.051 ; 5.051 ; 5.051 ; 5.051 ;
; ADDR[1]    ; VALUE[4]    ; 5.006 ; 5.006 ; 5.006 ; 5.006 ;
; ADDR[1]    ; VALUE[5]    ; 5.827 ; 5.770 ; 5.770 ; 5.827 ;
; ADDR[2]    ; ADDR_L2     ; 2.626 ;       ;       ; 2.626 ;
; ADDR[2]    ; SEG_1[0]    ; 5.371 ; 5.371 ; 5.371 ; 5.371 ;
; ADDR[2]    ; SEG_1[1]    ; 5.404 ; 5.226 ; 5.226 ; 5.404 ;
; ADDR[2]    ; SEG_1[2]    ; 5.203 ; 5.203 ; 5.203 ; 5.203 ;
; ADDR[2]    ; SEG_1[3]    ; 5.215 ; 5.215 ; 5.215 ; 5.215 ;
; ADDR[2]    ; SEG_1[4]    ; 5.215 ; 5.215 ; 5.215 ; 5.215 ;
; ADDR[2]    ; SEG_1[5]    ; 5.372 ; 5.372 ; 5.372 ; 5.372 ;
; ADDR[2]    ; SEG_1[6]    ; 5.302 ; 5.516 ; 5.516 ; 5.302 ;
; ADDR[2]    ; SEG_2[0]    ; 5.395 ; 5.395 ; 5.395 ; 5.395 ;
; ADDR[2]    ; SEG_2[1]    ; 5.249 ; 5.249 ; 5.249 ; 5.249 ;
; ADDR[2]    ; SEG_2[2]    ; 5.393 ; 5.393 ; 5.393 ; 5.393 ;
; ADDR[2]    ; SEG_2[3]    ; 5.448 ; 5.448 ; 5.448 ; 5.448 ;
; ADDR[2]    ; SEG_2[4]    ; 5.286 ; 5.286 ; 5.286 ; 5.286 ;
; ADDR[2]    ; SEG_2[5]    ; 5.359 ; 5.359 ; 5.359 ; 5.359 ;
; ADDR[2]    ; SEG_2[6]    ; 5.294 ; 5.294 ; 5.294 ; 5.294 ;
; ADDR[2]    ; VALUE[0]    ; 4.767 ; 4.424 ; 4.424 ; 4.767 ;
; ADDR[2]    ; VALUE[1]    ; 4.387 ; 4.322 ; 4.322 ; 4.387 ;
; ADDR[2]    ; VALUE[2]    ; 4.938 ; 4.620 ; 4.620 ; 4.938 ;
; ADDR[2]    ; VALUE[3]    ; 5.153 ; 4.640 ; 4.640 ; 5.153 ;
; ADDR[2]    ; VALUE[4]    ; 4.672 ; 4.508 ; 4.508 ; 4.672 ;
; ADDR[2]    ; VALUE[5]    ; 5.747 ; 5.537 ; 5.537 ; 5.747 ;
; ADDR[3]    ; ADDR_L3     ; 2.524 ;       ;       ; 2.524 ;
; ADDR[3]    ; SEG_1[0]    ; 5.529 ; 5.529 ; 5.529 ; 5.529 ;
; ADDR[3]    ; SEG_1[1]    ; 5.358 ; 5.536 ; 5.536 ; 5.358 ;
; ADDR[3]    ; SEG_1[2]    ; 5.361 ; 5.361 ; 5.361 ; 5.361 ;
; ADDR[3]    ; SEG_1[3]    ; 5.373 ; 5.373 ; 5.373 ; 5.373 ;
; ADDR[3]    ; SEG_1[4]    ; 5.373 ; 5.373 ; 5.373 ; 5.373 ;
; ADDR[3]    ; SEG_1[5]    ; 5.530 ; 5.530 ; 5.530 ; 5.530 ;
; ADDR[3]    ; SEG_1[6]    ; 5.648 ; 5.470 ; 5.470 ; 5.648 ;
; ADDR[3]    ; SEG_2[0]    ; 5.736 ; 5.736 ; 5.736 ; 5.736 ;
; ADDR[3]    ; SEG_2[1]    ; 5.518 ; 5.518 ; 5.518 ; 5.518 ;
; ADDR[3]    ; SEG_2[2]    ; 5.618 ; 5.618 ; 5.618 ; 5.618 ;
; ADDR[3]    ; SEG_2[3]    ; 5.673 ; 5.673 ; 5.673 ; 5.673 ;
; ADDR[3]    ; SEG_2[4]    ; 5.627 ; 5.627 ; 5.627 ; 5.627 ;
; ADDR[3]    ; SEG_2[5]    ; 5.700 ; 5.700 ; 5.700 ; 5.700 ;
; ADDR[3]    ; SEG_2[6]    ; 5.635 ; 5.635 ; 5.635 ; 5.635 ;
; ADDR[3]    ; VALUE[0]    ; 4.463 ; 4.469 ; 4.469 ; 4.463 ;
; ADDR[3]    ; VALUE[1]    ; 4.281 ; 4.358 ; 4.358 ; 4.281 ;
; ADDR[3]    ; VALUE[2]    ; 4.845 ; 4.956 ; 4.956 ; 4.845 ;
; ADDR[3]    ; VALUE[3]    ; 4.981 ; 5.085 ; 5.085 ; 4.981 ;
; ADDR[3]    ; VALUE[4]    ; 4.626 ; 4.804 ; 4.804 ; 4.626 ;
; ADDR[3]    ; VALUE[5]    ; 5.329 ; 5.361 ; 5.361 ; 5.329 ;
; ADDR[4]    ; ADDR_L4     ; 3.112 ;       ;       ; 3.112 ;
; ADDR[4]    ; SEG_1[0]    ; 5.039 ; 5.039 ; 5.039 ; 5.039 ;
; ADDR[4]    ; SEG_1[1]    ; 5.035 ; 4.868 ; 4.868 ; 5.035 ;
; ADDR[4]    ; SEG_1[2]    ; 4.871 ; 4.871 ; 4.871 ; 4.871 ;
; ADDR[4]    ; SEG_1[3]    ; 4.883 ; 4.883 ; 4.883 ; 4.883 ;
; ADDR[4]    ; SEG_1[4]    ; 4.883 ; 4.883 ; 4.883 ; 4.883 ;
; ADDR[4]    ; SEG_1[5]    ; 5.040 ; 5.040 ; 5.040 ; 5.040 ;
; ADDR[4]    ; SEG_1[6]    ; 4.980 ; 5.147 ; 5.147 ; 4.980 ;
; ADDR[4]    ; SEG_2[0]    ; 5.274 ; 5.274 ; 5.274 ; 5.274 ;
; ADDR[4]    ; SEG_2[1]    ; 5.003 ; 5.003 ; 5.003 ; 5.003 ;
; ADDR[4]    ; SEG_2[2]    ; 5.100 ; 5.100 ; 5.100 ; 5.100 ;
; ADDR[4]    ; SEG_2[3]    ; 5.155 ; 5.155 ; 5.155 ; 5.155 ;
; ADDR[4]    ; SEG_2[4]    ; 5.165 ; 5.165 ; 5.165 ; 5.165 ;
; ADDR[4]    ; SEG_2[5]    ; 5.238 ; 5.238 ; 5.238 ; 5.238 ;
; ADDR[4]    ; SEG_2[6]    ; 5.173 ; 5.173 ; 5.173 ; 5.173 ;
; ADDR[4]    ; VALUE[0]    ; 4.132 ; 4.000 ; 4.000 ; 4.132 ;
; ADDR[4]    ; VALUE[1]    ; 3.838 ; 3.890 ; 3.890 ; 3.838 ;
; ADDR[4]    ; VALUE[2]    ; 4.327 ; 4.738 ; 4.738 ; 4.327 ;
; ADDR[4]    ; VALUE[3]    ; 4.519 ; 4.759 ; 4.759 ; 4.519 ;
; ADDR[4]    ; VALUE[4]    ; 4.303 ; 4.136 ; 4.136 ; 4.303 ;
; ADDR[4]    ; VALUE[5]    ; 5.177 ; 5.055 ; 5.055 ; 5.177 ;
; ADDR[5]    ; ADDR_L5     ; 3.245 ;       ;       ; 3.245 ;
; ADDR[5]    ; SEG_1[0]    ; 5.187 ; 5.187 ; 5.187 ; 5.187 ;
; ADDR[5]    ; SEG_1[1]    ; 5.547 ; 5.016 ; 5.016 ; 5.547 ;
; ADDR[5]    ; SEG_1[2]    ; 5.019 ; 5.019 ; 5.019 ; 5.019 ;
; ADDR[5]    ; SEG_1[3]    ; 5.031 ; 5.031 ; 5.031 ; 5.031 ;
; ADDR[5]    ; SEG_1[4]    ; 5.031 ; 5.031 ; 5.031 ; 5.031 ;
; ADDR[5]    ; SEG_1[5]    ; 5.188 ; 5.188 ; 5.188 ; 5.188 ;
; ADDR[5]    ; SEG_1[6]    ; 5.128 ; 5.630 ; 5.630 ; 5.128 ;
; ADDR[5]    ; SEG_2[0]    ; 5.688 ; 5.688 ; 5.688 ; 5.688 ;
; ADDR[5]    ; SEG_2[1]    ; 5.373 ; 5.373 ; 5.373 ; 5.373 ;
; ADDR[5]    ; SEG_2[2]    ; 5.660 ; 5.660 ; 5.660 ; 5.660 ;
; ADDR[5]    ; SEG_2[3]    ; 5.640 ; 5.640 ; 5.640 ; 5.640 ;
; ADDR[5]    ; SEG_2[4]    ; 5.523 ; 5.523 ; 5.523 ; 5.523 ;
; ADDR[5]    ; SEG_2[5]    ; 5.506 ; 5.506 ; 5.506 ; 5.506 ;
; ADDR[5]    ; SEG_2[6]    ; 5.526 ; 5.526 ; 5.526 ; 5.526 ;
; ADDR[5]    ; VALUE[0]    ; 4.681 ; 4.371 ; 4.371 ; 4.681 ;
; ADDR[5]    ; VALUE[1]    ; 4.198 ; 4.198 ; 4.198 ; 4.198 ;
; ADDR[5]    ; VALUE[2]    ; 4.944 ; 4.944 ; 4.944 ; 4.944 ;
; ADDR[5]    ; VALUE[3]    ; 5.074 ; 5.015 ; 5.015 ; 5.074 ;
; ADDR[5]    ; VALUE[4]    ; 5.524 ; 4.284 ; 4.284 ; 5.524 ;
; ADDR[5]    ; VALUE[5]    ; 5.242 ; 5.242 ; 5.242 ; 5.242 ;
; MODE[0]    ; MODE_L0     ; 2.289 ;       ;       ; 2.289 ;
; MODE[1]    ; MODE_L1     ; 2.423 ;       ;       ; 2.423 ;
; NUMMODE    ; NUMMODE_L   ; 3.031 ;       ;       ; 3.031 ;
; NUMMODE    ; SEG_1[0]    ; 3.099 ; 3.099 ; 3.099 ; 3.099 ;
; NUMMODE    ; SEG_1[1]    ; 2.936 ;       ;       ; 2.936 ;
; NUMMODE    ; SEG_1[2]    ; 2.931 ; 2.931 ; 2.931 ; 2.931 ;
; NUMMODE    ; SEG_1[3]    ; 2.943 ; 2.943 ; 2.943 ; 2.943 ;
; NUMMODE    ; SEG_1[4]    ; 2.944 ; 2.944 ; 2.944 ; 2.944 ;
; NUMMODE    ; SEG_1[5]    ;       ; 3.100 ; 3.100 ;       ;
; NUMMODE    ; SEG_1[6]    ;       ; 3.040 ; 3.040 ;       ;
; NUMMODE    ; SEG_2[0]    ; 3.326 ; 3.337 ; 3.337 ; 3.326 ;
; NUMMODE    ; SEG_2[1]    ; 3.307 ; 3.307 ; 3.307 ; 3.307 ;
; NUMMODE    ; SEG_2[2]    ; 3.288 ; 3.288 ; 3.288 ; 3.288 ;
; NUMMODE    ; SEG_2[3]    ; 3.140 ; 3.140 ; 3.140 ; 3.140 ;
; NUMMODE    ; SEG_2[4]    ; 3.159 ; 3.159 ; 3.159 ; 3.159 ;
; NUMMODE    ; SEG_2[5]    ; 2.942 ; 3.223 ; 3.223 ; 2.942 ;
; NUMMODE    ; SEG_2[6]    ; 3.165 ; 3.165 ; 3.165 ; 3.165 ;
+------------+-------------+-------+-------+-------+-------+


-------------------
; Clock Transfers ;
-------------------
Nothing to report.


---------------
; Report TCCS ;
---------------
No dedicated SERDES Transmitter circuitry present in device or used in design


---------------
; Report RSKM ;
---------------
No dedicated SERDES Receiver circuitry present in device or used in design


+------------------------------------------------+
; Unconstrained Paths                            ;
+---------------------------------+-------+------+
; Property                        ; Setup ; Hold ;
+---------------------------------+-------+------+
; Illegal Clocks                  ; 0     ; 0    ;
; Unconstrained Clocks            ; 1     ; 1    ;
; Unconstrained Input Ports       ; 11    ; 11   ;
; Unconstrained Input Port Paths  ; 887   ; 887  ;
; Unconstrained Output Ports      ; 37    ; 37   ;
; Unconstrained Output Port Paths ; 4841  ; 4841 ;
+---------------------------------+-------+------+


+------------------------------------+
; TimeQuest Timing Analyzer Messages ;
+------------------------------------+
Info: *******************************************************************
Info: Running Quartus II 64-Bit TimeQuest Timing Analyzer
    Info: Version 13.0.0 Build 156 04/24/2013 SJ Web Edition
    Info: Processing started: Thu Nov 02 23:51:11 2017
Info: Command: quartus_sta g08_lab3 -c g08_lab3
Info: qsta_default_script.tcl version: #1
Info (11104): Parallel Compilation has detected 4 hyper-threaded processors. However, the extra hyper-threaded processors will not be used by default. Parallel Compilation will use 2 of the 2 physical processors detected instead.
Info (21077): Low junction temperature is 0 degrees C
Info (21077): High junction temperature is 85 degrees C
Info (332164): Evaluating HDL-embedded SDC commands
    Info (332165): Entity sld_jtag_hub
        Info (332166): create_clock -name altera_reserved_tck [get_ports {altera_reserved_tck}] -period 10MHz   
        Info (332166): set_clock_groups -asynchronous -group {altera_reserved_tck}
Critical Warning (332012): Synopsys Design Constraints File file not found: 'g08_lab3.sdc'. A Synopsys Design Constraints File is required by the TimeQuest Timing Analyzer to get proper timing constraints. Without it, the Compiler will not properly optimize the design.
Warning (332060): Node: CLK was determined to be a clock but was found without an associated clock assignment.
Info: Found TIMEQUEST_REPORT_SCRIPT_INCLUDE_DEFAULT_ANALYSIS = ON
Info: Analyzing Slow Model
Info (332140): No fmax paths to report
Info (332140): No Setup paths to report
Info (332140): No Hold paths to report
Info (332140): No Recovery paths to report
Info (332140): No Removal paths to report
Info (332146): Worst-case minimum pulse width slack is 97.531
    Info (332119):     Slack End Point TNS Clock 
    Info (332119): ========= ============= =====================
    Info (332119):    97.531         0.000 altera_reserved_tck 
Info (332001): The selected device family is not supported by the report_metastability command.
Info: Analyzing Fast Model
Warning (332060): Node: CLK was determined to be a clock but was found without an associated clock assignment.
Info (332140): No Setup paths to report
Info (332140): No Hold paths to report
Info (332140): No Recovery paths to report
Info (332140): No Removal paths to report
Info (332146): Worst-case minimum pulse width slack is 97.778
    Info (332119):     Slack End Point TNS Clock 
    Info (332119): ========= ============= =====================
    Info (332119):    97.778         0.000 altera_reserved_tck 
Info (332001): The selected device family is not supported by the report_metastability command.
Info (332102): Design is not fully constrained for setup requirements
Info (332102): Design is not fully constrained for hold requirements
Info: Quartus II 64-Bit TimeQuest Timing Analyzer was successful. 0 errors, 3 warnings
    Info: Peak virtual memory: 490 megabytes
    Info: Processing ended: Thu Nov 02 23:51:16 2017
    Info: Elapsed time: 00:00:05
    Info: Total CPU time (on all processors): 00:00:04


