TimeQuest Timing Analyzer report for g08_lab3
Mon Nov 06 14:57:16 2017
Quartus II 64-Bit Version 13.0.0 Build 156 04/24/2013 SJ Web Edition


---------------------
; Table of Contents ;
---------------------
  1. Legal Notice
  2. TimeQuest Timing Analyzer Summary
  3. Parallel Compilation
  4. Clocks
  5. Slow Model Fmax Summary
  6. Slow Model Setup Summary
  7. Slow Model Hold Summary
  8. Slow Model Recovery Summary
  9. Slow Model Removal Summary
 10. Slow Model Minimum Pulse Width Summary
 11. Slow Model Minimum Pulse Width: 'altera_reserved_tck'
 12. Propagation Delay
 13. Minimum Propagation Delay
 14. Fast Model Setup Summary
 15. Fast Model Hold Summary
 16. Fast Model Recovery Summary
 17. Fast Model Removal Summary
 18. Fast Model Minimum Pulse Width Summary
 19. Fast Model Minimum Pulse Width: 'altera_reserved_tck'
 20. Propagation Delay
 21. Minimum Propagation Delay
 22. Multicorner Timing Analysis Summary
 23. Progagation Delay
 24. Minimum Progagation Delay
 25. Clock Transfers
 26. Report TCCS
 27. Report RSKM
 28. Unconstrained Paths
 29. TimeQuest Timing Analyzer Messages



----------------
; Legal Notice ;
----------------
Copyright (C) 1991-2013 Altera Corporation
Your use of Altera Corporation's design tools, logic functions 
and other software and tools, and its AMPP partner logic 
functions, and any output files from any of the foregoing 
(including device programming or simulation files), and any 
associated documentation or information are expressly subject 
to the terms and conditions of the Altera Program License 
Subscription Agreement, Altera MegaCore Function License 
Agreement, or other applicable license agreement, including, 
without limitation, that your use is for the sole purpose of 
programming logic devices manufactured by Altera and sold by 
Altera or its authorized distributors.  Please refer to the 
applicable agreement for further details.



+-------------------------------------------------------------------------+
; TimeQuest Timing Analyzer Summary                                       ;
+--------------------+----------------------------------------------------+
; Quartus II Version ; Version 13.0.0 Build 156 04/24/2013 SJ Web Edition ;
; Revision Name      ; g08_lab3                                           ;
; Device Family      ; Cyclone II                                         ;
; Device Name        ; EP2C20F484C7                                       ;
; Timing Models      ; Final                                              ;
; Delay Model        ; Combined                                           ;
; Rise/Fall Delays   ; Unavailable                                        ;
+--------------------+----------------------------------------------------+


+------------------------------------------+
; Parallel Compilation                     ;
+----------------------------+-------------+
; Processors                 ; Number      ;
+----------------------------+-------------+
; Number detected on machine ; 4           ;
; Maximum allowed            ; 2           ;
;                            ;             ;
; Average used               ; 1.00        ;
; Maximum used               ; 1           ;
;                            ;             ;
; Usage by Processor         ; % Time Used ;
;     Processor 1            ; 100.0%      ;
;     Processors 2-4         ;   0.0%      ;
+----------------------------+-------------+


+-----------------------------------------------------------------------------------------------------------------------------------------------------------------------------------------------------------+
; Clocks                                                                                                                                                                                                    ;
+---------------------+------+---------+-----------+-------+--------+------------+-----------+-------------+-------+--------+-----------+------------+----------+--------+--------+-------------------------+
; Clock Name          ; Type ; Period  ; Frequency ; Rise  ; Fall   ; Duty Cycle ; Divide by ; Multiply by ; Phase ; Offset ; Edge List ; Edge Shift ; Inverted ; Master ; Source ; Targets                 ;
+---------------------+------+---------+-----------+-------+--------+------------+-----------+-------------+-------+--------+-----------+------------+----------+--------+--------+-------------------------+
; altera_reserved_tck ; Base ; 100.000 ; 10.0 MHz  ; 0.000 ; 50.000 ;            ;           ;             ;       ;        ;           ;            ;          ;        ;        ; { altera_reserved_tck } ;
+---------------------+------+---------+-----------+-------+--------+------------+-----------+-------------+-------+--------+-----------+------------+----------+--------+--------+-------------------------+


---------------------------
; Slow Model Fmax Summary ;
---------------------------
No paths to report.


----------------------------
; Slow Model Setup Summary ;
----------------------------
No paths to report.


---------------------------
; Slow Model Hold Summary ;
---------------------------
No paths to report.


-------------------------------
; Slow Model Recovery Summary ;
-------------------------------
No paths to report.


------------------------------
; Slow Model Removal Summary ;
------------------------------
No paths to report.


+----------------------------------------------+
; Slow Model Minimum Pulse Width Summary       ;
+---------------------+--------+---------------+
; Clock               ; Slack  ; End Point TNS ;
+---------------------+--------+---------------+
; altera_reserved_tck ; 97.531 ; 0.000         ;
+---------------------+--------+---------------+


+-------------------------------------------------------------------------------------------------------------+
; Slow Model Minimum Pulse Width: 'altera_reserved_tck'                                                       ;
+--------+--------------+----------------+-----------+---------------------+------------+---------------------+
; Slack  ; Actual Width ; Required Width ; Type      ; Clock               ; Clock Edge ; Target              ;
+--------+--------------+----------------+-----------+---------------------+------------+---------------------+
; 97.531 ; 100.000      ; 2.469          ; Port Rate ; altera_reserved_tck ; Rise       ; altera_reserved_tck ;
+--------+--------------+----------------+-----------+---------------------+------------+---------------------+


+--------------------------------------------------------------+
; Propagation Delay                                            ;
+------------+-------------+--------+--------+--------+--------+
; Input Port ; Output Port ; RR     ; RF     ; FR     ; FF     ;
+------------+-------------+--------+--------+--------+--------+
; ADDR[0]    ; ADDR_L0     ; 5.387  ;        ;        ; 5.387  ;
; ADDR[0]    ; SEG_1[0]    ; 18.367 ; 18.367 ; 18.367 ; 18.367 ;
; ADDR[0]    ; SEG_1[1]    ; 18.321 ; 18.321 ; 18.321 ; 18.321 ;
; ADDR[0]    ; SEG_1[2]    ; 18.341 ; 18.341 ; 18.341 ; 18.341 ;
; ADDR[0]    ; SEG_1[3]    ; 18.351 ; 18.351 ; 18.351 ; 18.351 ;
; ADDR[0]    ; SEG_1[4]    ; 18.369 ; 18.369 ; 18.369 ; 18.369 ;
; ADDR[0]    ; SEG_1[5]    ; 18.387 ; 18.387 ; 18.387 ; 18.387 ;
; ADDR[0]    ; SEG_1[6]    ; 18.382 ; 18.382 ; 18.382 ; 18.382 ;
; ADDR[0]    ; SEG_2[0]    ; 21.712 ; 21.712 ; 21.712 ; 21.712 ;
; ADDR[0]    ; SEG_2[1]    ; 20.598 ; 20.598 ; 20.598 ; 20.598 ;
; ADDR[0]    ; SEG_2[2]    ; 21.748 ; 21.748 ; 21.748 ; 21.748 ;
; ADDR[0]    ; SEG_2[3]    ; 22.200 ; 22.200 ; 22.200 ; 22.200 ;
; ADDR[0]    ; SEG_2[4]    ; 22.118 ; 22.118 ; 22.118 ; 22.118 ;
; ADDR[0]    ; SEG_2[5]    ; 22.074 ; 22.074 ; 22.074 ; 22.074 ;
; ADDR[0]    ; SEG_2[6]    ; 22.084 ; 22.084 ; 22.084 ; 22.084 ;
; ADDR[0]    ; VALUE[0]    ; 13.005 ; 13.005 ; 13.005 ; 13.005 ;
; ADDR[0]    ; VALUE[1]    ; 12.672 ; 12.672 ; 12.672 ; 12.672 ;
; ADDR[0]    ; VALUE[2]    ; 12.348 ; 12.348 ; 12.348 ; 12.348 ;
; ADDR[0]    ; VALUE[3]    ; 13.275 ; 13.275 ; 13.275 ; 13.275 ;
; ADDR[0]    ; VALUE[4]    ; 14.723 ; 14.723 ; 14.723 ; 14.723 ;
; ADDR[0]    ; VALUE[5]    ; 14.502 ; 14.502 ; 14.502 ; 14.502 ;
; ADDR[1]    ; ADDR_L1     ; 5.817  ;        ;        ; 5.817  ;
; ADDR[1]    ; SEG_1[0]    ; 19.246 ; 19.246 ; 19.246 ; 19.246 ;
; ADDR[1]    ; SEG_1[1]    ; 19.200 ; 19.200 ; 19.200 ; 19.200 ;
; ADDR[1]    ; SEG_1[2]    ; 19.220 ; 19.220 ; 19.220 ; 19.220 ;
; ADDR[1]    ; SEG_1[3]    ; 19.230 ; 19.230 ; 19.230 ; 19.230 ;
; ADDR[1]    ; SEG_1[4]    ; 19.248 ; 19.248 ; 19.248 ; 19.248 ;
; ADDR[1]    ; SEG_1[5]    ; 19.266 ; 19.266 ; 19.266 ; 19.266 ;
; ADDR[1]    ; SEG_1[6]    ; 19.261 ; 19.261 ; 19.261 ; 19.261 ;
; ADDR[1]    ; SEG_2[0]    ; 22.591 ; 22.591 ; 22.591 ; 22.591 ;
; ADDR[1]    ; SEG_2[1]    ; 21.477 ; 21.477 ; 21.477 ; 21.477 ;
; ADDR[1]    ; SEG_2[2]    ; 22.627 ; 22.627 ; 22.627 ; 22.627 ;
; ADDR[1]    ; SEG_2[3]    ; 23.079 ; 23.079 ; 23.079 ; 23.079 ;
; ADDR[1]    ; SEG_2[4]    ; 22.997 ; 22.997 ; 22.997 ; 22.997 ;
; ADDR[1]    ; SEG_2[5]    ; 22.953 ; 22.953 ; 22.953 ; 22.953 ;
; ADDR[1]    ; SEG_2[6]    ; 22.963 ; 22.963 ; 22.963 ; 22.963 ;
; ADDR[1]    ; VALUE[0]    ; 13.884 ; 13.884 ; 13.884 ; 13.884 ;
; ADDR[1]    ; VALUE[1]    ; 13.439 ; 12.805 ; 12.805 ; 13.439 ;
; ADDR[1]    ; VALUE[2]    ; 13.580 ; 13.201 ; 13.201 ; 13.580 ;
; ADDR[1]    ; VALUE[3]    ; 14.408 ; 14.408 ; 14.408 ; 14.408 ;
; ADDR[1]    ; VALUE[4]    ; 15.888 ; 15.888 ; 15.888 ; 15.888 ;
; ADDR[1]    ; VALUE[5]    ; 15.384 ; 14.879 ; 14.879 ; 15.384 ;
; ADDR[2]    ; ADDR_L2     ; 5.305  ;        ;        ; 5.305  ;
; ADDR[2]    ; SEG_1[0]    ; 18.224 ; 18.224 ; 18.224 ; 18.224 ;
; ADDR[2]    ; SEG_1[1]    ; 18.178 ; 18.178 ; 18.178 ; 18.178 ;
; ADDR[2]    ; SEG_1[2]    ; 18.198 ; 18.198 ; 18.198 ; 18.198 ;
; ADDR[2]    ; SEG_1[3]    ; 18.208 ; 18.208 ; 18.208 ; 18.208 ;
; ADDR[2]    ; SEG_1[4]    ; 18.226 ; 18.226 ; 18.226 ; 18.226 ;
; ADDR[2]    ; SEG_1[5]    ; 18.244 ; 18.244 ; 18.244 ; 18.244 ;
; ADDR[2]    ; SEG_1[6]    ; 18.239 ; 18.239 ; 18.239 ; 18.239 ;
; ADDR[2]    ; SEG_2[0]    ; 21.569 ; 21.569 ; 21.569 ; 21.569 ;
; ADDR[2]    ; SEG_2[1]    ; 20.455 ; 20.455 ; 20.455 ; 20.455 ;
; ADDR[2]    ; SEG_2[2]    ; 21.605 ; 21.605 ; 21.605 ; 21.605 ;
; ADDR[2]    ; SEG_2[3]    ; 22.057 ; 22.057 ; 22.057 ; 22.057 ;
; ADDR[2]    ; SEG_2[4]    ; 21.975 ; 21.975 ; 21.975 ; 21.975 ;
; ADDR[2]    ; SEG_2[5]    ; 21.931 ; 21.931 ; 21.931 ; 21.931 ;
; ADDR[2]    ; SEG_2[6]    ; 21.941 ; 21.941 ; 21.941 ; 21.941 ;
; ADDR[2]    ; VALUE[0]    ; 12.862 ; 12.862 ; 12.862 ; 12.862 ;
; ADDR[2]    ; VALUE[1]    ; 11.823 ; 11.338 ; 11.338 ; 11.823 ;
; ADDR[2]    ; VALUE[2]    ; 12.453 ; 12.849 ; 12.849 ; 12.453 ;
; ADDR[2]    ; VALUE[3]    ; 13.327 ; 13.078 ; 13.078 ; 13.327 ;
; ADDR[2]    ; VALUE[4]    ; 14.538 ; 14.538 ; 14.538 ; 14.538 ;
; ADDR[2]    ; VALUE[5]    ; 13.899 ; 13.043 ; 13.043 ; 13.899 ;
; ADDR[3]    ; ADDR_L3     ; 6.094  ;        ;        ; 6.094  ;
; ADDR[3]    ; SEG_1[0]    ; 18.607 ; 18.607 ; 18.607 ; 18.607 ;
; ADDR[3]    ; SEG_1[1]    ; 18.561 ; 18.561 ; 18.561 ; 18.561 ;
; ADDR[3]    ; SEG_1[2]    ; 18.581 ; 18.581 ; 18.581 ; 18.581 ;
; ADDR[3]    ; SEG_1[3]    ; 18.591 ; 18.591 ; 18.591 ; 18.591 ;
; ADDR[3]    ; SEG_1[4]    ; 18.609 ; 18.609 ; 18.609 ; 18.609 ;
; ADDR[3]    ; SEG_1[5]    ; 18.627 ; 18.627 ; 18.627 ; 18.627 ;
; ADDR[3]    ; SEG_1[6]    ; 18.622 ; 18.622 ; 18.622 ; 18.622 ;
; ADDR[3]    ; SEG_2[0]    ; 21.952 ; 21.952 ; 21.952 ; 21.952 ;
; ADDR[3]    ; SEG_2[1]    ; 20.838 ; 20.838 ; 20.838 ; 20.838 ;
; ADDR[3]    ; SEG_2[2]    ; 21.988 ; 21.988 ; 21.988 ; 21.988 ;
; ADDR[3]    ; SEG_2[3]    ; 22.440 ; 22.440 ; 22.440 ; 22.440 ;
; ADDR[3]    ; SEG_2[4]    ; 22.358 ; 22.358 ; 22.358 ; 22.358 ;
; ADDR[3]    ; SEG_2[5]    ; 22.314 ; 22.314 ; 22.314 ; 22.314 ;
; ADDR[3]    ; SEG_2[6]    ; 22.324 ; 22.324 ; 22.324 ; 22.324 ;
; ADDR[3]    ; VALUE[0]    ; 13.245 ; 13.245 ; 13.245 ; 13.245 ;
; ADDR[3]    ; VALUE[1]    ; 11.925 ; 11.925 ; 11.925 ; 11.925 ;
; ADDR[3]    ; VALUE[2]    ; 11.840 ; 11.840 ; 11.840 ; 11.840 ;
; ADDR[3]    ; VALUE[3]    ; 13.419 ; 13.419 ; 13.419 ; 13.419 ;
; ADDR[3]    ; VALUE[4]    ; 15.463 ; 15.463 ; 15.463 ; 15.463 ;
; ADDR[3]    ; VALUE[5]    ; 12.552 ; 12.655 ; 12.655 ; 12.552 ;
; ADDR[4]    ; ADDR_L4     ; 5.248  ;        ;        ; 5.248  ;
; ADDR[4]    ; SEG_1[0]    ; 17.356 ; 17.356 ; 17.356 ; 17.356 ;
; ADDR[4]    ; SEG_1[1]    ; 17.310 ; 17.310 ; 17.310 ; 17.310 ;
; ADDR[4]    ; SEG_1[2]    ; 17.330 ; 17.330 ; 17.330 ; 17.330 ;
; ADDR[4]    ; SEG_1[3]    ; 17.340 ; 17.340 ; 17.340 ; 17.340 ;
; ADDR[4]    ; SEG_1[4]    ; 17.358 ; 17.358 ; 17.358 ; 17.358 ;
; ADDR[4]    ; SEG_1[5]    ; 17.376 ; 17.376 ; 17.376 ; 17.376 ;
; ADDR[4]    ; SEG_1[6]    ; 17.371 ; 17.371 ; 17.371 ; 17.371 ;
; ADDR[4]    ; SEG_2[0]    ; 20.701 ; 20.701 ; 20.701 ; 20.701 ;
; ADDR[4]    ; SEG_2[1]    ; 19.587 ; 19.587 ; 19.587 ; 19.587 ;
; ADDR[4]    ; SEG_2[2]    ; 20.737 ; 20.737 ; 20.737 ; 20.737 ;
; ADDR[4]    ; SEG_2[3]    ; 21.189 ; 21.189 ; 21.189 ; 21.189 ;
; ADDR[4]    ; SEG_2[4]    ; 21.107 ; 21.107 ; 21.107 ; 21.107 ;
; ADDR[4]    ; SEG_2[5]    ; 21.063 ; 21.063 ; 21.063 ; 21.063 ;
; ADDR[4]    ; SEG_2[6]    ; 21.073 ; 21.073 ; 21.073 ; 21.073 ;
; ADDR[4]    ; VALUE[0]    ; 11.994 ; 11.994 ; 11.994 ; 11.994 ;
; ADDR[4]    ; VALUE[1]    ; 10.675 ; 10.675 ; 10.675 ; 10.675 ;
; ADDR[4]    ; VALUE[2]    ; 10.501 ; 10.891 ; 10.891 ; 10.501 ;
; ADDR[4]    ; VALUE[3]    ; 12.169 ; 12.169 ; 12.169 ; 12.169 ;
; ADDR[4]    ; VALUE[4]    ; 14.213 ; 14.213 ; 14.213 ; 14.213 ;
; ADDR[4]    ; VALUE[5]    ; 11.260 ; 11.223 ; 11.223 ; 11.260 ;
; ADDR[5]    ; ADDR_L5     ; 6.713  ;        ;        ; 6.713  ;
; ADDR[5]    ; SEG_1[0]    ; 17.560 ; 17.560 ; 17.560 ; 17.560 ;
; ADDR[5]    ; SEG_1[1]    ; 16.394 ; 17.514 ; 17.514 ; 16.394 ;
; ADDR[5]    ; SEG_1[2]    ; 17.534 ; 17.534 ; 17.534 ; 17.534 ;
; ADDR[5]    ; SEG_1[3]    ; 17.544 ; 17.544 ; 17.544 ; 17.544 ;
; ADDR[5]    ; SEG_1[4]    ; 17.562 ; 17.562 ; 17.562 ; 17.562 ;
; ADDR[5]    ; SEG_1[5]    ; 17.580 ; 17.580 ; 17.580 ; 17.580 ;
; ADDR[5]    ; SEG_1[6]    ; 17.575 ; 16.455 ; 16.455 ; 17.575 ;
; ADDR[5]    ; SEG_2[0]    ; 20.905 ; 20.905 ; 20.905 ; 20.905 ;
; ADDR[5]    ; SEG_2[1]    ; 19.791 ; 19.791 ; 19.791 ; 19.791 ;
; ADDR[5]    ; SEG_2[2]    ; 20.941 ; 20.941 ; 20.941 ; 20.941 ;
; ADDR[5]    ; SEG_2[3]    ; 21.393 ; 21.393 ; 21.393 ; 21.393 ;
; ADDR[5]    ; SEG_2[4]    ; 21.311 ; 21.311 ; 21.311 ; 21.311 ;
; ADDR[5]    ; SEG_2[5]    ; 21.267 ; 21.267 ; 21.267 ; 21.267 ;
; ADDR[5]    ; SEG_2[6]    ; 21.277 ; 21.277 ; 21.277 ; 21.277 ;
; ADDR[5]    ; VALUE[0]    ; 11.078 ; 11.518 ; 11.518 ; 11.078 ;
; ADDR[5]    ; VALUE[1]    ; 10.434 ; 10.649 ; 10.649 ; 10.434 ;
; ADDR[5]    ; VALUE[2]    ; 10.108 ; 12.192 ; 12.192 ; 10.108 ;
; ADDR[5]    ; VALUE[3]    ; 11.464 ; 13.430 ; 13.430 ; 11.464 ;
; ADDR[5]    ; VALUE[4]    ; 13.298 ; 13.298 ; 13.298 ; 13.298 ;
; ADDR[5]    ; VALUE[5]    ; 11.639 ; 12.524 ; 12.524 ; 11.639 ;
; MODE[0]    ; MODE_L0     ; 4.635  ;        ;        ; 4.635  ;
; MODE[1]    ; MODE_L1     ; 4.985  ;        ;        ; 4.985  ;
; NUMMODE    ; NUMMODE_L   ; 6.324  ;        ;        ; 6.324  ;
; NUMMODE    ; SEG_1[0]    ; 6.444  ; 6.444  ; 6.444  ; 6.444  ;
; NUMMODE    ; SEG_1[1]    ; 6.420  ;        ;        ; 6.420  ;
; NUMMODE    ; SEG_1[2]    ; 6.443  ; 6.443  ; 6.443  ; 6.443  ;
; NUMMODE    ; SEG_1[3]    ; 6.455  ; 6.455  ; 6.455  ; 6.455  ;
; NUMMODE    ; SEG_1[4]    ; 6.470  ; 6.470  ; 6.470  ; 6.470  ;
; NUMMODE    ; SEG_1[5]    ;        ; 6.489  ; 6.489  ;        ;
; NUMMODE    ; SEG_1[6]    ;        ; 6.400  ; 6.400  ;        ;
; NUMMODE    ; SEG_2[0]    ; 7.074  ; 6.873  ; 6.873  ; 7.074  ;
; NUMMODE    ; SEG_2[1]    ; 9.690  ; 9.690  ; 9.690  ; 9.690  ;
; NUMMODE    ; SEG_2[2]    ; 7.113  ; 7.113  ; 7.113  ; 7.113  ;
; NUMMODE    ; SEG_2[3]    ; 9.768  ; 9.768  ; 9.768  ; 9.768  ;
; NUMMODE    ; SEG_2[4]    ; 7.481  ; 7.481  ; 7.481  ; 7.481  ;
; NUMMODE    ; SEG_2[5]    ; 8.772  ; 7.436  ; 7.436  ; 8.772  ;
; NUMMODE    ; SEG_2[6]    ; 7.449  ; 7.449  ; 7.449  ; 7.449  ;
+------------+-------------+--------+--------+--------+--------+


+--------------------------------------------------------------+
; Minimum Propagation Delay                                    ;
+------------+-------------+--------+--------+--------+--------+
; Input Port ; Output Port ; RR     ; RF     ; FR     ; FF     ;
+------------+-------------+--------+--------+--------+--------+
; ADDR[0]    ; ADDR_L0     ; 5.387  ;        ;        ; 5.387  ;
; ADDR[0]    ; SEG_1[0]    ; 12.138 ; 12.138 ; 12.138 ; 12.138 ;
; ADDR[0]    ; SEG_1[1]    ; 12.112 ; 12.112 ; 12.112 ; 12.112 ;
; ADDR[0]    ; SEG_1[2]    ; 12.102 ; 12.102 ; 12.102 ; 12.102 ;
; ADDR[0]    ; SEG_1[3]    ; 12.117 ; 12.117 ; 12.117 ; 12.117 ;
; ADDR[0]    ; SEG_1[4]    ; 12.128 ; 12.128 ; 12.128 ; 12.128 ;
; ADDR[0]    ; SEG_1[5]    ; 12.150 ; 12.150 ; 12.150 ; 12.150 ;
; ADDR[0]    ; SEG_1[6]    ; 12.152 ; 12.152 ; 12.152 ; 12.152 ;
; ADDR[0]    ; SEG_2[0]    ; 12.857 ; 12.857 ; 12.857 ; 12.857 ;
; ADDR[0]    ; SEG_2[1]    ; 12.039 ; 12.039 ; 12.039 ; 12.039 ;
; ADDR[0]    ; SEG_2[2]    ; 13.059 ; 13.059 ; 13.059 ; 13.059 ;
; ADDR[0]    ; SEG_2[3]    ; 13.432 ; 13.432 ; 13.432 ; 13.432 ;
; ADDR[0]    ; SEG_2[4]    ; 13.419 ; 13.419 ; 13.419 ; 13.419 ;
; ADDR[0]    ; SEG_2[5]    ; 12.835 ; 12.835 ; 12.835 ; 12.835 ;
; ADDR[0]    ; SEG_2[6]    ; 13.219 ; 13.219 ; 13.219 ; 13.219 ;
; ADDR[0]    ; VALUE[0]    ; 9.916  ; 9.822  ; 9.822  ; 9.916  ;
; ADDR[0]    ; VALUE[1]    ; 9.819  ; 9.819  ; 9.819  ; 9.819  ;
; ADDR[0]    ; VALUE[2]    ; 10.095 ; 10.095 ; 10.095 ; 10.095 ;
; ADDR[0]    ; VALUE[3]    ; 10.618 ; 10.977 ; 10.977 ; 10.618 ;
; ADDR[0]    ; VALUE[4]    ; 11.987 ; 11.987 ; 11.987 ; 11.987 ;
; ADDR[0]    ; VALUE[5]    ; 11.755 ; 11.755 ; 11.755 ; 11.755 ;
; ADDR[1]    ; ADDR_L1     ; 5.817  ;        ;        ; 5.817  ;
; ADDR[1]    ; SEG_1[0]    ; 12.442 ; 12.442 ; 12.442 ; 12.442 ;
; ADDR[1]    ; SEG_1[1]    ; 12.422 ; 12.422 ; 12.422 ; 12.422 ;
; ADDR[1]    ; SEG_1[2]    ; 12.412 ; 12.412 ; 12.412 ; 12.412 ;
; ADDR[1]    ; SEG_1[3]    ; 12.427 ; 12.427 ; 12.427 ; 12.427 ;
; ADDR[1]    ; SEG_1[4]    ; 12.441 ; 12.441 ; 12.441 ; 12.441 ;
; ADDR[1]    ; SEG_1[5]    ; 12.458 ; 12.458 ; 12.458 ; 12.458 ;
; ADDR[1]    ; SEG_1[6]    ; 12.456 ; 12.456 ; 12.456 ; 12.456 ;
; ADDR[1]    ; SEG_2[0]    ; 13.715 ; 13.715 ; 13.715 ; 13.715 ;
; ADDR[1]    ; SEG_2[1]    ; 12.464 ; 12.464 ; 12.464 ; 12.464 ;
; ADDR[1]    ; SEG_2[2]    ; 13.719 ; 13.719 ; 13.719 ; 13.719 ;
; ADDR[1]    ; SEG_2[3]    ; 14.363 ; 14.363 ; 14.363 ; 14.363 ;
; ADDR[1]    ; SEG_2[4]    ; 14.075 ; 14.075 ; 14.075 ; 14.075 ;
; ADDR[1]    ; SEG_2[5]    ; 14.030 ; 14.030 ; 14.030 ; 14.030 ;
; ADDR[1]    ; SEG_2[6]    ; 14.076 ; 14.076 ; 14.076 ; 14.076 ;
; ADDR[1]    ; VALUE[0]    ; 9.800  ; 9.800  ; 9.800  ; 9.800  ;
; ADDR[1]    ; VALUE[1]    ; 9.905  ; 9.905  ; 9.905  ; 9.905  ;
; ADDR[1]    ; VALUE[2]    ; 10.254 ; 10.254 ; 10.254 ; 10.254 ;
; ADDR[1]    ; VALUE[3]    ; 11.077 ; 11.077 ; 11.077 ; 11.077 ;
; ADDR[1]    ; VALUE[4]    ; 13.547 ; 13.547 ; 13.547 ; 13.547 ;
; ADDR[1]    ; VALUE[5]    ; 11.968 ; 11.968 ; 11.968 ; 11.968 ;
; ADDR[2]    ; ADDR_L2     ; 5.305  ;        ;        ; 5.305  ;
; ADDR[2]    ; SEG_1[0]    ; 11.207 ; 11.207 ; 11.207 ; 11.207 ;
; ADDR[2]    ; SEG_1[1]    ; 11.611 ; 11.187 ; 11.187 ; 11.611 ;
; ADDR[2]    ; SEG_1[2]    ; 11.177 ; 11.177 ; 11.177 ; 11.177 ;
; ADDR[2]    ; SEG_1[3]    ; 11.192 ; 11.192 ; 11.192 ; 11.192 ;
; ADDR[2]    ; SEG_1[4]    ; 11.630 ; 11.206 ; 11.206 ; 11.630 ;
; ADDR[2]    ; SEG_1[5]    ; 11.223 ; 11.223 ; 11.223 ; 11.223 ;
; ADDR[2]    ; SEG_1[6]    ; 11.221 ; 11.645 ; 11.645 ; 11.221 ;
; ADDR[2]    ; SEG_2[0]    ; 13.022 ; 13.022 ; 13.022 ; 13.022 ;
; ADDR[2]    ; SEG_2[1]    ; 11.496 ; 11.496 ; 11.496 ; 11.496 ;
; ADDR[2]    ; SEG_2[2]    ; 12.954 ; 12.954 ; 12.954 ; 12.954 ;
; ADDR[2]    ; SEG_2[3]    ; 13.544 ; 13.544 ; 13.544 ; 13.544 ;
; ADDR[2]    ; SEG_2[4]    ; 13.584 ; 13.584 ; 13.584 ; 13.584 ;
; ADDR[2]    ; SEG_2[5]    ; 13.000 ; 13.000 ; 13.000 ; 13.000 ;
; ADDR[2]    ; SEG_2[6]    ; 13.384 ; 13.384 ; 13.384 ; 13.384 ;
; ADDR[2]    ; VALUE[0]    ; 9.282  ; 9.282  ; 9.282  ; 9.282  ;
; ADDR[2]    ; VALUE[1]    ; 9.344  ; 8.649  ; 8.649  ; 9.344  ;
; ADDR[2]    ; VALUE[2]    ; 9.435  ; 9.435  ; 9.435  ; 9.435  ;
; ADDR[2]    ; VALUE[3]    ; 10.669 ; 10.655 ; 10.655 ; 10.669 ;
; ADDR[2]    ; VALUE[4]    ; 12.152 ; 12.152 ; 12.152 ; 12.152 ;
; ADDR[2]    ; VALUE[5]    ; 11.157 ; 10.733 ; 10.733 ; 11.157 ;
; ADDR[3]    ; ADDR_L3     ; 6.094  ;        ;        ; 6.094  ;
; ADDR[3]    ; SEG_1[0]    ; 11.545 ; 11.545 ; 11.545 ; 11.545 ;
; ADDR[3]    ; SEG_1[1]    ; 11.499 ; 12.121 ; 12.121 ; 11.499 ;
; ADDR[3]    ; SEG_1[2]    ; 11.519 ; 11.519 ; 11.519 ; 11.519 ;
; ADDR[3]    ; SEG_1[3]    ; 11.529 ; 11.529 ; 11.529 ; 11.529 ;
; ADDR[3]    ; SEG_1[4]    ; 11.547 ; 11.547 ; 11.547 ; 11.547 ;
; ADDR[3]    ; SEG_1[5]    ; 11.565 ; 11.565 ; 11.565 ; 11.565 ;
; ADDR[3]    ; SEG_1[6]    ; 12.182 ; 11.560 ; 11.560 ; 12.182 ;
; ADDR[3]    ; SEG_2[0]    ; 12.535 ; 12.535 ; 12.535 ; 12.535 ;
; ADDR[3]    ; SEG_2[1]    ; 11.453 ; 11.453 ; 11.453 ; 11.453 ;
; ADDR[3]    ; SEG_2[2]    ; 12.539 ; 12.539 ; 12.539 ; 12.539 ;
; ADDR[3]    ; SEG_2[3]    ; 13.499 ; 13.499 ; 13.499 ; 13.499 ;
; ADDR[3]    ; SEG_2[4]    ; 12.895 ; 12.895 ; 12.895 ; 12.895 ;
; ADDR[3]    ; SEG_2[5]    ; 12.900 ; 12.900 ; 12.900 ; 12.900 ;
; ADDR[3]    ; SEG_2[6]    ; 12.896 ; 12.896 ; 12.896 ; 12.896 ;
; ADDR[3]    ; VALUE[0]    ; 9.184  ; 9.459  ; 9.459  ; 9.184  ;
; ADDR[3]    ; VALUE[1]    ; 9.614  ; 9.944  ; 9.944  ; 9.614  ;
; ADDR[3]    ; VALUE[2]    ; 9.805  ; 10.595 ; 10.595 ; 9.805  ;
; ADDR[3]    ; VALUE[3]    ; 9.897  ; 10.519 ; 10.519 ; 9.897  ;
; ADDR[3]    ; VALUE[4]    ; 12.190 ; 12.474 ; 12.474 ; 12.190 ;
; ADDR[3]    ; VALUE[5]    ; 11.487 ; 12.030 ; 12.030 ; 11.487 ;
; ADDR[4]    ; ADDR_L4     ; 5.248  ;        ;        ; 5.248  ;
; ADDR[4]    ; SEG_1[0]    ; 11.465 ; 11.465 ; 11.465 ; 11.465 ;
; ADDR[4]    ; SEG_1[1]    ; 11.445 ; 11.445 ; 11.445 ; 11.445 ;
; ADDR[4]    ; SEG_1[2]    ; 11.435 ; 11.435 ; 11.435 ; 11.435 ;
; ADDR[4]    ; SEG_1[3]    ; 11.450 ; 11.450 ; 11.450 ; 11.450 ;
; ADDR[4]    ; SEG_1[4]    ; 11.464 ; 11.464 ; 11.464 ; 11.464 ;
; ADDR[4]    ; SEG_1[5]    ; 11.481 ; 11.481 ; 11.481 ; 11.481 ;
; ADDR[4]    ; SEG_1[6]    ; 11.479 ; 11.479 ; 11.479 ; 11.479 ;
; ADDR[4]    ; SEG_2[0]    ; 13.091 ; 13.091 ; 13.091 ; 13.091 ;
; ADDR[4]    ; SEG_2[1]    ; 11.949 ; 11.949 ; 11.949 ; 11.949 ;
; ADDR[4]    ; SEG_2[2]    ; 12.960 ; 12.960 ; 12.960 ; 12.960 ;
; ADDR[4]    ; SEG_2[3]    ; 13.550 ; 13.550 ; 13.550 ; 13.550 ;
; ADDR[4]    ; SEG_2[4]    ; 13.451 ; 13.451 ; 13.451 ; 13.451 ;
; ADDR[4]    ; SEG_2[5]    ; 13.079 ; 13.079 ; 13.079 ; 13.079 ;
; ADDR[4]    ; SEG_2[6]    ; 13.452 ; 13.452 ; 13.452 ; 13.452 ;
; ADDR[4]    ; VALUE[0]    ; 9.755  ; 10.217 ; 10.217 ; 9.755  ;
; ADDR[4]    ; VALUE[1]    ; 9.539  ; 9.102  ; 9.102  ; 9.539  ;
; ADDR[4]    ; VALUE[2]    ; 9.441  ; 9.557  ; 9.557  ; 9.441  ;
; ADDR[4]    ; VALUE[3]    ; 10.878 ; 10.453 ; 10.453 ; 10.878 ;
; ADDR[4]    ; VALUE[4]    ; 12.730 ; 12.231 ; 12.231 ; 12.730 ;
; ADDR[4]    ; VALUE[5]    ; 10.991 ; 10.991 ; 10.991 ; 10.991 ;
; ADDR[5]    ; ADDR_L5     ; 6.713  ;        ;        ; 6.713  ;
; ADDR[5]    ; SEG_1[0]    ; 10.813 ; 10.813 ; 10.813 ; 10.813 ;
; ADDR[5]    ; SEG_1[1]    ; 12.093 ; 10.787 ; 10.787 ; 12.093 ;
; ADDR[5]    ; SEG_1[2]    ; 10.777 ; 10.777 ; 10.777 ; 10.777 ;
; ADDR[5]    ; SEG_1[3]    ; 10.792 ; 10.792 ; 10.792 ; 10.792 ;
; ADDR[5]    ; SEG_1[4]    ; 10.803 ; 10.803 ; 10.803 ; 10.803 ;
; ADDR[5]    ; SEG_1[5]    ; 10.825 ; 10.825 ; 10.825 ; 10.825 ;
; ADDR[5]    ; SEG_1[6]    ; 10.827 ; 12.127 ; 12.127 ; 10.827 ;
; ADDR[5]    ; SEG_2[0]    ; 11.532 ; 11.532 ; 11.532 ; 11.532 ;
; ADDR[5]    ; SEG_2[1]    ; 10.714 ; 10.714 ; 10.714 ; 10.714 ;
; ADDR[5]    ; SEG_2[2]    ; 11.734 ; 11.734 ; 11.734 ; 11.734 ;
; ADDR[5]    ; SEG_2[3]    ; 12.107 ; 12.107 ; 12.107 ; 12.107 ;
; ADDR[5]    ; SEG_2[4]    ; 12.094 ; 12.094 ; 12.094 ; 12.094 ;
; ADDR[5]    ; SEG_2[5]    ; 11.510 ; 11.510 ; 11.510 ; 11.510 ;
; ADDR[5]    ; SEG_2[6]    ; 11.894 ; 11.894 ; 11.894 ; 11.894 ;
; ADDR[5]    ; VALUE[0]    ; 10.629 ; 10.629 ; 10.629 ; 10.629 ;
; ADDR[5]    ; VALUE[1]    ; 9.760  ; 9.760  ; 9.760  ; 9.760  ;
; ADDR[5]    ; VALUE[2]    ; 9.576  ; 9.576  ; 9.576  ; 9.576  ;
; ADDR[5]    ; VALUE[3]    ; 10.932 ; 10.932 ; 10.932 ; 10.932 ;
; ADDR[5]    ; VALUE[4]    ; 12.700 ; 10.662 ; 10.662 ; 12.700 ;
; ADDR[5]    ; VALUE[5]    ; 11.639 ; 11.639 ; 11.639 ; 11.639 ;
; MODE[0]    ; MODE_L0     ; 4.635  ;        ;        ; 4.635  ;
; MODE[1]    ; MODE_L1     ; 4.985  ;        ;        ; 4.985  ;
; NUMMODE    ; NUMMODE_L   ; 6.324  ;        ;        ; 6.324  ;
; NUMMODE    ; SEG_1[0]    ; 6.444  ; 6.444  ; 6.444  ; 6.444  ;
; NUMMODE    ; SEG_1[1]    ; 6.420  ;        ;        ; 6.420  ;
; NUMMODE    ; SEG_1[2]    ; 6.443  ; 6.443  ; 6.443  ; 6.443  ;
; NUMMODE    ; SEG_1[3]    ; 6.455  ; 6.455  ; 6.455  ; 6.455  ;
; NUMMODE    ; SEG_1[4]    ; 6.470  ; 6.470  ; 6.470  ; 6.470  ;
; NUMMODE    ; SEG_1[5]    ;        ; 6.489  ; 6.489  ;        ;
; NUMMODE    ; SEG_1[6]    ;        ; 6.400  ; 6.400  ;        ;
; NUMMODE    ; SEG_2[0]    ; 6.873  ; 6.873  ; 6.873  ; 6.873  ;
; NUMMODE    ; SEG_2[1]    ; 9.690  ; 9.690  ; 9.690  ; 9.690  ;
; NUMMODE    ; SEG_2[2]    ; 7.113  ; 7.113  ; 7.113  ; 7.113  ;
; NUMMODE    ; SEG_2[3]    ; 9.569  ; 9.569  ; 9.569  ; 9.569  ;
; NUMMODE    ; SEG_2[4]    ; 7.435  ; 7.435  ; 7.435  ; 7.435  ;
; NUMMODE    ; SEG_2[5]    ; 7.436  ; 7.436  ; 7.436  ; 7.436  ;
; NUMMODE    ; SEG_2[6]    ; 7.234  ; 7.234  ; 7.234  ; 7.234  ;
+------------+-------------+--------+--------+--------+--------+


----------------------------
; Fast Model Setup Summary ;
----------------------------
No paths to report.


---------------------------
; Fast Model Hold Summary ;
---------------------------
No paths to report.


-------------------------------
; Fast Model Recovery Summary ;
-------------------------------
No paths to report.


------------------------------
; Fast Model Removal Summary ;
------------------------------
No paths to report.


+----------------------------------------------+
; Fast Model Minimum Pulse Width Summary       ;
+---------------------+--------+---------------+
; Clock               ; Slack  ; End Point TNS ;
+---------------------+--------+---------------+
; altera_reserved_tck ; 97.778 ; 0.000         ;
+---------------------+--------+---------------+


+-------------------------------------------------------------------------------------------------------------+
; Fast Model Minimum Pulse Width: 'altera_reserved_tck'                                                       ;
+--------+--------------+----------------+-----------+---------------------+------------+---------------------+
; Slack  ; Actual Width ; Required Width ; Type      ; Clock               ; Clock Edge ; Target              ;
+--------+--------------+----------------+-----------+---------------------+------------+---------------------+
; 97.778 ; 100.000      ; 2.222          ; Port Rate ; altera_reserved_tck ; Rise       ; altera_reserved_tck ;
+--------+--------------+----------------+-----------+---------------------+------------+---------------------+


+----------------------------------------------------------+
; Propagation Delay                                        ;
+------------+-------------+-------+-------+-------+-------+
; Input Port ; Output Port ; RR    ; RF    ; FR    ; FF    ;
+------------+-------------+-------+-------+-------+-------+
; ADDR[0]    ; ADDR_L0     ; 2.611 ;       ;       ; 2.611 ;
; ADDR[0]    ; SEG_1[0]    ; 7.410 ; 7.410 ; 7.410 ; 7.410 ;
; ADDR[0]    ; SEG_1[1]    ; 7.389 ; 7.389 ; 7.389 ; 7.389 ;
; ADDR[0]    ; SEG_1[2]    ; 7.377 ; 7.377 ; 7.377 ; 7.377 ;
; ADDR[0]    ; SEG_1[3]    ; 7.394 ; 7.394 ; 7.394 ; 7.394 ;
; ADDR[0]    ; SEG_1[4]    ; 7.404 ; 7.404 ; 7.404 ; 7.404 ;
; ADDR[0]    ; SEG_1[5]    ; 7.422 ; 7.422 ; 7.422 ; 7.422 ;
; ADDR[0]    ; SEG_1[6]    ; 7.425 ; 7.425 ; 7.425 ; 7.425 ;
; ADDR[0]    ; SEG_2[0]    ; 8.526 ; 8.526 ; 8.526 ; 8.526 ;
; ADDR[0]    ; SEG_2[1]    ; 8.173 ; 8.173 ; 8.173 ; 8.173 ;
; ADDR[0]    ; SEG_2[2]    ; 8.543 ; 8.543 ; 8.543 ; 8.543 ;
; ADDR[0]    ; SEG_2[3]    ; 8.739 ; 8.739 ; 8.739 ; 8.739 ;
; ADDR[0]    ; SEG_2[4]    ; 8.694 ; 8.694 ; 8.694 ; 8.694 ;
; ADDR[0]    ; SEG_2[5]    ; 8.688 ; 8.688 ; 8.688 ; 8.688 ;
; ADDR[0]    ; SEG_2[6]    ; 8.696 ; 8.696 ; 8.696 ; 8.696 ;
; ADDR[0]    ; VALUE[0]    ; 5.389 ; 5.389 ; 5.389 ; 5.389 ;
; ADDR[0]    ; VALUE[1]    ; 5.359 ; 5.359 ; 5.359 ; 5.359 ;
; ADDR[0]    ; VALUE[2]    ; 5.260 ; 5.260 ; 5.260 ; 5.260 ;
; ADDR[0]    ; VALUE[3]    ; 5.546 ; 5.546 ; 5.546 ; 5.546 ;
; ADDR[0]    ; VALUE[4]    ; 6.202 ; 6.202 ; 6.202 ; 6.202 ;
; ADDR[0]    ; VALUE[5]    ; 6.052 ; 6.052 ; 6.052 ; 6.052 ;
; ADDR[1]    ; ADDR_L1     ; 2.866 ;       ;       ; 2.866 ;
; ADDR[1]    ; SEG_1[0]    ; 7.813 ; 7.813 ; 7.813 ; 7.813 ;
; ADDR[1]    ; SEG_1[1]    ; 7.792 ; 7.792 ; 7.792 ; 7.792 ;
; ADDR[1]    ; SEG_1[2]    ; 7.780 ; 7.780 ; 7.780 ; 7.780 ;
; ADDR[1]    ; SEG_1[3]    ; 7.797 ; 7.797 ; 7.797 ; 7.797 ;
; ADDR[1]    ; SEG_1[4]    ; 7.807 ; 7.807 ; 7.807 ; 7.807 ;
; ADDR[1]    ; SEG_1[5]    ; 7.825 ; 7.825 ; 7.825 ; 7.825 ;
; ADDR[1]    ; SEG_1[6]    ; 7.828 ; 7.828 ; 7.828 ; 7.828 ;
; ADDR[1]    ; SEG_2[0]    ; 8.929 ; 8.929 ; 8.929 ; 8.929 ;
; ADDR[1]    ; SEG_2[1]    ; 8.576 ; 8.576 ; 8.576 ; 8.576 ;
; ADDR[1]    ; SEG_2[2]    ; 8.946 ; 8.946 ; 8.946 ; 8.946 ;
; ADDR[1]    ; SEG_2[3]    ; 9.142 ; 9.142 ; 9.142 ; 9.142 ;
; ADDR[1]    ; SEG_2[4]    ; 9.097 ; 9.097 ; 9.097 ; 9.097 ;
; ADDR[1]    ; SEG_2[5]    ; 9.091 ; 9.091 ; 9.091 ; 9.091 ;
; ADDR[1]    ; SEG_2[6]    ; 9.099 ; 9.099 ; 9.099 ; 9.099 ;
; ADDR[1]    ; VALUE[0]    ; 5.792 ; 5.792 ; 5.792 ; 5.792 ;
; ADDR[1]    ; VALUE[1]    ; 5.719 ; 5.526 ; 5.526 ; 5.719 ;
; ADDR[1]    ; VALUE[2]    ; 5.843 ; 5.639 ; 5.639 ; 5.843 ;
; ADDR[1]    ; VALUE[3]    ; 6.096 ; 6.096 ; 6.096 ; 6.096 ;
; ADDR[1]    ; VALUE[4]    ; 6.645 ; 6.645 ; 6.645 ; 6.645 ;
; ADDR[1]    ; VALUE[5]    ; 6.510 ; 6.331 ; 6.331 ; 6.510 ;
; ADDR[2]    ; ADDR_L2     ; 2.626 ;       ;       ; 2.626 ;
; ADDR[2]    ; SEG_1[0]    ; 7.479 ; 7.479 ; 7.479 ; 7.479 ;
; ADDR[2]    ; SEG_1[1]    ; 7.458 ; 7.458 ; 7.458 ; 7.458 ;
; ADDR[2]    ; SEG_1[2]    ; 7.446 ; 7.446 ; 7.446 ; 7.446 ;
; ADDR[2]    ; SEG_1[3]    ; 7.463 ; 7.463 ; 7.463 ; 7.463 ;
; ADDR[2]    ; SEG_1[4]    ; 7.473 ; 7.473 ; 7.473 ; 7.473 ;
; ADDR[2]    ; SEG_1[5]    ; 7.491 ; 7.491 ; 7.491 ; 7.491 ;
; ADDR[2]    ; SEG_1[6]    ; 7.494 ; 7.494 ; 7.494 ; 7.494 ;
; ADDR[2]    ; SEG_2[0]    ; 8.595 ; 8.595 ; 8.595 ; 8.595 ;
; ADDR[2]    ; SEG_2[1]    ; 8.242 ; 8.242 ; 8.242 ; 8.242 ;
; ADDR[2]    ; SEG_2[2]    ; 8.612 ; 8.612 ; 8.612 ; 8.612 ;
; ADDR[2]    ; SEG_2[3]    ; 8.808 ; 8.808 ; 8.808 ; 8.808 ;
; ADDR[2]    ; SEG_2[4]    ; 8.763 ; 8.763 ; 8.763 ; 8.763 ;
; ADDR[2]    ; SEG_2[5]    ; 8.757 ; 8.757 ; 8.757 ; 8.757 ;
; ADDR[2]    ; SEG_2[6]    ; 8.765 ; 8.765 ; 8.765 ; 8.765 ;
; ADDR[2]    ; VALUE[0]    ; 5.458 ; 5.458 ; 5.458 ; 5.458 ;
; ADDR[2]    ; VALUE[1]    ; 5.110 ; 4.972 ; 4.972 ; 5.110 ;
; ADDR[2]    ; VALUE[2]    ; 5.394 ; 5.501 ; 5.501 ; 5.394 ;
; ADDR[2]    ; VALUE[3]    ; 5.634 ; 5.562 ; 5.562 ; 5.634 ;
; ADDR[2]    ; VALUE[4]    ; 6.167 ; 6.168 ; 6.168 ; 6.167 ;
; ADDR[2]    ; VALUE[5]    ; 5.943 ; 5.627 ; 5.627 ; 5.943 ;
; ADDR[3]    ; ADDR_L3     ; 2.970 ;       ;       ; 2.970 ;
; ADDR[3]    ; SEG_1[0]    ; 7.669 ; 7.669 ; 7.669 ; 7.669 ;
; ADDR[3]    ; SEG_1[1]    ; 7.648 ; 7.648 ; 7.648 ; 7.648 ;
; ADDR[3]    ; SEG_1[2]    ; 7.636 ; 7.636 ; 7.636 ; 7.636 ;
; ADDR[3]    ; SEG_1[3]    ; 7.653 ; 7.653 ; 7.653 ; 7.653 ;
; ADDR[3]    ; SEG_1[4]    ; 7.663 ; 7.663 ; 7.663 ; 7.663 ;
; ADDR[3]    ; SEG_1[5]    ; 7.681 ; 7.681 ; 7.681 ; 7.681 ;
; ADDR[3]    ; SEG_1[6]    ; 7.684 ; 7.684 ; 7.684 ; 7.684 ;
; ADDR[3]    ; SEG_2[0]    ; 8.785 ; 8.785 ; 8.785 ; 8.785 ;
; ADDR[3]    ; SEG_2[1]    ; 8.432 ; 8.432 ; 8.432 ; 8.432 ;
; ADDR[3]    ; SEG_2[2]    ; 8.802 ; 8.802 ; 8.802 ; 8.802 ;
; ADDR[3]    ; SEG_2[3]    ; 8.998 ; 8.998 ; 8.998 ; 8.998 ;
; ADDR[3]    ; SEG_2[4]    ; 8.953 ; 8.953 ; 8.953 ; 8.953 ;
; ADDR[3]    ; SEG_2[5]    ; 8.947 ; 8.947 ; 8.947 ; 8.947 ;
; ADDR[3]    ; SEG_2[6]    ; 8.955 ; 8.955 ; 8.955 ; 8.955 ;
; ADDR[3]    ; VALUE[0]    ; 5.648 ; 5.648 ; 5.648 ; 5.648 ;
; ADDR[3]    ; VALUE[1]    ; 5.235 ; 5.235 ; 5.235 ; 5.235 ;
; ADDR[3]    ; VALUE[2]    ; 5.159 ; 5.159 ; 5.159 ; 5.159 ;
; ADDR[3]    ; VALUE[3]    ; 5.740 ; 5.740 ; 5.740 ; 5.740 ;
; ADDR[3]    ; VALUE[4]    ; 6.570 ; 6.570 ; 6.570 ; 6.570 ;
; ADDR[3]    ; VALUE[5]    ; 5.513 ; 5.513 ; 5.513 ; 5.513 ;
; ADDR[4]    ; ADDR_L4     ; 2.565 ;       ;       ; 2.565 ;
; ADDR[4]    ; SEG_1[0]    ; 7.115 ; 7.115 ; 7.115 ; 7.115 ;
; ADDR[4]    ; SEG_1[1]    ; 7.094 ; 7.094 ; 7.094 ; 7.094 ;
; ADDR[4]    ; SEG_1[2]    ; 7.082 ; 7.082 ; 7.082 ; 7.082 ;
; ADDR[4]    ; SEG_1[3]    ; 7.099 ; 7.099 ; 7.099 ; 7.099 ;
; ADDR[4]    ; SEG_1[4]    ; 7.109 ; 7.109 ; 7.109 ; 7.109 ;
; ADDR[4]    ; SEG_1[5]    ; 7.127 ; 7.127 ; 7.127 ; 7.127 ;
; ADDR[4]    ; SEG_1[6]    ; 7.130 ; 7.130 ; 7.130 ; 7.130 ;
; ADDR[4]    ; SEG_2[0]    ; 8.231 ; 8.231 ; 8.231 ; 8.231 ;
; ADDR[4]    ; SEG_2[1]    ; 7.878 ; 7.878 ; 7.878 ; 7.878 ;
; ADDR[4]    ; SEG_2[2]    ; 8.248 ; 8.248 ; 8.248 ; 8.248 ;
; ADDR[4]    ; SEG_2[3]    ; 8.444 ; 8.444 ; 8.444 ; 8.444 ;
; ADDR[4]    ; SEG_2[4]    ; 8.399 ; 8.399 ; 8.399 ; 8.399 ;
; ADDR[4]    ; SEG_2[5]    ; 8.393 ; 8.393 ; 8.393 ; 8.393 ;
; ADDR[4]    ; SEG_2[6]    ; 8.401 ; 8.401 ; 8.401 ; 8.401 ;
; ADDR[4]    ; VALUE[0]    ; 5.094 ; 5.094 ; 5.094 ; 5.094 ;
; ADDR[4]    ; VALUE[1]    ; 4.681 ; 4.681 ; 4.681 ; 4.681 ;
; ADDR[4]    ; VALUE[2]    ; 4.588 ; 4.786 ; 4.786 ; 4.588 ;
; ADDR[4]    ; VALUE[3]    ; 5.185 ; 5.200 ; 5.200 ; 5.185 ;
; ADDR[4]    ; VALUE[4]    ; 6.016 ; 6.016 ; 6.016 ; 6.016 ;
; ADDR[4]    ; VALUE[5]    ; 4.927 ; 4.931 ; 4.931 ; 4.927 ;
; ADDR[5]    ; ADDR_L5     ; 3.260 ;       ;       ; 3.260 ;
; ADDR[5]    ; SEG_1[0]    ; 7.249 ; 7.249 ; 7.249 ; 7.249 ;
; ADDR[5]    ; SEG_1[1]    ; 6.771 ; 7.228 ; 7.228 ; 6.771 ;
; ADDR[5]    ; SEG_1[2]    ; 7.216 ; 7.216 ; 7.216 ; 7.216 ;
; ADDR[5]    ; SEG_1[3]    ; 7.233 ; 7.233 ; 7.233 ; 7.233 ;
; ADDR[5]    ; SEG_1[4]    ; 7.243 ; 7.243 ; 7.243 ; 7.243 ;
; ADDR[5]    ; SEG_1[5]    ; 7.261 ; 7.261 ; 7.261 ; 7.261 ;
; ADDR[5]    ; SEG_1[6]    ; 7.264 ; 6.807 ; 6.807 ; 7.264 ;
; ADDR[5]    ; SEG_2[0]    ; 8.365 ; 8.365 ; 8.365 ; 8.365 ;
; ADDR[5]    ; SEG_2[1]    ; 8.012 ; 8.012 ; 8.012 ; 8.012 ;
; ADDR[5]    ; SEG_2[2]    ; 8.382 ; 8.382 ; 8.382 ; 8.382 ;
; ADDR[5]    ; SEG_2[3]    ; 8.578 ; 8.578 ; 8.578 ; 8.578 ;
; ADDR[5]    ; SEG_2[4]    ; 8.533 ; 8.533 ; 8.533 ; 8.533 ;
; ADDR[5]    ; SEG_2[5]    ; 8.527 ; 8.527 ; 8.527 ; 8.527 ;
; ADDR[5]    ; SEG_2[6]    ; 8.535 ; 8.535 ; 8.535 ; 8.535 ;
; ADDR[5]    ; VALUE[0]    ; 4.771 ; 5.016 ; 5.016 ; 4.771 ;
; ADDR[5]    ; VALUE[1]    ; 4.612 ; 4.725 ; 4.725 ; 4.612 ;
; ADDR[5]    ; VALUE[2]    ; 4.451 ; 5.315 ; 5.315 ; 4.451 ;
; ADDR[5]    ; VALUE[3]    ; 4.908 ; 5.729 ; 5.729 ; 4.908 ;
; ADDR[5]    ; VALUE[4]    ; 5.689 ; 5.689 ; 5.689 ; 5.689 ;
; ADDR[5]    ; VALUE[5]    ; 5.111 ; 5.460 ; 5.460 ; 5.111 ;
; MODE[0]    ; MODE_L0     ; 2.289 ;       ;       ; 2.289 ;
; MODE[1]    ; MODE_L1     ; 2.428 ;       ;       ; 2.428 ;
; NUMMODE    ; NUMMODE_L   ; 3.021 ;       ;       ; 3.021 ;
; NUMMODE    ; SEG_1[0]    ; 3.042 ; 3.042 ; 3.042 ; 3.042 ;
; NUMMODE    ; SEG_1[1]    ; 3.025 ;       ;       ; 3.025 ;
; NUMMODE    ; SEG_1[2]    ; 3.010 ; 3.010 ; 3.010 ; 3.010 ;
; NUMMODE    ; SEG_1[3]    ; 3.024 ; 3.024 ; 3.024 ; 3.024 ;
; NUMMODE    ; SEG_1[4]    ; 3.037 ; 3.037 ; 3.037 ; 3.037 ;
; NUMMODE    ; SEG_1[5]    ;       ; 3.055 ; 3.055 ;       ;
; NUMMODE    ; SEG_1[6]    ;       ; 3.062 ; 3.062 ;       ;
; NUMMODE    ; SEG_2[0]    ; 3.226 ; 3.149 ; 3.149 ; 3.226 ;
; NUMMODE    ; SEG_2[1]    ; 4.368 ; 4.368 ; 4.368 ; 4.368 ;
; NUMMODE    ; SEG_2[2]    ; 3.246 ; 3.246 ; 3.246 ; 3.246 ;
; NUMMODE    ; SEG_2[3]    ; 4.409 ; 4.409 ; 4.409 ; 4.409 ;
; NUMMODE    ; SEG_2[4]    ; 3.397 ; 3.397 ; 3.397 ; 3.397 ;
; NUMMODE    ; SEG_2[5]    ; 4.074 ; 3.389 ; 3.389 ; 4.074 ;
; NUMMODE    ; SEG_2[6]    ; 3.398 ; 3.398 ; 3.398 ; 3.398 ;
+------------+-------------+-------+-------+-------+-------+


+----------------------------------------------------------+
; Minimum Propagation Delay                                ;
+------------+-------------+-------+-------+-------+-------+
; Input Port ; Output Port ; RR    ; RF    ; FR    ; FF    ;
+------------+-------------+-------+-------+-------+-------+
; ADDR[0]    ; ADDR_L0     ; 2.611 ;       ;       ; 2.611 ;
; ADDR[0]    ; SEG_1[0]    ; 5.205 ; 5.205 ; 5.205 ; 5.205 ;
; ADDR[0]    ; SEG_1[1]    ; 5.182 ; 5.182 ; 5.182 ; 5.182 ;
; ADDR[0]    ; SEG_1[2]    ; 5.175 ; 5.175 ; 5.175 ; 5.175 ;
; ADDR[0]    ; SEG_1[3]    ; 5.188 ; 5.188 ; 5.188 ; 5.188 ;
; ADDR[0]    ; SEG_1[4]    ; 5.202 ; 5.202 ; 5.202 ; 5.202 ;
; ADDR[0]    ; SEG_1[5]    ; 5.221 ; 5.221 ; 5.221 ; 5.221 ;
; ADDR[0]    ; SEG_1[6]    ; 5.218 ; 5.218 ; 5.218 ; 5.218 ;
; ADDR[0]    ; SEG_2[0]    ; 5.430 ; 5.430 ; 5.430 ; 5.430 ;
; ADDR[0]    ; SEG_2[1]    ; 5.135 ; 5.135 ; 5.135 ; 5.135 ;
; ADDR[0]    ; SEG_2[2]    ; 5.486 ; 5.486 ; 5.486 ; 5.486 ;
; ADDR[0]    ; SEG_2[3]    ; 5.649 ; 5.649 ; 5.649 ; 5.649 ;
; ADDR[0]    ; SEG_2[4]    ; 5.666 ; 5.666 ; 5.666 ; 5.666 ;
; ADDR[0]    ; SEG_2[5]    ; 5.454 ; 5.454 ; 5.454 ; 5.454 ;
; ADDR[0]    ; SEG_2[6]    ; 5.597 ; 5.597 ; 5.597 ; 5.597 ;
; ADDR[0]    ; VALUE[0]    ; 4.289 ; 4.253 ; 4.253 ; 4.289 ;
; ADDR[0]    ; VALUE[1]    ; 4.338 ; 4.338 ; 4.338 ; 4.338 ;
; ADDR[0]    ; VALUE[2]    ; 4.411 ; 4.411 ; 4.411 ; 4.411 ;
; ADDR[0]    ; VALUE[3]    ; 4.597 ; 4.694 ; 4.694 ; 4.597 ;
; ADDR[0]    ; VALUE[4]    ; 5.182 ; 5.182 ; 5.182 ; 5.182 ;
; ADDR[0]    ; VALUE[5]    ; 5.064 ; 5.064 ; 5.064 ; 5.064 ;
; ADDR[1]    ; ADDR_L1     ; 2.866 ;       ;       ; 2.866 ;
; ADDR[1]    ; SEG_1[0]    ; 5.420 ; 5.420 ; 5.420 ; 5.420 ;
; ADDR[1]    ; SEG_1[1]    ; 5.397 ; 5.397 ; 5.397 ; 5.397 ;
; ADDR[1]    ; SEG_1[2]    ; 5.390 ; 5.390 ; 5.390 ; 5.390 ;
; ADDR[1]    ; SEG_1[3]    ; 5.403 ; 5.403 ; 5.403 ; 5.403 ;
; ADDR[1]    ; SEG_1[4]    ; 5.417 ; 5.417 ; 5.417 ; 5.417 ;
; ADDR[1]    ; SEG_1[5]    ; 5.436 ; 5.436 ; 5.436 ; 5.436 ;
; ADDR[1]    ; SEG_1[6]    ; 5.433 ; 5.433 ; 5.433 ; 5.433 ;
; ADDR[1]    ; SEG_2[0]    ; 5.770 ; 5.770 ; 5.770 ; 5.770 ;
; ADDR[1]    ; SEG_2[1]    ; 5.418 ; 5.418 ; 5.418 ; 5.418 ;
; ADDR[1]    ; SEG_2[2]    ; 5.789 ; 5.789 ; 5.789 ; 5.789 ;
; ADDR[1]    ; SEG_2[3]    ; 6.018 ; 6.018 ; 6.018 ; 6.018 ;
; ADDR[1]    ; SEG_2[4]    ; 5.932 ; 5.932 ; 5.932 ; 5.932 ;
; ADDR[1]    ; SEG_2[5]    ; 5.936 ; 5.936 ; 5.936 ; 5.936 ;
; ADDR[1]    ; SEG_2[6]    ; 5.934 ; 5.934 ; 5.934 ; 5.934 ;
; ADDR[1]    ; VALUE[0]    ; 4.373 ; 4.373 ; 4.373 ; 4.373 ;
; ADDR[1]    ; VALUE[1]    ; 4.482 ; 4.482 ; 4.482 ; 4.482 ;
; ADDR[1]    ; VALUE[2]    ; 4.563 ; 4.563 ; 4.563 ; 4.563 ;
; ADDR[1]    ; VALUE[3]    ; 4.823 ; 4.823 ; 4.823 ; 4.823 ;
; ADDR[1]    ; VALUE[4]    ; 5.813 ; 5.813 ; 5.813 ; 5.813 ;
; ADDR[1]    ; VALUE[5]    ; 5.279 ; 5.279 ; 5.279 ; 5.279 ;
; ADDR[2]    ; ADDR_L2     ; 2.626 ;       ;       ; 2.626 ;
; ADDR[2]    ; SEG_1[0]    ; 4.892 ; 4.892 ; 4.892 ; 4.892 ;
; ADDR[2]    ; SEG_1[1]    ; 5.017 ; 4.869 ; 4.869 ; 5.017 ;
; ADDR[2]    ; SEG_1[2]    ; 4.862 ; 4.862 ; 4.862 ; 4.862 ;
; ADDR[2]    ; SEG_1[3]    ; 4.875 ; 4.875 ; 4.875 ; 4.875 ;
; ADDR[2]    ; SEG_1[4]    ; 5.037 ; 4.889 ; 4.889 ; 5.037 ;
; ADDR[2]    ; SEG_1[5]    ; 4.908 ; 4.908 ; 4.908 ; 4.908 ;
; ADDR[2]    ; SEG_1[6]    ; 4.905 ; 5.053 ; 5.053 ; 4.905 ;
; ADDR[2]    ; SEG_2[0]    ; 5.465 ; 5.465 ; 5.465 ; 5.465 ;
; ADDR[2]    ; SEG_2[1]    ; 4.954 ; 4.954 ; 4.954 ; 4.954 ;
; ADDR[2]    ; SEG_2[2]    ; 5.443 ; 5.443 ; 5.443 ; 5.443 ;
; ADDR[2]    ; SEG_2[3]    ; 5.662 ; 5.662 ; 5.662 ; 5.662 ;
; ADDR[2]    ; SEG_2[4]    ; 5.701 ; 5.701 ; 5.701 ; 5.701 ;
; ADDR[2]    ; SEG_2[5]    ; 5.489 ; 5.489 ; 5.489 ; 5.489 ;
; ADDR[2]    ; SEG_2[6]    ; 5.632 ; 5.632 ; 5.632 ; 5.632 ;
; ADDR[2]    ; VALUE[0]    ; 4.112 ; 4.112 ; 4.112 ; 4.112 ;
; ADDR[2]    ; VALUE[1]    ; 4.196 ; 3.938 ; 3.938 ; 4.196 ;
; ADDR[2]    ; VALUE[2]    ; 4.207 ; 4.207 ; 4.207 ; 4.207 ;
; ADDR[2]    ; VALUE[3]    ; 4.675 ; 4.652 ; 4.652 ; 4.675 ;
; ADDR[2]    ; VALUE[4]    ; 5.217 ; 5.217 ; 5.217 ; 5.217 ;
; ADDR[2]    ; VALUE[5]    ; 4.899 ; 4.751 ; 4.751 ; 4.899 ;
; ADDR[3]    ; ADDR_L3     ; 2.970 ;       ;       ; 2.970 ;
; ADDR[3]    ; SEG_1[0]    ; 5.028 ; 5.028 ; 5.028 ; 5.028 ;
; ADDR[3]    ; SEG_1[1]    ; 5.007 ; 5.251 ; 5.251 ; 5.007 ;
; ADDR[3]    ; SEG_1[2]    ; 4.995 ; 4.995 ; 4.995 ; 4.995 ;
; ADDR[3]    ; SEG_1[3]    ; 5.012 ; 5.012 ; 5.012 ; 5.012 ;
; ADDR[3]    ; SEG_1[4]    ; 5.022 ; 5.022 ; 5.022 ; 5.022 ;
; ADDR[3]    ; SEG_1[5]    ; 5.040 ; 5.040 ; 5.040 ; 5.040 ;
; ADDR[3]    ; SEG_1[6]    ; 5.287 ; 5.043 ; 5.043 ; 5.287 ;
; ADDR[3]    ; SEG_2[0]    ; 5.350 ; 5.350 ; 5.350 ; 5.350 ;
; ADDR[3]    ; SEG_2[1]    ; 4.998 ; 4.998 ; 4.998 ; 4.998 ;
; ADDR[3]    ; SEG_2[2]    ; 5.369 ; 5.369 ; 5.369 ; 5.369 ;
; ADDR[3]    ; SEG_2[3]    ; 5.710 ; 5.710 ; 5.710 ; 5.710 ;
; ADDR[3]    ; SEG_2[4]    ; 5.512 ; 5.512 ; 5.512 ; 5.512 ;
; ADDR[3]    ; SEG_2[5]    ; 5.516 ; 5.516 ; 5.516 ; 5.516 ;
; ADDR[3]    ; SEG_2[6]    ; 5.514 ; 5.514 ; 5.514 ; 5.514 ;
; ADDR[3]    ; VALUE[0]    ; 4.144 ; 4.239 ; 4.239 ; 4.144 ;
; ADDR[3]    ; VALUE[1]    ; 4.345 ; 4.493 ; 4.493 ; 4.345 ;
; ADDR[3]    ; VALUE[2]    ; 4.423 ; 4.693 ; 4.693 ; 4.423 ;
; ADDR[3]    ; VALUE[3]    ; 4.403 ; 4.647 ; 4.647 ; 4.403 ;
; ADDR[3]    ; VALUE[4]    ; 5.316 ; 5.434 ; 5.434 ; 5.316 ;
; ADDR[3]    ; VALUE[5]    ; 5.117 ; 5.306 ; 5.306 ; 5.117 ;
; ADDR[4]    ; ADDR_L4     ; 2.565 ;       ;       ; 2.565 ;
; ADDR[4]    ; SEG_1[0]    ; 4.984 ; 4.984 ; 4.984 ; 4.984 ;
; ADDR[4]    ; SEG_1[1]    ; 4.961 ; 4.961 ; 4.961 ; 4.961 ;
; ADDR[4]    ; SEG_1[2]    ; 4.954 ; 4.954 ; 4.954 ; 4.954 ;
; ADDR[4]    ; SEG_1[3]    ; 4.967 ; 4.967 ; 4.967 ; 4.967 ;
; ADDR[4]    ; SEG_1[4]    ; 4.981 ; 4.981 ; 4.981 ; 4.981 ;
; ADDR[4]    ; SEG_1[5]    ; 5.000 ; 5.000 ; 5.000 ; 5.000 ;
; ADDR[4]    ; SEG_1[6]    ; 4.997 ; 4.997 ; 4.997 ; 4.997 ;
; ADDR[4]    ; SEG_2[0]    ; 5.523 ; 5.523 ; 5.523 ; 5.523 ;
; ADDR[4]    ; SEG_2[1]    ; 5.117 ; 5.117 ; 5.117 ; 5.117 ;
; ADDR[4]    ; SEG_2[2]    ; 5.418 ; 5.418 ; 5.418 ; 5.418 ;
; ADDR[4]    ; SEG_2[3]    ; 5.637 ; 5.637 ; 5.637 ; 5.637 ;
; ADDR[4]    ; SEG_2[4]    ; 5.685 ; 5.685 ; 5.685 ; 5.685 ;
; ADDR[4]    ; SEG_2[5]    ; 5.599 ; 5.599 ; 5.599 ; 5.599 ;
; ADDR[4]    ; SEG_2[6]    ; 5.687 ; 5.687 ; 5.687 ; 5.687 ;
; ADDR[4]    ; VALUE[0]    ; 4.291 ; 4.487 ; 4.487 ; 4.291 ;
; ADDR[4]    ; VALUE[1]    ; 4.241 ; 4.101 ; 4.101 ; 4.241 ;
; ADDR[4]    ; VALUE[2]    ; 4.182 ; 4.258 ; 4.258 ; 4.182 ;
; ADDR[4]    ; VALUE[3]    ; 4.729 ; 4.576 ; 4.576 ; 4.729 ;
; ADDR[4]    ; VALUE[4]    ; 5.494 ; 5.327 ; 5.327 ; 5.494 ;
; ADDR[4]    ; VALUE[5]    ; 4.843 ; 4.843 ; 4.843 ; 4.843 ;
; ADDR[5]    ; ADDR_L5     ; 3.260 ;       ;       ; 3.260 ;
; ADDR[5]    ; SEG_1[0]    ; 4.763 ; 4.763 ; 4.763 ; 4.763 ;
; ADDR[5]    ; SEG_1[1]    ; 5.229 ; 4.762 ; 4.762 ; 5.229 ;
; ADDR[5]    ; SEG_1[2]    ; 4.731 ; 4.731 ; 4.731 ; 4.731 ;
; ADDR[5]    ; SEG_1[3]    ; 4.743 ; 4.743 ; 4.743 ; 4.743 ;
; ADDR[5]    ; SEG_1[4]    ; 4.755 ; 4.755 ; 4.755 ; 4.755 ;
; ADDR[5]    ; SEG_1[5]    ; 4.776 ; 4.776 ; 4.776 ; 4.776 ;
; ADDR[5]    ; SEG_1[6]    ; 4.780 ; 5.265 ; 5.265 ; 4.780 ;
; ADDR[5]    ; SEG_2[0]    ; 4.965 ; 4.965 ; 4.965 ; 4.965 ;
; ADDR[5]    ; SEG_2[1]    ; 4.670 ; 4.670 ; 4.670 ; 4.670 ;
; ADDR[5]    ; SEG_2[2]    ; 5.021 ; 5.021 ; 5.021 ; 5.021 ;
; ADDR[5]    ; SEG_2[3]    ; 5.184 ; 5.184 ; 5.184 ; 5.184 ;
; ADDR[5]    ; SEG_2[4]    ; 5.201 ; 5.201 ; 5.201 ; 5.201 ;
; ADDR[5]    ; SEG_2[5]    ; 4.989 ; 4.989 ; 4.989 ; 4.989 ;
; ADDR[5]    ; SEG_2[6]    ; 5.132 ; 5.132 ; 5.132 ; 5.132 ;
; ADDR[5]    ; VALUE[0]    ; 4.596 ; 4.596 ; 4.596 ; 4.596 ;
; ADDR[5]    ; VALUE[1]    ; 4.355 ; 4.355 ; 4.355 ; 4.355 ;
; ADDR[5]    ; VALUE[2]    ; 4.275 ; 4.275 ; 4.275 ; 4.275 ;
; ADDR[5]    ; VALUE[3]    ; 4.756 ; 4.756 ; 4.756 ; 4.756 ;
; ADDR[5]    ; VALUE[4]    ; 5.490 ; 4.717 ; 4.717 ; 5.490 ;
; ADDR[5]    ; VALUE[5]    ; 5.111 ; 5.111 ; 5.111 ; 5.111 ;
; MODE[0]    ; MODE_L0     ; 2.289 ;       ;       ; 2.289 ;
; MODE[1]    ; MODE_L1     ; 2.428 ;       ;       ; 2.428 ;
; NUMMODE    ; NUMMODE_L   ; 3.021 ;       ;       ; 3.021 ;
; NUMMODE    ; SEG_1[0]    ; 3.042 ; 3.042 ; 3.042 ; 3.042 ;
; NUMMODE    ; SEG_1[1]    ; 3.025 ;       ;       ; 3.025 ;
; NUMMODE    ; SEG_1[2]    ; 3.010 ; 3.010 ; 3.010 ; 3.010 ;
; NUMMODE    ; SEG_1[3]    ; 3.024 ; 3.024 ; 3.024 ; 3.024 ;
; NUMMODE    ; SEG_1[4]    ; 3.037 ; 3.037 ; 3.037 ; 3.037 ;
; NUMMODE    ; SEG_1[5]    ;       ; 3.055 ; 3.055 ;       ;
; NUMMODE    ; SEG_1[6]    ;       ; 3.062 ; 3.062 ;       ;
; NUMMODE    ; SEG_2[0]    ; 3.149 ; 3.149 ; 3.149 ; 3.149 ;
; NUMMODE    ; SEG_2[1]    ; 4.368 ; 4.368 ; 4.368 ; 4.368 ;
; NUMMODE    ; SEG_2[2]    ; 3.246 ; 3.246 ; 3.246 ; 3.246 ;
; NUMMODE    ; SEG_2[3]    ; 4.337 ; 4.337 ; 4.337 ; 4.337 ;
; NUMMODE    ; SEG_2[4]    ; 3.389 ; 3.389 ; 3.389 ; 3.389 ;
; NUMMODE    ; SEG_2[5]    ; 3.389 ; 3.389 ; 3.389 ; 3.389 ;
; NUMMODE    ; SEG_2[6]    ; 3.319 ; 3.319 ; 3.319 ; 3.319 ;
+------------+-------------+-------+-------+-------+-------+


+--------------------------------------------------------------------------------+
; Multicorner Timing Analysis Summary                                            ;
+----------------------+-------+------+----------+---------+---------------------+
; Clock                ; Setup ; Hold ; Recovery ; Removal ; Minimum Pulse Width ;
+----------------------+-------+------+----------+---------+---------------------+
; Worst-case Slack     ; N/A   ; N/A  ; N/A      ; N/A     ; 97.531              ;
;  altera_reserved_tck ; N/A   ; N/A  ; N/A      ; N/A     ; 97.531              ;
; Design-wide TNS      ; 0.0   ; 0.0  ; 0.0      ; 0.0     ; 0.0                 ;
;  altera_reserved_tck ; N/A   ; N/A  ; N/A      ; N/A     ; 0.000               ;
+----------------------+-------+------+----------+---------+---------------------+


+--------------------------------------------------------------+
; Progagation Delay                                            ;
+------------+-------------+--------+--------+--------+--------+
; Input Port ; Output Port ; RR     ; RF     ; FR     ; FF     ;
+------------+-------------+--------+--------+--------+--------+
; ADDR[0]    ; ADDR_L0     ; 5.387  ;        ;        ; 5.387  ;
; ADDR[0]    ; SEG_1[0]    ; 18.367 ; 18.367 ; 18.367 ; 18.367 ;
; ADDR[0]    ; SEG_1[1]    ; 18.321 ; 18.321 ; 18.321 ; 18.321 ;
; ADDR[0]    ; SEG_1[2]    ; 18.341 ; 18.341 ; 18.341 ; 18.341 ;
; ADDR[0]    ; SEG_1[3]    ; 18.351 ; 18.351 ; 18.351 ; 18.351 ;
; ADDR[0]    ; SEG_1[4]    ; 18.369 ; 18.369 ; 18.369 ; 18.369 ;
; ADDR[0]    ; SEG_1[5]    ; 18.387 ; 18.387 ; 18.387 ; 18.387 ;
; ADDR[0]    ; SEG_1[6]    ; 18.382 ; 18.382 ; 18.382 ; 18.382 ;
; ADDR[0]    ; SEG_2[0]    ; 21.712 ; 21.712 ; 21.712 ; 21.712 ;
; ADDR[0]    ; SEG_2[1]    ; 20.598 ; 20.598 ; 20.598 ; 20.598 ;
; ADDR[0]    ; SEG_2[2]    ; 21.748 ; 21.748 ; 21.748 ; 21.748 ;
; ADDR[0]    ; SEG_2[3]    ; 22.200 ; 22.200 ; 22.200 ; 22.200 ;
; ADDR[0]    ; SEG_2[4]    ; 22.118 ; 22.118 ; 22.118 ; 22.118 ;
; ADDR[0]    ; SEG_2[5]    ; 22.074 ; 22.074 ; 22.074 ; 22.074 ;
; ADDR[0]    ; SEG_2[6]    ; 22.084 ; 22.084 ; 22.084 ; 22.084 ;
; ADDR[0]    ; VALUE[0]    ; 13.005 ; 13.005 ; 13.005 ; 13.005 ;
; ADDR[0]    ; VALUE[1]    ; 12.672 ; 12.672 ; 12.672 ; 12.672 ;
; ADDR[0]    ; VALUE[2]    ; 12.348 ; 12.348 ; 12.348 ; 12.348 ;
; ADDR[0]    ; VALUE[3]    ; 13.275 ; 13.275 ; 13.275 ; 13.275 ;
; ADDR[0]    ; VALUE[4]    ; 14.723 ; 14.723 ; 14.723 ; 14.723 ;
; ADDR[0]    ; VALUE[5]    ; 14.502 ; 14.502 ; 14.502 ; 14.502 ;
; ADDR[1]    ; ADDR_L1     ; 5.817  ;        ;        ; 5.817  ;
; ADDR[1]    ; SEG_1[0]    ; 19.246 ; 19.246 ; 19.246 ; 19.246 ;
; ADDR[1]    ; SEG_1[1]    ; 19.200 ; 19.200 ; 19.200 ; 19.200 ;
; ADDR[1]    ; SEG_1[2]    ; 19.220 ; 19.220 ; 19.220 ; 19.220 ;
; ADDR[1]    ; SEG_1[3]    ; 19.230 ; 19.230 ; 19.230 ; 19.230 ;
; ADDR[1]    ; SEG_1[4]    ; 19.248 ; 19.248 ; 19.248 ; 19.248 ;
; ADDR[1]    ; SEG_1[5]    ; 19.266 ; 19.266 ; 19.266 ; 19.266 ;
; ADDR[1]    ; SEG_1[6]    ; 19.261 ; 19.261 ; 19.261 ; 19.261 ;
; ADDR[1]    ; SEG_2[0]    ; 22.591 ; 22.591 ; 22.591 ; 22.591 ;
; ADDR[1]    ; SEG_2[1]    ; 21.477 ; 21.477 ; 21.477 ; 21.477 ;
; ADDR[1]    ; SEG_2[2]    ; 22.627 ; 22.627 ; 22.627 ; 22.627 ;
; ADDR[1]    ; SEG_2[3]    ; 23.079 ; 23.079 ; 23.079 ; 23.079 ;
; ADDR[1]    ; SEG_2[4]    ; 22.997 ; 22.997 ; 22.997 ; 22.997 ;
; ADDR[1]    ; SEG_2[5]    ; 22.953 ; 22.953 ; 22.953 ; 22.953 ;
; ADDR[1]    ; SEG_2[6]    ; 22.963 ; 22.963 ; 22.963 ; 22.963 ;
; ADDR[1]    ; VALUE[0]    ; 13.884 ; 13.884 ; 13.884 ; 13.884 ;
; ADDR[1]    ; VALUE[1]    ; 13.439 ; 12.805 ; 12.805 ; 13.439 ;
; ADDR[1]    ; VALUE[2]    ; 13.580 ; 13.201 ; 13.201 ; 13.580 ;
; ADDR[1]    ; VALUE[3]    ; 14.408 ; 14.408 ; 14.408 ; 14.408 ;
; ADDR[1]    ; VALUE[4]    ; 15.888 ; 15.888 ; 15.888 ; 15.888 ;
; ADDR[1]    ; VALUE[5]    ; 15.384 ; 14.879 ; 14.879 ; 15.384 ;
; ADDR[2]    ; ADDR_L2     ; 5.305  ;        ;        ; 5.305  ;
; ADDR[2]    ; SEG_1[0]    ; 18.224 ; 18.224 ; 18.224 ; 18.224 ;
; ADDR[2]    ; SEG_1[1]    ; 18.178 ; 18.178 ; 18.178 ; 18.178 ;
; ADDR[2]    ; SEG_1[2]    ; 18.198 ; 18.198 ; 18.198 ; 18.198 ;
; ADDR[2]    ; SEG_1[3]    ; 18.208 ; 18.208 ; 18.208 ; 18.208 ;
; ADDR[2]    ; SEG_1[4]    ; 18.226 ; 18.226 ; 18.226 ; 18.226 ;
; ADDR[2]    ; SEG_1[5]    ; 18.244 ; 18.244 ; 18.244 ; 18.244 ;
; ADDR[2]    ; SEG_1[6]    ; 18.239 ; 18.239 ; 18.239 ; 18.239 ;
; ADDR[2]    ; SEG_2[0]    ; 21.569 ; 21.569 ; 21.569 ; 21.569 ;
; ADDR[2]    ; SEG_2[1]    ; 20.455 ; 20.455 ; 20.455 ; 20.455 ;
; ADDR[2]    ; SEG_2[2]    ; 21.605 ; 21.605 ; 21.605 ; 21.605 ;
; ADDR[2]    ; SEG_2[3]    ; 22.057 ; 22.057 ; 22.057 ; 22.057 ;
; ADDR[2]    ; SEG_2[4]    ; 21.975 ; 21.975 ; 21.975 ; 21.975 ;
; ADDR[2]    ; SEG_2[5]    ; 21.931 ; 21.931 ; 21.931 ; 21.931 ;
; ADDR[2]    ; SEG_2[6]    ; 21.941 ; 21.941 ; 21.941 ; 21.941 ;
; ADDR[2]    ; VALUE[0]    ; 12.862 ; 12.862 ; 12.862 ; 12.862 ;
; ADDR[2]    ; VALUE[1]    ; 11.823 ; 11.338 ; 11.338 ; 11.823 ;
; ADDR[2]    ; VALUE[2]    ; 12.453 ; 12.849 ; 12.849 ; 12.453 ;
; ADDR[2]    ; VALUE[3]    ; 13.327 ; 13.078 ; 13.078 ; 13.327 ;
; ADDR[2]    ; VALUE[4]    ; 14.538 ; 14.538 ; 14.538 ; 14.538 ;
; ADDR[2]    ; VALUE[5]    ; 13.899 ; 13.043 ; 13.043 ; 13.899 ;
; ADDR[3]    ; ADDR_L3     ; 6.094  ;        ;        ; 6.094  ;
; ADDR[3]    ; SEG_1[0]    ; 18.607 ; 18.607 ; 18.607 ; 18.607 ;
; ADDR[3]    ; SEG_1[1]    ; 18.561 ; 18.561 ; 18.561 ; 18.561 ;
; ADDR[3]    ; SEG_1[2]    ; 18.581 ; 18.581 ; 18.581 ; 18.581 ;
; ADDR[3]    ; SEG_1[3]    ; 18.591 ; 18.591 ; 18.591 ; 18.591 ;
; ADDR[3]    ; SEG_1[4]    ; 18.609 ; 18.609 ; 18.609 ; 18.609 ;
; ADDR[3]    ; SEG_1[5]    ; 18.627 ; 18.627 ; 18.627 ; 18.627 ;
; ADDR[3]    ; SEG_1[6]    ; 18.622 ; 18.622 ; 18.622 ; 18.622 ;
; ADDR[3]    ; SEG_2[0]    ; 21.952 ; 21.952 ; 21.952 ; 21.952 ;
; ADDR[3]    ; SEG_2[1]    ; 20.838 ; 20.838 ; 20.838 ; 20.838 ;
; ADDR[3]    ; SEG_2[2]    ; 21.988 ; 21.988 ; 21.988 ; 21.988 ;
; ADDR[3]    ; SEG_2[3]    ; 22.440 ; 22.440 ; 22.440 ; 22.440 ;
; ADDR[3]    ; SEG_2[4]    ; 22.358 ; 22.358 ; 22.358 ; 22.358 ;
; ADDR[3]    ; SEG_2[5]    ; 22.314 ; 22.314 ; 22.314 ; 22.314 ;
; ADDR[3]    ; SEG_2[6]    ; 22.324 ; 22.324 ; 22.324 ; 22.324 ;
; ADDR[3]    ; VALUE[0]    ; 13.245 ; 13.245 ; 13.245 ; 13.245 ;
; ADDR[3]    ; VALUE[1]    ; 11.925 ; 11.925 ; 11.925 ; 11.925 ;
; ADDR[3]    ; VALUE[2]    ; 11.840 ; 11.840 ; 11.840 ; 11.840 ;
; ADDR[3]    ; VALUE[3]    ; 13.419 ; 13.419 ; 13.419 ; 13.419 ;
; ADDR[3]    ; VALUE[4]    ; 15.463 ; 15.463 ; 15.463 ; 15.463 ;
; ADDR[3]    ; VALUE[5]    ; 12.552 ; 12.655 ; 12.655 ; 12.552 ;
; ADDR[4]    ; ADDR_L4     ; 5.248  ;        ;        ; 5.248  ;
; ADDR[4]    ; SEG_1[0]    ; 17.356 ; 17.356 ; 17.356 ; 17.356 ;
; ADDR[4]    ; SEG_1[1]    ; 17.310 ; 17.310 ; 17.310 ; 17.310 ;
; ADDR[4]    ; SEG_1[2]    ; 17.330 ; 17.330 ; 17.330 ; 17.330 ;
; ADDR[4]    ; SEG_1[3]    ; 17.340 ; 17.340 ; 17.340 ; 17.340 ;
; ADDR[4]    ; SEG_1[4]    ; 17.358 ; 17.358 ; 17.358 ; 17.358 ;
; ADDR[4]    ; SEG_1[5]    ; 17.376 ; 17.376 ; 17.376 ; 17.376 ;
; ADDR[4]    ; SEG_1[6]    ; 17.371 ; 17.371 ; 17.371 ; 17.371 ;
; ADDR[4]    ; SEG_2[0]    ; 20.701 ; 20.701 ; 20.701 ; 20.701 ;
; ADDR[4]    ; SEG_2[1]    ; 19.587 ; 19.587 ; 19.587 ; 19.587 ;
; ADDR[4]    ; SEG_2[2]    ; 20.737 ; 20.737 ; 20.737 ; 20.737 ;
; ADDR[4]    ; SEG_2[3]    ; 21.189 ; 21.189 ; 21.189 ; 21.189 ;
; ADDR[4]    ; SEG_2[4]    ; 21.107 ; 21.107 ; 21.107 ; 21.107 ;
; ADDR[4]    ; SEG_2[5]    ; 21.063 ; 21.063 ; 21.063 ; 21.063 ;
; ADDR[4]    ; SEG_2[6]    ; 21.073 ; 21.073 ; 21.073 ; 21.073 ;
; ADDR[4]    ; VALUE[0]    ; 11.994 ; 11.994 ; 11.994 ; 11.994 ;
; ADDR[4]    ; VALUE[1]    ; 10.675 ; 10.675 ; 10.675 ; 10.675 ;
; ADDR[4]    ; VALUE[2]    ; 10.501 ; 10.891 ; 10.891 ; 10.501 ;
; ADDR[4]    ; VALUE[3]    ; 12.169 ; 12.169 ; 12.169 ; 12.169 ;
; ADDR[4]    ; VALUE[4]    ; 14.213 ; 14.213 ; 14.213 ; 14.213 ;
; ADDR[4]    ; VALUE[5]    ; 11.260 ; 11.223 ; 11.223 ; 11.260 ;
; ADDR[5]    ; ADDR_L5     ; 6.713  ;        ;        ; 6.713  ;
; ADDR[5]    ; SEG_1[0]    ; 17.560 ; 17.560 ; 17.560 ; 17.560 ;
; ADDR[5]    ; SEG_1[1]    ; 16.394 ; 17.514 ; 17.514 ; 16.394 ;
; ADDR[5]    ; SEG_1[2]    ; 17.534 ; 17.534 ; 17.534 ; 17.534 ;
; ADDR[5]    ; SEG_1[3]    ; 17.544 ; 17.544 ; 17.544 ; 17.544 ;
; ADDR[5]    ; SEG_1[4]    ; 17.562 ; 17.562 ; 17.562 ; 17.562 ;
; ADDR[5]    ; SEG_1[5]    ; 17.580 ; 17.580 ; 17.580 ; 17.580 ;
; ADDR[5]    ; SEG_1[6]    ; 17.575 ; 16.455 ; 16.455 ; 17.575 ;
; ADDR[5]    ; SEG_2[0]    ; 20.905 ; 20.905 ; 20.905 ; 20.905 ;
; ADDR[5]    ; SEG_2[1]    ; 19.791 ; 19.791 ; 19.791 ; 19.791 ;
; ADDR[5]    ; SEG_2[2]    ; 20.941 ; 20.941 ; 20.941 ; 20.941 ;
; ADDR[5]    ; SEG_2[3]    ; 21.393 ; 21.393 ; 21.393 ; 21.393 ;
; ADDR[5]    ; SEG_2[4]    ; 21.311 ; 21.311 ; 21.311 ; 21.311 ;
; ADDR[5]    ; SEG_2[5]    ; 21.267 ; 21.267 ; 21.267 ; 21.267 ;
; ADDR[5]    ; SEG_2[6]    ; 21.277 ; 21.277 ; 21.277 ; 21.277 ;
; ADDR[5]    ; VALUE[0]    ; 11.078 ; 11.518 ; 11.518 ; 11.078 ;
; ADDR[5]    ; VALUE[1]    ; 10.434 ; 10.649 ; 10.649 ; 10.434 ;
; ADDR[5]    ; VALUE[2]    ; 10.108 ; 12.192 ; 12.192 ; 10.108 ;
; ADDR[5]    ; VALUE[3]    ; 11.464 ; 13.430 ; 13.430 ; 11.464 ;
; ADDR[5]    ; VALUE[4]    ; 13.298 ; 13.298 ; 13.298 ; 13.298 ;
; ADDR[5]    ; VALUE[5]    ; 11.639 ; 12.524 ; 12.524 ; 11.639 ;
; MODE[0]    ; MODE_L0     ; 4.635  ;        ;        ; 4.635  ;
; MODE[1]    ; MODE_L1     ; 4.985  ;        ;        ; 4.985  ;
; NUMMODE    ; NUMMODE_L   ; 6.324  ;        ;        ; 6.324  ;
; NUMMODE    ; SEG_1[0]    ; 6.444  ; 6.444  ; 6.444  ; 6.444  ;
; NUMMODE    ; SEG_1[1]    ; 6.420  ;        ;        ; 6.420  ;
; NUMMODE    ; SEG_1[2]    ; 6.443  ; 6.443  ; 6.443  ; 6.443  ;
; NUMMODE    ; SEG_1[3]    ; 6.455  ; 6.455  ; 6.455  ; 6.455  ;
; NUMMODE    ; SEG_1[4]    ; 6.470  ; 6.470  ; 6.470  ; 6.470  ;
; NUMMODE    ; SEG_1[5]    ;        ; 6.489  ; 6.489  ;        ;
; NUMMODE    ; SEG_1[6]    ;        ; 6.400  ; 6.400  ;        ;
; NUMMODE    ; SEG_2[0]    ; 7.074  ; 6.873  ; 6.873  ; 7.074  ;
; NUMMODE    ; SEG_2[1]    ; 9.690  ; 9.690  ; 9.690  ; 9.690  ;
; NUMMODE    ; SEG_2[2]    ; 7.113  ; 7.113  ; 7.113  ; 7.113  ;
; NUMMODE    ; SEG_2[3]    ; 9.768  ; 9.768  ; 9.768  ; 9.768  ;
; NUMMODE    ; SEG_2[4]    ; 7.481  ; 7.481  ; 7.481  ; 7.481  ;
; NUMMODE    ; SEG_2[5]    ; 8.772  ; 7.436  ; 7.436  ; 8.772  ;
; NUMMODE    ; SEG_2[6]    ; 7.449  ; 7.449  ; 7.449  ; 7.449  ;
+------------+-------------+--------+--------+--------+--------+


+----------------------------------------------------------+
; Minimum Progagation Delay                                ;
+------------+-------------+-------+-------+-------+-------+
; Input Port ; Output Port ; RR    ; RF    ; FR    ; FF    ;
+------------+-------------+-------+-------+-------+-------+
; ADDR[0]    ; ADDR_L0     ; 2.611 ;       ;       ; 2.611 ;
; ADDR[0]    ; SEG_1[0]    ; 5.205 ; 5.205 ; 5.205 ; 5.205 ;
; ADDR[0]    ; SEG_1[1]    ; 5.182 ; 5.182 ; 5.182 ; 5.182 ;
; ADDR[0]    ; SEG_1[2]    ; 5.175 ; 5.175 ; 5.175 ; 5.175 ;
; ADDR[0]    ; SEG_1[3]    ; 5.188 ; 5.188 ; 5.188 ; 5.188 ;
; ADDR[0]    ; SEG_1[4]    ; 5.202 ; 5.202 ; 5.202 ; 5.202 ;
; ADDR[0]    ; SEG_1[5]    ; 5.221 ; 5.221 ; 5.221 ; 5.221 ;
; ADDR[0]    ; SEG_1[6]    ; 5.218 ; 5.218 ; 5.218 ; 5.218 ;
; ADDR[0]    ; SEG_2[0]    ; 5.430 ; 5.430 ; 5.430 ; 5.430 ;
; ADDR[0]    ; SEG_2[1]    ; 5.135 ; 5.135 ; 5.135 ; 5.135 ;
; ADDR[0]    ; SEG_2[2]    ; 5.486 ; 5.486 ; 5.486 ; 5.486 ;
; ADDR[0]    ; SEG_2[3]    ; 5.649 ; 5.649 ; 5.649 ; 5.649 ;
; ADDR[0]    ; SEG_2[4]    ; 5.666 ; 5.666 ; 5.666 ; 5.666 ;
; ADDR[0]    ; SEG_2[5]    ; 5.454 ; 5.454 ; 5.454 ; 5.454 ;
; ADDR[0]    ; SEG_2[6]    ; 5.597 ; 5.597 ; 5.597 ; 5.597 ;
; ADDR[0]    ; VALUE[0]    ; 4.289 ; 4.253 ; 4.253 ; 4.289 ;
; ADDR[0]    ; VALUE[1]    ; 4.338 ; 4.338 ; 4.338 ; 4.338 ;
; ADDR[0]    ; VALUE[2]    ; 4.411 ; 4.411 ; 4.411 ; 4.411 ;
; ADDR[0]    ; VALUE[3]    ; 4.597 ; 4.694 ; 4.694 ; 4.597 ;
; ADDR[0]    ; VALUE[4]    ; 5.182 ; 5.182 ; 5.182 ; 5.182 ;
; ADDR[0]    ; VALUE[5]    ; 5.064 ; 5.064 ; 5.064 ; 5.064 ;
; ADDR[1]    ; ADDR_L1     ; 2.866 ;       ;       ; 2.866 ;
; ADDR[1]    ; SEG_1[0]    ; 5.420 ; 5.420 ; 5.420 ; 5.420 ;
; ADDR[1]    ; SEG_1[1]    ; 5.397 ; 5.397 ; 5.397 ; 5.397 ;
; ADDR[1]    ; SEG_1[2]    ; 5.390 ; 5.390 ; 5.390 ; 5.390 ;
; ADDR[1]    ; SEG_1[3]    ; 5.403 ; 5.403 ; 5.403 ; 5.403 ;
; ADDR[1]    ; SEG_1[4]    ; 5.417 ; 5.417 ; 5.417 ; 5.417 ;
; ADDR[1]    ; SEG_1[5]    ; 5.436 ; 5.436 ; 5.436 ; 5.436 ;
; ADDR[1]    ; SEG_1[6]    ; 5.433 ; 5.433 ; 5.433 ; 5.433 ;
; ADDR[1]    ; SEG_2[0]    ; 5.770 ; 5.770 ; 5.770 ; 5.770 ;
; ADDR[1]    ; SEG_2[1]    ; 5.418 ; 5.418 ; 5.418 ; 5.418 ;
; ADDR[1]    ; SEG_2[2]    ; 5.789 ; 5.789 ; 5.789 ; 5.789 ;
; ADDR[1]    ; SEG_2[3]    ; 6.018 ; 6.018 ; 6.018 ; 6.018 ;
; ADDR[1]    ; SEG_2[4]    ; 5.932 ; 5.932 ; 5.932 ; 5.932 ;
; ADDR[1]    ; SEG_2[5]    ; 5.936 ; 5.936 ; 5.936 ; 5.936 ;
; ADDR[1]    ; SEG_2[6]    ; 5.934 ; 5.934 ; 5.934 ; 5.934 ;
; ADDR[1]    ; VALUE[0]    ; 4.373 ; 4.373 ; 4.373 ; 4.373 ;
; ADDR[1]    ; VALUE[1]    ; 4.482 ; 4.482 ; 4.482 ; 4.482 ;
; ADDR[1]    ; VALUE[2]    ; 4.563 ; 4.563 ; 4.563 ; 4.563 ;
; ADDR[1]    ; VALUE[3]    ; 4.823 ; 4.823 ; 4.823 ; 4.823 ;
; ADDR[1]    ; VALUE[4]    ; 5.813 ; 5.813 ; 5.813 ; 5.813 ;
; ADDR[1]    ; VALUE[5]    ; 5.279 ; 5.279 ; 5.279 ; 5.279 ;
; ADDR[2]    ; ADDR_L2     ; 2.626 ;       ;       ; 2.626 ;
; ADDR[2]    ; SEG_1[0]    ; 4.892 ; 4.892 ; 4.892 ; 4.892 ;
; ADDR[2]    ; SEG_1[1]    ; 5.017 ; 4.869 ; 4.869 ; 5.017 ;
; ADDR[2]    ; SEG_1[2]    ; 4.862 ; 4.862 ; 4.862 ; 4.862 ;
; ADDR[2]    ; SEG_1[3]    ; 4.875 ; 4.875 ; 4.875 ; 4.875 ;
; ADDR[2]    ; SEG_1[4]    ; 5.037 ; 4.889 ; 4.889 ; 5.037 ;
; ADDR[2]    ; SEG_1[5]    ; 4.908 ; 4.908 ; 4.908 ; 4.908 ;
; ADDR[2]    ; SEG_1[6]    ; 4.905 ; 5.053 ; 5.053 ; 4.905 ;
; ADDR[2]    ; SEG_2[0]    ; 5.465 ; 5.465 ; 5.465 ; 5.465 ;
; ADDR[2]    ; SEG_2[1]    ; 4.954 ; 4.954 ; 4.954 ; 4.954 ;
; ADDR[2]    ; SEG_2[2]    ; 5.443 ; 5.443 ; 5.443 ; 5.443 ;
; ADDR[2]    ; SEG_2[3]    ; 5.662 ; 5.662 ; 5.662 ; 5.662 ;
; ADDR[2]    ; SEG_2[4]    ; 5.701 ; 5.701 ; 5.701 ; 5.701 ;
; ADDR[2]    ; SEG_2[5]    ; 5.489 ; 5.489 ; 5.489 ; 5.489 ;
; ADDR[2]    ; SEG_2[6]    ; 5.632 ; 5.632 ; 5.632 ; 5.632 ;
; ADDR[2]    ; VALUE[0]    ; 4.112 ; 4.112 ; 4.112 ; 4.112 ;
; ADDR[2]    ; VALUE[1]    ; 4.196 ; 3.938 ; 3.938 ; 4.196 ;
; ADDR[2]    ; VALUE[2]    ; 4.207 ; 4.207 ; 4.207 ; 4.207 ;
; ADDR[2]    ; VALUE[3]    ; 4.675 ; 4.652 ; 4.652 ; 4.675 ;
; ADDR[2]    ; VALUE[4]    ; 5.217 ; 5.217 ; 5.217 ; 5.217 ;
; ADDR[2]    ; VALUE[5]    ; 4.899 ; 4.751 ; 4.751 ; 4.899 ;
; ADDR[3]    ; ADDR_L3     ; 2.970 ;       ;       ; 2.970 ;
; ADDR[3]    ; SEG_1[0]    ; 5.028 ; 5.028 ; 5.028 ; 5.028 ;
; ADDR[3]    ; SEG_1[1]    ; 5.007 ; 5.251 ; 5.251 ; 5.007 ;
; ADDR[3]    ; SEG_1[2]    ; 4.995 ; 4.995 ; 4.995 ; 4.995 ;
; ADDR[3]    ; SEG_1[3]    ; 5.012 ; 5.012 ; 5.012 ; 5.012 ;
; ADDR[3]    ; SEG_1[4]    ; 5.022 ; 5.022 ; 5.022 ; 5.022 ;
; ADDR[3]    ; SEG_1[5]    ; 5.040 ; 5.040 ; 5.040 ; 5.040 ;
; ADDR[3]    ; SEG_1[6]    ; 5.287 ; 5.043 ; 5.043 ; 5.287 ;
; ADDR[3]    ; SEG_2[0]    ; 5.350 ; 5.350 ; 5.350 ; 5.350 ;
; ADDR[3]    ; SEG_2[1]    ; 4.998 ; 4.998 ; 4.998 ; 4.998 ;
; ADDR[3]    ; SEG_2[2]    ; 5.369 ; 5.369 ; 5.369 ; 5.369 ;
; ADDR[3]    ; SEG_2[3]    ; 5.710 ; 5.710 ; 5.710 ; 5.710 ;
; ADDR[3]    ; SEG_2[4]    ; 5.512 ; 5.512 ; 5.512 ; 5.512 ;
; ADDR[3]    ; SEG_2[5]    ; 5.516 ; 5.516 ; 5.516 ; 5.516 ;
; ADDR[3]    ; SEG_2[6]    ; 5.514 ; 5.514 ; 5.514 ; 5.514 ;
; ADDR[3]    ; VALUE[0]    ; 4.144 ; 4.239 ; 4.239 ; 4.144 ;
; ADDR[3]    ; VALUE[1]    ; 4.345 ; 4.493 ; 4.493 ; 4.345 ;
; ADDR[3]    ; VALUE[2]    ; 4.423 ; 4.693 ; 4.693 ; 4.423 ;
; ADDR[3]    ; VALUE[3]    ; 4.403 ; 4.647 ; 4.647 ; 4.403 ;
; ADDR[3]    ; VALUE[4]    ; 5.316 ; 5.434 ; 5.434 ; 5.316 ;
; ADDR[3]    ; VALUE[5]    ; 5.117 ; 5.306 ; 5.306 ; 5.117 ;
; ADDR[4]    ; ADDR_L4     ; 2.565 ;       ;       ; 2.565 ;
; ADDR[4]    ; SEG_1[0]    ; 4.984 ; 4.984 ; 4.984 ; 4.984 ;
; ADDR[4]    ; SEG_1[1]    ; 4.961 ; 4.961 ; 4.961 ; 4.961 ;
; ADDR[4]    ; SEG_1[2]    ; 4.954 ; 4.954 ; 4.954 ; 4.954 ;
; ADDR[4]    ; SEG_1[3]    ; 4.967 ; 4.967 ; 4.967 ; 4.967 ;
; ADDR[4]    ; SEG_1[4]    ; 4.981 ; 4.981 ; 4.981 ; 4.981 ;
; ADDR[4]    ; SEG_1[5]    ; 5.000 ; 5.000 ; 5.000 ; 5.000 ;
; ADDR[4]    ; SEG_1[6]    ; 4.997 ; 4.997 ; 4.997 ; 4.997 ;
; ADDR[4]    ; SEG_2[0]    ; 5.523 ; 5.523 ; 5.523 ; 5.523 ;
; ADDR[4]    ; SEG_2[1]    ; 5.117 ; 5.117 ; 5.117 ; 5.117 ;
; ADDR[4]    ; SEG_2[2]    ; 5.418 ; 5.418 ; 5.418 ; 5.418 ;
; ADDR[4]    ; SEG_2[3]    ; 5.637 ; 5.637 ; 5.637 ; 5.637 ;
; ADDR[4]    ; SEG_2[4]    ; 5.685 ; 5.685 ; 5.685 ; 5.685 ;
; ADDR[4]    ; SEG_2[5]    ; 5.599 ; 5.599 ; 5.599 ; 5.599 ;
; ADDR[4]    ; SEG_2[6]    ; 5.687 ; 5.687 ; 5.687 ; 5.687 ;
; ADDR[4]    ; VALUE[0]    ; 4.291 ; 4.487 ; 4.487 ; 4.291 ;
; ADDR[4]    ; VALUE[1]    ; 4.241 ; 4.101 ; 4.101 ; 4.241 ;
; ADDR[4]    ; VALUE[2]    ; 4.182 ; 4.258 ; 4.258 ; 4.182 ;
; ADDR[4]    ; VALUE[3]    ; 4.729 ; 4.576 ; 4.576 ; 4.729 ;
; ADDR[4]    ; VALUE[4]    ; 5.494 ; 5.327 ; 5.327 ; 5.494 ;
; ADDR[4]    ; VALUE[5]    ; 4.843 ; 4.843 ; 4.843 ; 4.843 ;
; ADDR[5]    ; ADDR_L5     ; 3.260 ;       ;       ; 3.260 ;
; ADDR[5]    ; SEG_1[0]    ; 4.763 ; 4.763 ; 4.763 ; 4.763 ;
; ADDR[5]    ; SEG_1[1]    ; 5.229 ; 4.762 ; 4.762 ; 5.229 ;
; ADDR[5]    ; SEG_1[2]    ; 4.731 ; 4.731 ; 4.731 ; 4.731 ;
; ADDR[5]    ; SEG_1[3]    ; 4.743 ; 4.743 ; 4.743 ; 4.743 ;
; ADDR[5]    ; SEG_1[4]    ; 4.755 ; 4.755 ; 4.755 ; 4.755 ;
; ADDR[5]    ; SEG_1[5]    ; 4.776 ; 4.776 ; 4.776 ; 4.776 ;
; ADDR[5]    ; SEG_1[6]    ; 4.780 ; 5.265 ; 5.265 ; 4.780 ;
; ADDR[5]    ; SEG_2[0]    ; 4.965 ; 4.965 ; 4.965 ; 4.965 ;
; ADDR[5]    ; SEG_2[1]    ; 4.670 ; 4.670 ; 4.670 ; 4.670 ;
; ADDR[5]    ; SEG_2[2]    ; 5.021 ; 5.021 ; 5.021 ; 5.021 ;
; ADDR[5]    ; SEG_2[3]    ; 5.184 ; 5.184 ; 5.184 ; 5.184 ;
; ADDR[5]    ; SEG_2[4]    ; 5.201 ; 5.201 ; 5.201 ; 5.201 ;
; ADDR[5]    ; SEG_2[5]    ; 4.989 ; 4.989 ; 4.989 ; 4.989 ;
; ADDR[5]    ; SEG_2[6]    ; 5.132 ; 5.132 ; 5.132 ; 5.132 ;
; ADDR[5]    ; VALUE[0]    ; 4.596 ; 4.596 ; 4.596 ; 4.596 ;
; ADDR[5]    ; VALUE[1]    ; 4.355 ; 4.355 ; 4.355 ; 4.355 ;
; ADDR[5]    ; VALUE[2]    ; 4.275 ; 4.275 ; 4.275 ; 4.275 ;
; ADDR[5]    ; VALUE[3]    ; 4.756 ; 4.756 ; 4.756 ; 4.756 ;
; ADDR[5]    ; VALUE[4]    ; 5.490 ; 4.717 ; 4.717 ; 5.490 ;
; ADDR[5]    ; VALUE[5]    ; 5.111 ; 5.111 ; 5.111 ; 5.111 ;
; MODE[0]    ; MODE_L0     ; 2.289 ;       ;       ; 2.289 ;
; MODE[1]    ; MODE_L1     ; 2.428 ;       ;       ; 2.428 ;
; NUMMODE    ; NUMMODE_L   ; 3.021 ;       ;       ; 3.021 ;
; NUMMODE    ; SEG_1[0]    ; 3.042 ; 3.042 ; 3.042 ; 3.042 ;
; NUMMODE    ; SEG_1[1]    ; 3.025 ;       ;       ; 3.025 ;
; NUMMODE    ; SEG_1[2]    ; 3.010 ; 3.010 ; 3.010 ; 3.010 ;
; NUMMODE    ; SEG_1[3]    ; 3.024 ; 3.024 ; 3.024 ; 3.024 ;
; NUMMODE    ; SEG_1[4]    ; 3.037 ; 3.037 ; 3.037 ; 3.037 ;
; NUMMODE    ; SEG_1[5]    ;       ; 3.055 ; 3.055 ;       ;
; NUMMODE    ; SEG_1[6]    ;       ; 3.062 ; 3.062 ;       ;
; NUMMODE    ; SEG_2[0]    ; 3.149 ; 3.149 ; 3.149 ; 3.149 ;
; NUMMODE    ; SEG_2[1]    ; 4.368 ; 4.368 ; 4.368 ; 4.368 ;
; NUMMODE    ; SEG_2[2]    ; 3.246 ; 3.246 ; 3.246 ; 3.246 ;
; NUMMODE    ; SEG_2[3]    ; 4.337 ; 4.337 ; 4.337 ; 4.337 ;
; NUMMODE    ; SEG_2[4]    ; 3.389 ; 3.389 ; 3.389 ; 3.389 ;
; NUMMODE    ; SEG_2[5]    ; 3.389 ; 3.389 ; 3.389 ; 3.389 ;
; NUMMODE    ; SEG_2[6]    ; 3.319 ; 3.319 ; 3.319 ; 3.319 ;
+------------+-------------+-------+-------+-------+-------+


-------------------
; Clock Transfers ;
-------------------
Nothing to report.


---------------
; Report TCCS ;
---------------
No dedicated SERDES Transmitter circuitry present in device or used in design


---------------
; Report RSKM ;
---------------
No dedicated SERDES Receiver circuitry present in device or used in design


+------------------------------------------------+
; Unconstrained Paths                            ;
+---------------------------------+-------+------+
; Property                        ; Setup ; Hold ;
+---------------------------------+-------+------+
; Illegal Clocks                  ; 0     ; 0    ;
; Unconstrained Clocks            ; 1     ; 1    ;
; Unconstrained Input Ports       ; 11    ; 11   ;
; Unconstrained Input Port Paths  ; 887   ; 887  ;
; Unconstrained Output Ports      ; 37    ; 37   ;
; Unconstrained Output Port Paths ; 4841  ; 4841 ;
+---------------------------------+-------+------+


+------------------------------------+
; TimeQuest Timing Analyzer Messages ;
+------------------------------------+
Info: *******************************************************************
Info: Running Quartus II 64-Bit TimeQuest Timing Analyzer
    Info: Version 13.0.0 Build 156 04/24/2013 SJ Web Edition
    Info: Processing started: Mon Nov 06 14:57:12 2017
Info: Command: quartus_sta g08_lab3 -c g08_lab3
Info: qsta_default_script.tcl version: #1
Info (11104): Parallel Compilation has detected 4 hyper-threaded processors. However, the extra hyper-threaded processors will not be used by default. Parallel Compilation will use 2 of the 2 physical processors detected instead.
Info (21077): Low junction temperature is 0 degrees C
Info (21077): High junction temperature is 85 degrees C
Info (332164): Evaluating HDL-embedded SDC commands
    Info (332165): Entity sld_jtag_hub
        Info (332166): create_clock -name altera_reserved_tck [get_ports {altera_reserved_tck}] -period 10MHz   
        Info (332166): set_clock_groups -asynchronous -group {altera_reserved_tck}
Critical Warning (332012): Synopsys Design Constraints File file not found: 'g08_lab3.sdc'. A Synopsys Design Constraints File is required by the TimeQuest Timing Analyzer to get proper timing constraints. Without it, the Compiler will not properly optimize the design.
Warning (332060): Node: CLK was determined to be a clock but was found without an associated clock assignment.
Info: Found TIMEQUEST_REPORT_SCRIPT_INCLUDE_DEFAULT_ANALYSIS = ON
Info: Analyzing Slow Model
Info (332140): No fmax paths to report
Info (332140): No Setup paths to report
Info (332140): No Hold paths to report
Info (332140): No Recovery paths to report
Info (332140): No Removal paths to report
Info (332146): Worst-case minimum pulse width slack is 97.531
    Info (332119):     Slack End Point TNS Clock 
    Info (332119): ========= ============= =====================
    Info (332119):    97.531         0.000 altera_reserved_tck 
Info (332001): The selected device family is not supported by the report_metastability command.
Info: Analyzing Fast Model
Warning (332060): Node: CLK was determined to be a clock but was found without an associated clock assignment.
Info (332140): No Setup paths to report
Info (332140): No Hold paths to report
Info (332140): No Recovery paths to report
Info (332140): No Removal paths to report
Info (332146): Worst-case minimum pulse width slack is 97.778
    Info (332119):     Slack End Point TNS Clock 
    Info (332119): ========= ============= =====================
    Info (332119):    97.778         0.000 altera_reserved_tck 
Info (332001): The selected device family is not supported by the report_metastability command.
Info (332102): Design is not fully constrained for setup requirements
Info (332102): Design is not fully constrained for hold requirements
Info: Quartus II 64-Bit TimeQuest Timing Analyzer was successful. 0 errors, 3 warnings
    Info: Peak virtual memory: 490 megabytes
    Info: Processing ended: Mon Nov 06 14:57:16 2017
    Info: Elapsed time: 00:00:04
    Info: Total CPU time (on all processors): 00:00:04


