------------------------------------------------------------
TimeQuest Timing Analyzer Summary
------------------------------------------------------------

Type  : Slow Model Setup 'CLK'
Slack : -6.770
TNS   : -2740.294

Type  : Slow Model Hold 'CLK'
Slack : 0.445
TNS   : 0.000

Type  : Slow Model Recovery 'CLK'
Slack : -6.006
TNS   : -1873.872

Type  : Slow Model Removal 'CLK'
Slack : 3.952
TNS   : 0.000

Type  : Slow Model Minimum Pulse Width 'CLK'
Slack : -2.064
TNS   : -985.393

Type  : Slow Model Minimum Pulse Width 'altera_reserved_tck'
Slack : 97.531
TNS   : 0.000

Type  : Fast Model Setup 'CLK'
Slack : -2.679
TNS   : -954.684

Type  : Fast Model Hold 'CLK'
Slack : 0.215
TNS   : 0.000

Type  : Fast Model Recovery 'CLK'
Slack : -2.222
TNS   : -693.264

Type  : Fast Model Removal 'CLK'
Slack : 2.090
TNS   : 0.000

Type  : Fast Model Minimum Pulse Width 'CLK'
Slack : -1.880
TNS   : -825.572

Type  : Fast Model Minimum Pulse Width 'altera_reserved_tck'
Slack : 97.778
TNS   : 0.000

------------------------------------------------------------
