------------------------------------------------------------
TimeQuest Timing Analyzer Summary
------------------------------------------------------------

Type  : Slow Model Setup 'clk'
Slack : -12.533
TNS   : -8025.444

Type  : Slow Model Hold 'clk'
Slack : 0.445
TNS   : 0.000

Type  : Slow Model Recovery 'clk'
Slack : -5.165
TNS   : -100.305

Type  : Slow Model Removal 'clk'
Slack : 2.834
TNS   : 0.000

Type  : Slow Model Minimum Pulse Width 'clk'
Slack : -2.064
TNS   : -4964.345

Type  : Slow Model Minimum Pulse Width 'altera_reserved_tck'
Slack : 97.531
TNS   : 0.000

Type  : Fast Model Setup 'clk'
Slack : -3.886
TNS   : -2339.273

Type  : Fast Model Hold 'clk'
Slack : 0.215
TNS   : 0.000

Type  : Fast Model Recovery 'clk'
Slack : -1.411
TNS   : -26.542

Type  : Fast Model Removal 'clk'
Slack : 1.193
TNS   : 0.000

Type  : Fast Model Minimum Pulse Width 'clk'
Slack : -1.880
TNS   : -4327.252

Type  : Fast Model Minimum Pulse Width 'altera_reserved_tck'
Slack : 97.778
TNS   : 0.000

------------------------------------------------------------
